Archive member included to satisfy reference by file (symbol)

/usr/lib/x86_64-linux-gnu/libc_nonshared.a(elf-init.oS)
                              /usr/lib/gcc/x86_64-linux-gnu/8/../../../x86_64-linux-gnu/Scrt1.o (__libc_csu_init)

As-needed library included to satisfy reference by file (symbol)

libc.so.6                     build/debug_x86/hardware/source/x86/x86.o (__printf_chk@@GLIBC_2.3.4)

Discarded input sections

 .rodata.cst4   0x0000000000000000        0x4 /usr/lib/gcc/x86_64-linux-gnu/8/../../../x86_64-linux-gnu/Scrt1.o
 .data          0x0000000000000000        0x4 /usr/lib/gcc/x86_64-linux-gnu/8/../../../x86_64-linux-gnu/Scrt1.o
 .bss           0x0000000000000000        0x0 /usr/lib/gcc/x86_64-linux-gnu/8/../../../x86_64-linux-gnu/Scrt1.o
 .note.GNU-stack
                0x0000000000000000        0x0 /usr/lib/gcc/x86_64-linux-gnu/8/../../../x86_64-linux-gnu/Scrt1.o
 .text          0x0000000000000000        0x0 /usr/lib/gcc/x86_64-linux-gnu/8/../../../x86_64-linux-gnu/crti.o
 .data          0x0000000000000000        0x0 /usr/lib/gcc/x86_64-linux-gnu/8/../../../x86_64-linux-gnu/crti.o
 .bss           0x0000000000000000        0x0 /usr/lib/gcc/x86_64-linux-gnu/8/../../../x86_64-linux-gnu/crti.o
 .note.GNU-stack
                0x0000000000000000        0x0 /usr/lib/gcc/x86_64-linux-gnu/8/../../../x86_64-linux-gnu/crti.o
 .data          0x0000000000000000        0x0 /usr/lib/gcc/x86_64-linux-gnu/8/crtbeginS.o
 .note.GNU-stack
                0x0000000000000000        0x0 /usr/lib/gcc/x86_64-linux-gnu/8/crtbeginS.o
 .group         0x0000000000000000        0xc build/debug_x86/source/main.o
 .group         0x0000000000000000        0xc build/debug_x86/source/main.o
 .group         0x0000000000000000        0xc build/debug_x86/source/main.o
 .group         0x0000000000000000        0xc build/debug_x86/source/main.o
 .group         0x0000000000000000        0xc build/debug_x86/source/main.o
 .group         0x0000000000000000        0xc build/debug_x86/source/main.o
 .group         0x0000000000000000        0xc build/debug_x86/source/main.o
 .group         0x0000000000000000        0xc build/debug_x86/source/main.o
 .group         0x0000000000000000        0xc build/debug_x86/source/main.o
 .group         0x0000000000000000        0xc build/debug_x86/source/main.o
 .group         0x0000000000000000        0xc build/debug_x86/source/main.o
 .group         0x0000000000000000        0xc build/debug_x86/source/main.o
 .group         0x0000000000000000        0xc build/debug_x86/source/main.o
 .text          0x0000000000000000        0x0 build/debug_x86/source/main.o
 .data          0x0000000000000000        0x0 build/debug_x86/source/main.o
 .bss           0x0000000000000000        0x0 build/debug_x86/source/main.o
 .note.GNU-stack
                0x0000000000000000        0x0 build/debug_x86/source/main.o
 .group         0x0000000000000000        0xc build/debug_x86/hardware/source/x86/x86.o
 .group         0x0000000000000000        0xc build/debug_x86/hardware/source/x86/x86.o
 .group         0x0000000000000000        0xc build/debug_x86/hardware/source/x86/x86.o
 .group         0x0000000000000000        0xc build/debug_x86/hardware/source/x86/x86.o
 .group         0x0000000000000000        0xc build/debug_x86/hardware/source/x86/x86.o
 .group         0x0000000000000000        0xc build/debug_x86/hardware/source/x86/x86.o
 .group         0x0000000000000000        0xc build/debug_x86/hardware/source/x86/x86.o
 .group         0x0000000000000000        0xc build/debug_x86/hardware/source/x86/x86.o
 .group         0x0000000000000000        0xc build/debug_x86/hardware/source/x86/x86.o
 .group         0x0000000000000000        0xc build/debug_x86/hardware/source/x86/x86.o
 .group         0x0000000000000000        0xc build/debug_x86/hardware/source/x86/x86.o
 .group         0x0000000000000000        0xc build/debug_x86/hardware/source/x86/x86.o
 .group         0x0000000000000000        0xc build/debug_x86/hardware/source/x86/x86.o
 .group         0x0000000000000000        0xc build/debug_x86/hardware/source/x86/x86.o
 .group         0x0000000000000000        0xc build/debug_x86/hardware/source/x86/x86.o
 .group         0x0000000000000000        0xc build/debug_x86/hardware/source/x86/x86.o
 .group         0x0000000000000000        0xc build/debug_x86/hardware/source/x86/x86.o
 .group         0x0000000000000000        0xc build/debug_x86/hardware/source/x86/x86.o
 .group         0x0000000000000000        0xc build/debug_x86/hardware/source/x86/x86.o
 .group         0x0000000000000000        0xc build/debug_x86/hardware/source/x86/x86.o
 .group         0x0000000000000000        0xc build/debug_x86/hardware/source/x86/x86.o
 .group         0x0000000000000000        0xc build/debug_x86/hardware/source/x86/x86.o
 .group         0x0000000000000000        0xc build/debug_x86/hardware/source/x86/x86.o
 .group         0x0000000000000000        0xc build/debug_x86/hardware/source/x86/x86.o
[...]
Memory Configuration

Name             Origin             Length             Attributes
*default*        0x0000000000000000 0xffffffffffffffff

Linker script and memory map

LOAD /usr/lib/gcc/x86_64-linux-gnu/8/../../../x86_64-linux-gnu/Scrt1.o
LOAD /usr/lib/gcc/x86_64-linux-gnu/8/../../../x86_64-linux-gnu/crti.o
LOAD /usr/lib/gcc/x86_64-linux-gnu/8/crtbeginS.o
LOAD build/debug_x86/source/main.o
LOAD build/debug_x86/hardware/source/x86/x86.o
LOAD /usr/lib/gcc/x86_64-linux-gnu/8/../../../x86_64-linux-gnu/libm.so
START GROUP
LOAD /lib/x86_64-linux-gnu/libm.so.6
LOAD /usr/lib/x86_64-linux-gnu/libmvec_nonshared.a
LOAD /lib/x86_64-linux-gnu/libmvec.so.1
END GROUP
LOAD /usr/lib/gcc/x86_64-linux-gnu/8/libgcc.a
LOAD /usr/lib/gcc/x86_64-linux-gnu/8/libgcc_s.so
START GROUP
LOAD /lib/x86_64-linux-gnu/libgcc_s.so.1
LOAD /usr/lib/gcc/x86_64-linux-gnu/8/libgcc.a
END GROUP
LOAD /usr/lib/gcc/x86_64-linux-gnu/8/../../../x86_64-linux-gnu/libc.so
START GROUP
LOAD /lib/x86_64-linux-gnu/libc.so.6
LOAD /usr/lib/x86_64-linux-gnu/libc_nonshared.a
LOAD /lib/x86_64-linux-gnu/ld-linux-x86-64.so.2
END GROUP
LOAD /usr/lib/gcc/x86_64-linux-gnu/8/libgcc.a
LOAD /usr/lib/gcc/x86_64-linux-gnu/8/libgcc_s.so
START GROUP
LOAD /lib/x86_64-linux-gnu/libgcc_s.so.1
LOAD /usr/lib/gcc/x86_64-linux-gnu/8/libgcc.a
END GROUP
LOAD /usr/lib/gcc/x86_64-linux-gnu/8/crtendS.o
LOAD /usr/lib/gcc/x86_64-linux-gnu/8/../../../x86_64-linux-gnu/crtn.o
                [!provide]                        PROVIDE (__executable_start = SEGMENT_START ("text-segment", 0x0))
                0x0000000000000238                . = (SEGMENT_START ("text-segment", 0x0) + SIZEOF_HEADERS)

.interp         0x0000000000000238       0x1c
 *(.interp)
 .interp        0x0000000000000238       0x1c /usr/lib/gcc/x86_64-linux-gnu/8/../../../x86_64-linux-gnu/Scrt1.o

.note.ABI-tag   0x0000000000000254       0x20
 .note.ABI-tag  0x0000000000000254       0x20 /usr/lib/gcc/x86_64-linux-gnu/8/../../../x86_64-linux-gnu/Scrt1.o

.note.gnu.build-id
                0x0000000000000274       0x24
 *(.note.gnu.build-id)
 .note.gnu.build-id
                0x0000000000000274       0x24 /usr/lib/gcc/x86_64-linux-gnu/8/../../../x86_64-linux-gnu/Scrt1.o

.hash
 *(.hash)

.gnu.hash       0x0000000000000298       0x1c
 *(.gnu.hash)
 .gnu.hash      0x0000000000000298       0x1c /usr/lib/gcc/x86_64-linux-gnu/8/../../../x86_64-linux-gnu/Scrt1.o

.dynsym         0x00000000000002b8       0xd8
 *(.dynsym)
 .dynsym        0x00000000000002b8       0xd8 /usr/lib/gcc/x86_64-linux-gnu/8/../../../x86_64-linux-gnu/Scrt1.o

.dynstr         0x0000000000000390       0xca
 *(.dynstr)
 .dynstr        0x0000000000000390       0xca /usr/lib/gcc/x86_64-linux-gnu/8/../../../x86_64-linux-gnu/Scrt1.o

.gnu.version    0x000000000000045a       0x12
 *(.gnu.version)
 .gnu.version   0x000000000000045a       0x12 /usr/lib/gcc/x86_64-linux-gnu/8/../../../x86_64-linux-gnu/Scrt1.o

.gnu.version_d  0x0000000000000470        0x0
 *(.gnu.version_d)
 .gnu.version_d
                0x0000000000000470        0x0 /usr/lib/gcc/x86_64-linux-gnu/8/../../../x86_64-linux-gnu/Scrt1.o

.gnu.version_r  0x0000000000000470       0x50
 *(.gnu.version_r)
 .gnu.version_r
                0x0000000000000470       0x50 /usr/lib/gcc/x86_64-linux-gnu/8/../../../x86_64-linux-gnu/Scrt1.o

.rela.dyn       0x00000000000004c0       0xc0
 *(.rela.init)
 *(.rela.text .rela.text.* .rela.gnu.linkonce.t.*)
 .rela.text     0x00000000000004c0        0x0 /usr/lib/gcc/x86_64-linux-gnu/8/../../../x86_64-linux-gnu/Scrt1.o
 *(.rela.fini)
 *(.rela.rodata .rela.rodata.* .rela.gnu.linkonce.r.*)
 *(.rela.data .rela.data.* .rela.gnu.linkonce.d.*)
 .rela.data.rel.ro
                0x00000000000004c0        0x0 /usr/lib/gcc/x86_64-linux-gnu/8/../../../x86_64-linux-gnu/Scrt1.o
 .rela.data.rel.local
                0x00000000000004c0       0x18 /usr/lib/gcc/x86_64-linux-gnu/8/../../../x86_64-linux-gnu/Scrt1.o
 *(.rela.tdata .rela.tdata.* .rela.gnu.linkonce.td.*)
 *(.rela.tbss .rela.tbss.* .rela.gnu.linkonce.tb.*)
 *(.rela.ctors)
 *(.rela.dtors)
 *(.rela.got)
 .rela.got      0x00000000000004d8       0x78 /usr/lib/gcc/x86_64-linux-gnu/8/../../../x86_64-linux-gnu/Scrt1.o
 *(.rela.bss .rela.bss.* .rela.gnu.linkonce.b.*)
 .rela.bss      0x0000000000000550        0x0 /usr/lib/gcc/x86_64-linux-gnu/8/../../../x86_64-linux-gnu/Scrt1.o
 *(.rela.ldata .rela.ldata.* .rela.gnu.linkonce.l.*)
 *(.rela.lbss .rela.lbss.* .rela.gnu.linkonce.lb.*)
 *(.rela.lrodata .rela.lrodata.* .rela.gnu.linkonce.lr.*)
 *(.rela.ifunc)
 .rela.ifunc    0x0000000000000550        0x0 /usr/lib/gcc/x86_64-linux-gnu/8/../../../x86_64-linux-gnu/Scrt1.o
 .rela.fini_array
                0x0000000000000550       0x18 /usr/lib/gcc/x86_64-linux-gnu/8/../../../x86_64-linux-gnu/Scrt1.o
 .rela.init_array
                0x0000000000000568       0x18 /usr/lib/gcc/x86_64-linux-gnu/8/../../../x86_64-linux-gnu/Scrt1.o

.rela.plt       0x0000000000000580       0x48
 *(.rela.plt)
 .rela.plt      0x0000000000000580       0x48 /usr/lib/gcc/x86_64-linux-gnu/8/../../../x86_64-linux-gnu/Scrt1.o
                [!provide]                        PROVIDE (__rela_iplt_start = .)
 *(.rela.iplt)
                [!provide]                        PROVIDE (__rela_iplt_end = .)

.init           0x00000000000005c8       0x17
 *(SORT_NONE(.init))
 .init          0x00000000000005c8       0x12 /usr/lib/gcc/x86_64-linux-gnu/8/../../../x86_64-linux-gnu/crti.o
                0x00000000000005c8                _init
 .init          0x00000000000005da        0x5 /usr/lib/gcc/x86_64-linux-gnu/8/../../../x86_64-linux-gnu/crtn.o

.plt            0x00000000000005e0       0x40
 *(.plt)
 .plt           0x00000000000005e0       0x40 /usr/lib/gcc/x86_64-linux-gnu/8/../../../x86_64-linux-gnu/Scrt1.o
 *(.iplt)

.plt.got        0x0000000000000620        0x8
 *(.plt.got)
 .plt.got       0x0000000000000620        0x8 /usr/lib/gcc/x86_64-linux-gnu/8/../../../x86_64-linux-gnu/Scrt1.o

.plt.sec
 *(.plt.sec)

.text           0x0000000000000630      0x202
 *(.text.unlikely .text.*_unlikely .text.unlikely.*)
 *(.text.exit .text.exit.*)
 *(.text.startup .text.startup.*)
 *(.text.hot .text.hot.*)
 *(.text .stub .text.* .gnu.linkonce.t.*)
 .text          0x0000000000000630       0x2b /usr/lib/gcc/x86_64-linux-gnu/8/../../../x86_64-linux-gnu/Scrt1.o
                0x0000000000000630                _start
 *fill*         0x000000000000065b        0x5 
 .text          0x0000000000000660       0xb5 /usr/lib/gcc/x86_64-linux-gnu/8/crtbeginS.o
 .text.main     0x0000000000000715       0x1a build/debug_x86/source/main.o
                0x0000000000000715                main
 .text.initHardware
                0x000000000000072f        0x6 build/debug_x86/hardware/source/x86/x86.o
                0x000000000000072f                initHardware
 .text.ledToggle
                0x0000000000000735       0x1f build/debug_x86/hardware/source/x86/x86.o
                0x0000000000000735                ledToggle
 .text.delay_sec
                0x0000000000000754       0x5f build/debug_x86/hardware/source/x86/x86.o
                0x0000000000000754                delay_sec
 *fill*         0x00000000000007b3        0xd 
 .text          0x00000000000007c0       0x72 /usr/lib/x86_64-linux-gnu/libc_nonshared.a(elf-init.oS)
                0x00000000000007c0                __libc_csu_init
                0x0000000000000830                __libc_csu_fini
 *(.gnu.warning)

.fini           0x0000000000000834        0x9
 *(SORT_NONE(.fini))
 .fini          0x0000000000000834        0x4 /usr/lib/gcc/x86_64-linux-gnu/8/../../../x86_64-linux-gnu/crti.o
                0x0000000000000834                _fini
 .fini          0x0000000000000838        0x5 /usr/lib/gcc/x86_64-linux-gnu/8/../../../x86_64-linux-gnu/crtn.o
                [!provide]                        PROVIDE (__etext = .)
                [!provide]                        PROVIDE (_etext = .)
                [!provide]                        PROVIDE (etext = .)

.rodata         0x000000000000083d       0x13
 *(.rodata .rodata.* .gnu.linkonce.r.*)
 .rodata.ledToggle.str1.1
                0x000000000000083d       0x13 build/debug_x86/hardware/source/x86/x86.o

.rodata1
 *(.rodata1)

.eh_frame_hdr   0x0000000000000850       0x54
 *(.eh_frame_hdr)
 .eh_frame_hdr  0x0000000000000850       0x54 /usr/lib/gcc/x86_64-linux-gnu/8/../../../x86_64-linux-gnu/Scrt1.o
                0x0000000000000850                __GNU_EH_FRAME_HDR
 *(.eh_frame_entry .eh_frame_entry.*)

.eh_frame       0x00000000000008a8      0x150
 *(.eh_frame)
 .eh_frame      0x00000000000008a8       0x30 /usr/lib/gcc/x86_64-linux-gnu/8/../../../x86_64-linux-gnu/Scrt1.o
                                         0x2c (size before relaxing)
 *fill*         0x00000000000008d8        0x0 
 .eh_frame      0x00000000000008d8       0x40 /usr/lib/gcc/x86_64-linux-gnu/8/../../../x86_64-linux-gnu/Scrt1.o
 .eh_frame      0x0000000000000918       0x18 /usr/lib/gcc/x86_64-linux-gnu/8/../../../x86_64-linux-gnu/Scrt1.o
                                         0x30 (size before relaxing)
 .eh_frame      0x0000000000000930       0x18 build/debug_x86/source/main.o
                                         0x30 (size before relaxing)
 .eh_frame      0x0000000000000948       0x50 build/debug_x86/hardware/source/x86/x86.o
                                         0x90 (size before relaxing)
 .eh_frame      0x0000000000000998       0x5c /usr/lib/x86_64-linux-gnu/libc_nonshared.a(elf-init.oS)
                                         0x78 (size before relaxing)
 .eh_frame      0x00000000000009f4        0x4 /usr/lib/gcc/x86_64-linux-gnu/8/crtendS.o
 *(.eh_frame.*)

.gcc_except_table
 *(.gcc_except_table .gcc_except_table.*)

.gnu_extab
 *(.gnu_extab*)

.exception_ranges
 *(.exception_ranges .exception_ranges*)
                0x0000000000200da8                . = DATA_SEGMENT_ALIGN (CONSTANT (MAXPAGESIZE), CONSTANT (COMMONPAGESIZE))

.eh_frame
 *(.eh_frame)
 *(.eh_frame.*)

.gnu_extab
 *(.gnu_extab)

.gcc_except_table
 *(.gcc_except_table .gcc_except_table.*)

.exception_ranges
 *(.exception_ranges .exception_ranges*)

.tdata
 *(.tdata .tdata.* .gnu.linkonce.td.*)

.tbss
 *(.tbss .tbss.* .gnu.linkonce.tb.*)
 *(.tcommon)

.preinit_array  0x0000000000200da8        0x0
                [!provide]                        PROVIDE (__preinit_array_start = .)
 *(.preinit_array)
                [!provide]                        PROVIDE (__preinit_array_end = .)

.init_array     0x0000000000200da8        0x8
                0x0000000000200da8                PROVIDE (__init_array_start = .)
 *(SORT_BY_INIT_PRIORITY(.init_array.*) SORT_BY_INIT_PRIORITY(.ctors.*))
 *(.init_array EXCLUDE_FILE(*crtend?.o *crtend.o *crtbegin?.o *crtbegin.o) .ctors)
 .init_array    0x0000000000200da8        0x8 /usr/lib/gcc/x86_64-linux-gnu/8/crtbeginS.o
                0x0000000000200db0                PROVIDE (__init_array_end = .)

.fini_array     0x0000000000200db0        0x8
                [!provide]                        PROVIDE (__fini_array_start = .)
 *(SORT_BY_INIT_PRIORITY(.fini_array.*) SORT_BY_INIT_PRIORITY(.dtors.*))
 *(.fini_array EXCLUDE_FILE(*crtend?.o *crtend.o *crtbegin?.o *crtbegin.o) .dtors)
 .fini_array    0x0000000000200db0        0x8 /usr/lib/gcc/x86_64-linux-gnu/8/crtbeginS.o
                [!provide]                        PROVIDE (__fini_array_end = .)

.ctors
 *crtbegin.o(.ctors)
 *crtbegin?.o(.ctors)
 *(EXCLUDE_FILE(*crtend?.o *crtend.o) .ctors)
 *(SORT_BY_NAME(.ctors.*))
 *(.ctors)

.dtors
 *crtbegin.o(.dtors)
 *crtbegin?.o(.dtors)
 *(EXCLUDE_FILE(*crtend?.o *crtend.o) .dtors)
 *(SORT_BY_NAME(.dtors.*))
 *(.dtors)

.jcr
 *(.jcr)

.data.rel.ro    0x0000000000200db8        0x0
 *(.data.rel.ro.local* .gnu.linkonce.d.rel.ro.local.*)
 *(.data.rel.ro .data.rel.ro.* .gnu.linkonce.d.rel.ro.*)
 .data.rel.ro   0x0000000000200db8        0x0 /usr/lib/gcc/x86_64-linux-gnu/8/../../../x86_64-linux-gnu/Scrt1.o

.dynamic        0x0000000000200db8      0x1f0
 *(.dynamic)
 .dynamic       0x0000000000200db8      0x1f0 /usr/lib/gcc/x86_64-linux-gnu/8/../../../x86_64-linux-gnu/Scrt1.o
                0x0000000000200db8                _DYNAMIC

.got            0x0000000000200fa8       0x58
 *(.got.plt)
 .got.plt       0x0000000000200fa8       0x30 /usr/lib/gcc/x86_64-linux-gnu/8/../../../x86_64-linux-gnu/Scrt1.o
                0x0000000000200fa8                _GLOBAL_OFFSET_TABLE_
 *(.igot.plt)
 *(.got)
 .got           0x0000000000200fd8       0x28 /usr/lib/gcc/x86_64-linux-gnu/8/../../../x86_64-linux-gnu/Scrt1.o
 *(.igot)
                0x0000000000201000                . = DATA_SEGMENT_RELRO_END (., 0x0)

.data           0x0000000000201000        0x8
 *(.data .data.* .gnu.linkonce.d.*)
 .data.rel.local
                0x0000000000201000        0x8 /usr/lib/gcc/x86_64-linux-gnu/8/crtbeginS.o
                0x0000000000201000                __dso_handle

.tm_clone_table
                0x0000000000201008        0x0
 .tm_clone_table
                0x0000000000201008        0x0 /usr/lib/gcc/x86_64-linux-gnu/8/crtbeginS.o
 .tm_clone_table
                0x0000000000201008        0x0 /usr/lib/gcc/x86_64-linux-gnu/8/crtendS.o

.data1
 *(.data1)
                0x0000000000201008                _edata = .
                [!provide]                        PROVIDE (edata = .)
                0x0000000000201008                . = .
                0x0000000000201008                __bss_start = .

.bss            0x0000000000201008        0x8
 *(.dynbss)
 .dynbss        0x0000000000201008        0x0 /usr/lib/gcc/x86_64-linux-gnu/8/../../../x86_64-linux-gnu/Scrt1.o
 *(.bss .bss.* .gnu.linkonce.b.*)
 .bss           0x0000000000201008        0x1 /usr/lib/gcc/x86_64-linux-gnu/8/crtbeginS.o
 *(COMMON)
                0x0000000000201010                . = ALIGN ((. != 0x0)?0x8:0x1)
 *fill*         0x0000000000201009        0x7 

.lbss
 *(.dynlbss)
 *(.lbss .lbss.* .gnu.linkonce.lb.*)
 *(LARGE_COMMON)
                0x0000000000201010                . = ALIGN (0x8)
                0x0000000000201010                . = SEGMENT_START ("ldata-segment", .)

.lrodata
 *(.lrodata .lrodata.* .gnu.linkonce.lr.*)

.ldata          0x0000000000601010        0x0
 *(.ldata .ldata.* .gnu.linkonce.l.*)
                0x0000000000601010                . = ALIGN ((. != 0x0)?0x8:0x1)
                0x0000000000601010                . = ALIGN (0x8)
                0x0000000000601010                _end = .
                [!provide]                        PROVIDE (end = .)
                0x0000000000601010                . = DATA_SEGMENT_END (.)

.stab
 *(.stab)

.stabstr
 *(.stabstr)

.stab.excl
 *(.stab.excl)

.stab.exclstr
 *(.stab.exclstr)

.stab.index
 *(.stab.index)

.stab.indexstr
 *(.stab.indexstr)

.comment        0x0000000000000000       0x29
 *(.comment)
 .comment       0x0000000000000000       0x29 /usr/lib/gcc/x86_64-linux-gnu/8/crtbeginS.o
                                         0x2a (size before relaxing)
 .comment       0x0000000000000029       0x2a build/debug_x86/source/main.o
 .comment       0x0000000000000029       0x2a build/debug_x86/hardware/source/x86/x86.o
 .comment       0x0000000000000029       0x2a /usr/lib/gcc/x86_64-linux-gnu/8/crtendS.o

.debug
 *(.debug)

.line
 *(.line)

.debug_srcinfo
 *(.debug_srcinfo)

.debug_sfnames
 *(.debug_sfnames)

.debug_aranges  0x0000000000000000       0x90
 *(.debug_aranges)
 .debug_aranges
                0x0000000000000000       0x30 build/debug_x86/source/main.o
 .debug_aranges
                0x0000000000000030       0x60 build/debug_x86/hardware/source/x86/x86.o

.debug_pubnames
 *(.debug_pubnames)

.debug_info     0x0000000000000000      0x6fd
 *(.debug_info .gnu.linkonce.wi.*)
 .debug_info    0x0000000000000000       0xe1 build/debug_x86/source/main.o
 .debug_info    0x00000000000000e1      0x61c build/debug_x86/hardware/source/x86/x86.o

.debug_abbrev   0x0000000000000000      0x25b
 *(.debug_abbrev)
 .debug_abbrev  0x0000000000000000       0x80 build/debug_x86/source/main.o
 .debug_abbrev  0x0000000000000080      0x1db build/debug_x86/hardware/source/x86/x86.o

.debug_line     0x0000000000000000      0x63e
 *(.debug_line .debug_line.* .debug_line_end)
 .debug_line    0x0000000000000000      0x1f3 build/debug_x86/source/main.o
 .debug_line    0x00000000000001f3      0x44b build/debug_x86/hardware/source/x86/x86.o

.debug_frame
 *(.debug_frame)

.debug_str      0x0000000000000000     0x65e4
 *(.debug_str)
 .debug_str     0x0000000000000000     0x4615 build/debug_x86/source/main.o
                                       0x471b (size before relaxing)
 .debug_str     0x0000000000004615     0x1fcf build/debug_x86/hardware/source/x86/x86.o
                                       0x682e (size before relaxing)

.debug_loc      0x0000000000000000       0xf9
 *(.debug_loc)
 .debug_loc     0x0000000000000000       0xf9 build/debug_x86/hardware/source/x86/x86.o

.debug_macinfo
 *(.debug_macinfo)

.debug_weaknames
 *(.debug_weaknames)

.debug_funcnames
 *(.debug_funcnames)

.debug_typenames
 *(.debug_typenames)

.debug_varnames
 *(.debug_varnames)

.debug_pubtypes
 *(.debug_pubtypes)

.debug_ranges   0x0000000000000000       0x70
 *(.debug_ranges)
 .debug_ranges  0x0000000000000000       0x20 build/debug_x86/source/main.o
 .debug_ranges  0x0000000000000020       0x50 build/debug_x86/hardware/source/x86/x86.o

.debug_macro    0x0000000000000000     0x1ce7
 *(.debug_macro)
 .debug_macro   0x0000000000000000       0xd6 build/debug_x86/source/main.o
 .debug_macro   0x00000000000000d6      0x808 build/debug_x86/source/main.o
 .debug_macro   0x00000000000008de       0x22 build/debug_x86/source/main.o
 .debug_macro   0x0000000000000900       0x10 build/debug_x86/source/main.o
 .debug_macro   0x0000000000000910      0x10b build/debug_x86/source/main.o
 .debug_macro   0x0000000000000a1b      0x168 build/debug_x86/source/main.o
 .debug_macro   0x0000000000000b83       0x16 build/debug_x86/source/main.o
 .debug_macro   0x0000000000000b99       0x4a build/debug_x86/source/main.o
 .debug_macro   0x0000000000000be3       0x58 build/debug_x86/source/main.o
 .debug_macro   0x0000000000000c3b       0x34 build/debug_x86/source/main.o
 .debug_macro   0x0000000000000c6f       0x5e build/debug_x86/source/main.o
 .debug_macro   0x0000000000000ccd       0xee build/debug_x86/source/main.o
 .debug_macro   0x0000000000000dbb       0x16 build/debug_x86/source/main.o
 .debug_macro   0x0000000000000dd1      0x1bf build/debug_x86/source/main.o
 .debug_macro   0x0000000000000f90      0x21c build/debug_x86/hardware/source/x86/x86.o
 .debug_macro   0x00000000000011ac       0x10 build/debug_x86/hardware/source/x86/x86.o
 .debug_macro   0x00000000000011bc      0x293 build/debug_x86/hardware/source/x86/x86.o
 .debug_macro   0x000000000000144f       0x34 build/debug_x86/hardware/source/x86/x86.o
 .debug_macro   0x0000000000001483       0x10 build/debug_x86/hardware/source/x86/x86.o
 .debug_macro   0x0000000000001493       0x97 build/debug_x86/hardware/source/x86/x86.o
 .debug_macro   0x000000000000152a       0x16 build/debug_x86/hardware/source/x86/x86.o
 .debug_macro   0x0000000000001540       0x20 build/debug_x86/hardware/source/x86/x86.o
 .debug_macro   0x0000000000001560       0x28 build/debug_x86/hardware/source/x86/x86.o
 .debug_macro   0x0000000000001588       0x58 build/debug_x86/hardware/source/x86/x86.o
 .debug_macro   0x00000000000015e0       0x10 build/debug_x86/hardware/source/x86/x86.o
 .debug_macro   0x00000000000015f0      0x1cc build/debug_x86/hardware/source/x86/x86.o
 .debug_macro   0x00000000000017bc       0x58 build/debug_x86/hardware/source/x86/x86.o
 .debug_macro   0x0000000000001814       0x34 build/debug_x86/hardware/source/x86/x86.o
 .debug_macro   0x0000000000001848       0x27 build/debug_x86/hardware/source/x86/x86.o
 .debug_macro   0x000000000000186f       0x1f build/debug_x86/hardware/source/x86/x86.o
 .debug_macro   0x000000000000188e       0x16 build/debug_x86/hardware/source/x86/x86.o
 .debug_macro   0x00000000000018a4       0x58 build/debug_x86/hardware/source/x86/x86.o
 .debug_macro   0x00000000000018fc       0xfa build/debug_x86/hardware/source/x86/x86.o
 .debug_macro   0x00000000000019f6       0x11 build/debug_x86/hardware/source/x86/x86.o
 .debug_macro   0x0000000000001a07       0x3a build/debug_x86/hardware/source/x86/x86.o
 .debug_macro   0x0000000000001a41      0x2a6 build/debug_x86/hardware/source/x86/x86.o

.debug_addr
 *(.debug_addr)

.gnu.attributes
 *(.gnu.attributes)

/DISCARD/
 *(.note.GNU-stack)
 *(.gnu_debuglink)
 *(.gnu.lto_*)
OUTPUT(build/debug_x86/debug.elf elf64-x86-64)

Cross Reference Table

Symbol                                            File
GLIBC_2.10                                        /lib/x86_64-linux-gnu/libc.so.6
GLIBC_2.11                                        /lib/x86_64-linux-gnu/libc.so.6
GLIBC_2.12                                        /lib/x86_64-linux-gnu/libc.so.6
GLIBC_2.13                                        /lib/x86_64-linux-gnu/libc.so.6
GLIBC_2.14                                        /lib/x86_64-linux-gnu/libc.so.6
GLIBC_2.15                                        /lib/x86_64-linux-gnu/libc.so.6
GLIBC_2.16                                        /lib/x86_64-linux-gnu/libc.so.6
GLIBC_2.17                                        /lib/x86_64-linux-gnu/libc.so.6
GLIBC_2.18                                        /lib/x86_64-linux-gnu/libc.so.6
GLIBC_2.2.5                                       /lib/x86_64-linux-gnu/libc.so.6
                                                  /lib/x86_64-linux-gnu/ld-linux-x86-64.so.2
GLIBC_2.2.6                                       /lib/x86_64-linux-gnu/libc.so.6
GLIBC_2.22                                        /lib/x86_64-linux-gnu/libc.so.6
GLIBC_2.23                                        /lib/x86_64-linux-gnu/libc.so.6
GLIBC_2.24                                        /lib/x86_64-linux-gnu/libc.so.6
GLIBC_2.25                                        /lib/x86_64-linux-gnu/libc.so.6
GLIBC_2.26                                        /lib/x86_64-linux-gnu/libc.so.6
GLIBC_2.27                                        /lib/x86_64-linux-gnu/libc.so.6
GLIBC_2.3                                         /lib/x86_64-linux-gnu/libc.so.6
                                                  /lib/x86_64-linux-gnu/ld-linux-x86-64.so.2
GLIBC_2.3.2                                       /lib/x86_64-linux-gnu/libc.so.6
GLIBC_2.3.3                                       /lib/x86_64-linux-gnu/libc.so.6
GLIBC_2.3.4                                       /lib/x86_64-linux-gnu/libc.so.6
GLIBC_2.4                                         /lib/x86_64-linux-gnu/libc.so.6
                                                  /lib/x86_64-linux-gnu/ld-linux-x86-64.so.2
GLIBC_2.5                                         /lib/x86_64-linux-gnu/libc.so.6
GLIBC_2.6                                         /lib/x86_64-linux-gnu/libc.so.6
GLIBC_2.7                                         /lib/x86_64-linux-gnu/libc.so.6
GLIBC_2.8                                         /lib/x86_64-linux-gnu/libc.so.6
GLIBC_2.9                                         /lib/x86_64-linux-gnu/libc.so.6
GLIBC_PRIVATE                                     /lib/x86_64-linux-gnu/libc.so.6
                                                  /lib/x86_64-linux-gnu/ld-linux-x86-64.so.2
_DYNAMIC                                          /usr/lib/gcc/x86_64-linux-gnu/8/../../../x86_64-linux-gnu/Scrt1.o
_Exit                                             /lib/x86_64-linux-gnu/libc.so.6
_Exit@@GLIBC_2.2.5                                /lib/x86_64-linux-gnu/libc.so.6
_Exit@GLIBC_2.2.5                                 /lib/x86_64-linux-gnu/libc.so.6
_GLOBAL_OFFSET_TABLE_                             /usr/lib/gcc/x86_64-linux-gnu/8/../../../x86_64-linux-gnu/Scrt1.o
                                                  /usr/lib/x86_64-linux-gnu/libc_nonshared.a(elf-init.oS)
                                                  build/debug_x86/hardware/source/x86/x86.o
                                                  build/debug_x86/source/main.o
                                                  /usr/lib/gcc/x86_64-linux-gnu/8/crtbeginS.o
                                                  /usr/lib/gcc/x86_64-linux-gnu/8/../../../x86_64-linux-gnu/crti.o
_IO_fprintf                                       /lib/x86_64-linux-gnu/libc.so.6
_IO_fprintf@@GLIBC_2.2.5                          /lib/x86_64-linux-gnu/libc.so.6
_IO_fprintf@GLIBC_2.2.5                           /lib/x86_64-linux-gnu/libc.so.6
_IO_stdin_used                                    /usr/lib/gcc/x86_64-linux-gnu/8/../../../x86_64-linux-gnu/Scrt1.o
_ITM_deregisterTMCloneTable                       /usr/lib/gcc/x86_64-linux-gnu/8/crtbeginS.o
_ITM_registerTMCloneTable                         /usr/lib/gcc/x86_64-linux-gnu/8/crtbeginS.o
__GNU_EH_FRAME_HDR                                build/debug_x86/debug.elf
__TMC_END__                                       /usr/lib/gcc/x86_64-linux-gnu/8/crtendS.o
                                                  /usr/lib/gcc/x86_64-linux-gnu/8/crtbeginS.o
__after_morecore_hook                             /lib/x86_64-linux-gnu/libc.so.6
__after_morecore_hook@@GLIBC_2.2.5                /lib/x86_64-linux-gnu/libc.so.6
__after_morecore_hook@GLIBC_2.2.5                 /lib/x86_64-linux-gnu/libc.so.6
__compat_bdflush                                  /lib/x86_64-linux-gnu/libc.so.6
__connect                                         /lib/x86_64-linux-gnu/libc.so.6
__connect@@GLIBC_2.2.5                            /lib/x86_64-linux-gnu/libc.so.6
__connect@GLIBC_2.2.5                             /lib/x86_64-linux-gnu/libc.so.6
__ctype_get_mb_cur_max                            /lib/x86_64-linux-gnu/libc.so.6
__ctype_get_mb_cur_max@@GLIBC_2.2.5               /lib/x86_64-linux-gnu/libc.so.6
__ctype_get_mb_cur_max@GLIBC_2.2.5                /lib/x86_64-linux-gnu/libc.so.6
__data_start                                      /usr/lib/gcc/x86_64-linux-gnu/8/../../../x86_64-linux-gnu/Scrt1.o
__dso_handle                                      /usr/lib/gcc/x86_64-linux-gnu/8/crtbeginS.o
__fcntl                                           /lib/x86_64-linux-gnu/libc.so.6
__fcntl@@GLIBC_2.2.5                              /lib/x86_64-linux-gnu/libc.so.6
__fcntl@GLIBC_2.2.5                               /lib/x86_64-linux-gnu/libc.so.6
__free_hook                                       /lib/x86_64-linux-gnu/libc.so.6
__free_hook@@GLIBC_2.2.5                          /lib/x86_64-linux-gnu/libc.so.6
__free_hook@GLIBC_2.2.5                           /lib/x86_64-linux-gnu/libc.so.6
__getdelim                                        /lib/x86_64-linux-gnu/libc.so.6
__getdelim@@GLIBC_2.2.5                           /lib/x86_64-linux-gnu/libc.so.6
__getdelim@GLIBC_2.2.5                            /lib/x86_64-linux-gnu/libc.so.6
__gmon_start__                                    /usr/lib/gcc/x86_64-linux-gnu/8/../../../x86_64-linux-gnu/crti.o
__init_array_end                                  /usr/lib/x86_64-linux-gnu/libc_nonshared.a(elf-init.oS)
__init_array_start                                /usr/lib/x86_64-linux-gnu/libc_nonshared.a(elf-init.oS)
__isascii_l                                       /lib/x86_64-linux-gnu/libc.so.6
__isascii_l@@GLIBC_2.2.5                          /lib/x86_64-linux-gnu/libc.so.6
__isascii_l@GLIBC_2.2.5                           /lib/x86_64-linux-gnu/libc.so.6
__libc_csu_fini                                   /usr/lib/x86_64-linux-gnu/libc_nonshared.a(elf-init.oS)
                                                  /usr/lib/gcc/x86_64-linux-gnu/8/../../../x86_64-linux-gnu/Scrt1.o
__libc_csu_init                                   /usr/lib/x86_64-linux-gnu/libc_nonshared.a(elf-init.oS)
                                                  /usr/lib/gcc/x86_64-linux-gnu/8/../../../x86_64-linux-gnu/Scrt1.o
__libc_secure_getenv                              /lib/x86_64-linux-gnu/libc.so.6
__libc_secure_getenv@@GLIBC_PRIVATE               /lib/x86_64-linux-gnu/libc.so.6
__libc_secure_getenv@GLIBC_PRIVATE                /lib/x86_64-linux-gnu/libc.so.6
__malloc_hook                                     /lib/x86_64-linux-gnu/libc.so.6
__malloc_hook@@GLIBC_2.2.5                        /lib/x86_64-linux-gnu/libc.so.6
__malloc_hook@GLIBC_2.2.5                         /lib/x86_64-linux-gnu/libc.so.6
__malloc_initialize_hook@GLIBC_2.2.5              /lib/x86_64-linux-gnu/libc.so.6
__memalign_hook                                   /lib/x86_64-linux-gnu/libc.so.6
__memalign_hook@@GLIBC_2.2.5                      /lib/x86_64-linux-gnu/libc.so.6
__memalign_hook@GLIBC_2.2.5                       /lib/x86_64-linux-gnu/libc.so.6
__open                                            /lib/x86_64-linux-gnu/libc.so.6
__open64                                          /lib/x86_64-linux-gnu/libc.so.6
__open64@@GLIBC_2.2.5                             /lib/x86_64-linux-gnu/libc.so.6
__open64@GLIBC_2.2.5                              /lib/x86_64-linux-gnu/libc.so.6
__open@@GLIBC_2.2.5                               /lib/x86_64-linux-gnu/libc.so.6
__open@GLIBC_2.2.5                                /lib/x86_64-linux-gnu/libc.so.6
__open_nocancel                                   /lib/x86_64-linux-gnu/libc.so.6
__open_nocancel@@GLIBC_PRIVATE                    /lib/x86_64-linux-gnu/libc.so.6
__open_nocancel@GLIBC_PRIVATE                     /lib/x86_64-linux-gnu/libc.so.6
__pread64                                         /lib/x86_64-linux-gnu/libc.so.6
__pread64@@GLIBC_2.2.5                            /lib/x86_64-linux-gnu/libc.so.6
__pread64@GLIBC_2.2.5                             /lib/x86_64-linux-gnu/libc.so.6
__pwrite64                                        /lib/x86_64-linux-gnu/libc.so.6
__pwrite64@@GLIBC_2.2.5                           /lib/x86_64-linux-gnu/libc.so.6
__pwrite64@GLIBC_2.2.5                            /lib/x86_64-linux-gnu/libc.so.6
__realloc_hook                                    /lib/x86_64-linux-gnu/libc.so.6
__realloc_hook@@GLIBC_2.2.5                       /lib/x86_64-linux-gnu/libc.so.6
__realloc_hook@GLIBC_2.2.5                        /lib/x86_64-linux-gnu/libc.so.6
__recv                                            /lib/x86_64-linux-gnu/libc.so.6
__recv@@GLIBC_PRIVATE                             /lib/x86_64-linux-gnu/libc.so.6
__recv@GLIBC_PRIVATE                              /lib/x86_64-linux-gnu/libc.so.6
__secure_getenv@GLIBC_2.2.5                       /lib/x86_64-linux-gnu/libc.so.6
__sigaction                                       /lib/x86_64-linux-gnu/libc.so.6
__sigaction@@GLIBC_2.2.5                          /lib/x86_64-linux-gnu/libc.so.6
__sigaction@GLIBC_2.2.5                           /lib/x86_64-linux-gnu/libc.so.6
__strtoll_l                                       /lib/x86_64-linux-gnu/libc.so.6
__strtoll_l@@GLIBC_2.2.5                          /lib/x86_64-linux-gnu/libc.so.6
__strtoll_l@GLIBC_2.2.5                           /lib/x86_64-linux-gnu/libc.so.6
__strtoull_l                                      /lib/x86_64-linux-gnu/libc.so.6
__strtoull_l@@GLIBC_2.2.5                         /lib/x86_64-linux-gnu/libc.so.6
__strtoull_l@GLIBC_2.2.5                          /lib/x86_64-linux-gnu/libc.so.6
__toascii_l                                       /lib/x86_64-linux-gnu/libc.so.6
__toascii_l@@GLIBC_2.2.5                          /lib/x86_64-linux-gnu/libc.so.6
__toascii_l@GLIBC_2.2.5                           /lib/x86_64-linux-gnu/libc.so.6
__vsnprintf                                       /lib/x86_64-linux-gnu/libc.so.6
__vsnprintf@@GLIBC_2.2.5                          /lib/x86_64-linux-gnu/libc.so.6
__vsnprintf@GLIBC_2.2.5                           /lib/x86_64-linux-gnu/libc.so.6
__vsscanf                                         /lib/x86_64-linux-gnu/libc.so.6
__vsscanf@@GLIBC_2.2.5                            /lib/x86_64-linux-gnu/libc.so.6
__vsscanf@GLIBC_2.2.5                             /lib/x86_64-linux-gnu/libc.so.6
__wait                                            /lib/x86_64-linux-gnu/libc.so.6
__wait@@GLIBC_2.2.5                               /lib/x86_64-linux-gnu/libc.so.6
__wait@GLIBC_2.2.5                                /lib/x86_64-linux-gnu/libc.so.6
__wcstoll_l                                       /lib/x86_64-linux-gnu/libc.so.6
__wcstoll_l@@GLIBC_2.2.5                          /lib/x86_64-linux-gnu/libc.so.6
__wcstoll_l@GLIBC_2.2.5                           /lib/x86_64-linux-gnu/libc.so.6
__wcstoull_l                                      /lib/x86_64-linux-gnu/libc.so.6
__wcstoull_l@@GLIBC_2.2.5                         /lib/x86_64-linux-gnu/libc.so.6
__wcstoull_l@GLIBC_2.2.5                          /lib/x86_64-linux-gnu/libc.so.6
__write                                           /lib/x86_64-linux-gnu/libc.so.6
__write@@GLIBC_2.2.5                              /lib/x86_64-linux-gnu/libc.so.6
__write@GLIBC_2.2.5                               /lib/x86_64-linux-gnu/libc.so.6
__xpg_sigpause                                    /lib/x86_64-linux-gnu/libc.so.6
__xpg_sigpause@@GLIBC_2.2.5                       /lib/x86_64-linux-gnu/libc.so.6
__xpg_sigpause@GLIBC_2.2.5                        /lib/x86_64-linux-gnu/libc.so.6
_dl_starting_up                                   /lib/x86_64-linux-gnu/libc.so.6
_environ                                          /lib/x86_64-linux-gnu/libc.so.6
_environ@@GLIBC_2.2.5                             /lib/x86_64-linux-gnu/libc.so.6
_environ@GLIBC_2.2.5                              /lib/x86_64-linux-gnu/libc.so.6
_fini                                             /usr/lib/gcc/x86_64-linux-gnu/8/../../../x86_64-linux-gnu/crti.o
_flushlbf                                         /lib/x86_64-linux-gnu/libc.so.6
_flushlbf@@GLIBC_2.2.5                            /lib/x86_64-linux-gnu/libc.so.6
_flushlbf@GLIBC_2.2.5                             /lib/x86_64-linux-gnu/libc.so.6
_init                                             /usr/lib/gcc/x86_64-linux-gnu/8/../../../x86_64-linux-gnu/crti.o
                                                  /usr/lib/x86_64-linux-gnu/libc_nonshared.a(elf-init.oS)
_longjmp                                          /lib/x86_64-linux-gnu/libc.so.6
_longjmp@@GLIBC_2.2.5                             /lib/x86_64-linux-gnu/libc.so.6
_longjmp@GLIBC_2.2.5                              /lib/x86_64-linux-gnu/libc.so.6
_start                                            /usr/lib/gcc/x86_64-linux-gnu/8/../../../x86_64-linux-gnu/Scrt1.o
access                                            /lib/x86_64-linux-gnu/libc.so.6
access@@GLIBC_2.2.5                               /lib/x86_64-linux-gnu/libc.so.6
access@GLIBC_2.2.5                                /lib/x86_64-linux-gnu/libc.so.6
addmntent                                         /lib/x86_64-linux-gnu/libc.so.6
addmntent@@GLIBC_2.2.5                            /lib/x86_64-linux-gnu/libc.so.6
addmntent@GLIBC_2.2.5                             /lib/x86_64-linux-gnu/libc.so.6
addseverity                                       /lib/x86_64-linux-gnu/libc.so.6
addseverity@@GLIBC_2.2.5                          /lib/x86_64-linux-gnu/libc.so.6
addseverity@GLIBC_2.2.5                           /lib/x86_64-linux-gnu/libc.so.6
adjtime                                           /lib/x86_64-linux-gnu/libc.so.6
adjtime@@GLIBC_2.2.5                              /lib/x86_64-linux-gnu/libc.so.6
adjtime@GLIBC_2.2.5                               /lib/x86_64-linux-gnu/libc.so.6
adjtimex                                          /lib/x86_64-linux-gnu/libc.so.6
adjtimex@@GLIBC_2.2.5                             /lib/x86_64-linux-gnu/libc.so.6
adjtimex@GLIBC_2.2.5                              /lib/x86_64-linux-gnu/libc.so.6
advance@GLIBC_2.2.5                               /lib/x86_64-linux-gnu/libc.so.6
aligned_alloc                                     /lib/x86_64-linux-gnu/libc.so.6
aligned_alloc@@GLIBC_2.16                         /lib/x86_64-linux-gnu/libc.so.6
aligned_alloc@GLIBC_2.16                          /lib/x86_64-linux-gnu/libc.so.6
alphasort64                                       /lib/x86_64-linux-gnu/libc.so.6
alphasort64@@GLIBC_2.2.5                          /lib/x86_64-linux-gnu/libc.so.6
alphasort64@GLIBC_2.2.5                           /lib/x86_64-linux-gnu/libc.so.6
arch_prctl                                        /lib/x86_64-linux-gnu/libc.so.6
arch_prctl@@GLIBC_2.2.5                           /lib/x86_64-linux-gnu/libc.so.6
arch_prctl@GLIBC_2.2.5                            /lib/x86_64-linux-gnu/libc.so.6
argp_error                                        /lib/x86_64-linux-gnu/libc.so.6
argp_error@@GLIBC_2.2.5                           /lib/x86_64-linux-gnu/libc.so.6
argp_error@GLIBC_2.2.5                            /lib/x86_64-linux-gnu/libc.so.6
argp_failure                                      /lib/x86_64-linux-gnu/libc.so.6
argp_failure@@GLIBC_2.2.5                         /lib/x86_64-linux-gnu/libc.so.6
argp_failure@GLIBC_2.2.5                          /lib/x86_64-linux-gnu/libc.so.6
argp_help                                         /lib/x86_64-linux-gnu/libc.so.6
argp_help@@GLIBC_2.2.5                            /lib/x86_64-linux-gnu/libc.so.6
argp_help@GLIBC_2.2.5                             /lib/x86_64-linux-gnu/libc.so.6
argp_parse                                        /lib/x86_64-linux-gnu/libc.so.6
argp_parse@@GLIBC_2.2.5                           /lib/x86_64-linux-gnu/libc.so.6
argp_parse@GLIBC_2.2.5                            /lib/x86_64-linux-gnu/libc.so.6
argp_state_help                                   /lib/x86_64-linux-gnu/libc.so.6
argp_state_help@@GLIBC_2.2.5                      /lib/x86_64-linux-gnu/libc.so.6
argp_state_help@GLIBC_2.2.5                       /lib/x86_64-linux-gnu/libc.so.6
argp_usage                                        /lib/x86_64-linux-gnu/libc.so.6
argp_usage@@GLIBC_2.2.5                           /lib/x86_64-linux-gnu/libc.so.6
argp_usage@GLIBC_2.2.5                            /lib/x86_64-linux-gnu/libc.so.6
argz_add                                          /lib/x86_64-linux-gnu/libc.so.6
argz_add@@GLIBC_2.2.5                             /lib/x86_64-linux-gnu/libc.so.6
argz_add@GLIBC_2.2.5                              /lib/x86_64-linux-gnu/libc.so.6
argz_add_sep                                      /lib/x86_64-linux-gnu/libc.so.6
argz_add_sep@@GLIBC_2.2.5                         /lib/x86_64-linux-gnu/libc.so.6
argz_add_sep@GLIBC_2.2.5                          /lib/x86_64-linux-gnu/libc.so.6
argz_append                                       /lib/x86_64-linux-gnu/libc.so.6
argz_append@@GLIBC_2.2.5                          /lib/x86_64-linux-gnu/libc.so.6
argz_append@GLIBC_2.2.5                           /lib/x86_64-linux-gnu/libc.so.6
argz_count                                        /lib/x86_64-linux-gnu/libc.so.6
argz_count@@GLIBC_2.2.5                           /lib/x86_64-linux-gnu/libc.so.6
argz_count@GLIBC_2.2.5                            /lib/x86_64-linux-gnu/libc.so.6
argz_create                                       /lib/x86_64-linux-gnu/libc.so.6
argz_create@@GLIBC_2.2.5                          /lib/x86_64-linux-gnu/libc.so.6
argz_create@GLIBC_2.2.5                           /lib/x86_64-linux-gnu/libc.so.6
argz_create_sep                                   /lib/x86_64-linux-gnu/libc.so.6
argz_create_sep@@GLIBC_2.2.5                      /lib/x86_64-linux-gnu/libc.so.6
argz_create_sep@GLIBC_2.2.5                       /lib/x86_64-linux-gnu/libc.so.6
argz_extract                                      /lib/x86_64-linux-gnu/libc.so.6
argz_extract@@GLIBC_2.2.5                         /lib/x86_64-linux-gnu/libc.so.6
argz_extract@GLIBC_2.2.5                          /lib/x86_64-linux-gnu/libc.so.6
argz_insert                                       /lib/x86_64-linux-gnu/libc.so.6
argz_insert@@GLIBC_2.2.5                          /lib/x86_64-linux-gnu/libc.so.6
argz_insert@GLIBC_2.2.5                           /lib/x86_64-linux-gnu/libc.so.6
argz_next                                         /lib/x86_64-linux-gnu/libc.so.6
argz_next@@GLIBC_2.2.5                            /lib/x86_64-linux-gnu/libc.so.6
argz_next@GLIBC_2.2.5                             /lib/x86_64-linux-gnu/libc.so.6
argz_replace                                      /lib/x86_64-linux-gnu/libc.so.6
argz_replace@@GLIBC_2.2.5                         /lib/x86_64-linux-gnu/libc.so.6
argz_replace@GLIBC_2.2.5                          /lib/x86_64-linux-gnu/libc.so.6
argz_stringify                                    /lib/x86_64-linux-gnu/libc.so.6
argz_stringify@@GLIBC_2.2.5                       /lib/x86_64-linux-gnu/libc.so.6
argz_stringify@GLIBC_2.2.5                        /lib/x86_64-linux-gnu/libc.so.6
asctime_r                                         /lib/x86_64-linux-gnu/libc.so.6
asctime_r@@GLIBC_2.2.5                            /lib/x86_64-linux-gnu/libc.so.6
asctime_r@GLIBC_2.2.5                             /lib/x86_64-linux-gnu/libc.so.6
asprintf                                          /lib/x86_64-linux-gnu/libc.so.6
asprintf@@GLIBC_2.2.5                             /lib/x86_64-linux-gnu/libc.so.6
asprintf@GLIBC_2.2.5                              /lib/x86_64-linux-gnu/libc.so.6
backtrace                                         /lib/x86_64-linux-gnu/libc.so.6
backtrace@@GLIBC_2.2.5                            /lib/x86_64-linux-gnu/libc.so.6
backtrace@GLIBC_2.2.5                             /lib/x86_64-linux-gnu/libc.so.6
backtrace_symbols                                 /lib/x86_64-linux-gnu/libc.so.6
backtrace_symbols@@GLIBC_2.2.5                    /lib/x86_64-linux-gnu/libc.so.6
backtrace_symbols@GLIBC_2.2.5                     /lib/x86_64-linux-gnu/libc.so.6
backtrace_symbols_fd                              /lib/x86_64-linux-gnu/libc.so.6
backtrace_symbols_fd@@GLIBC_2.2.5                 /lib/x86_64-linux-gnu/libc.so.6
backtrace_symbols_fd@GLIBC_2.2.5                  /lib/x86_64-linux-gnu/libc.so.6
basename                                          /lib/x86_64-linux-gnu/libc.so.6
basename@@GLIBC_2.2.5                             /lib/x86_64-linux-gnu/libc.so.6
basename@GLIBC_2.2.5                              /lib/x86_64-linux-gnu/libc.so.6
bcmp                                              /lib/x86_64-linux-gnu/libc.so.6
bcmp@@GLIBC_2.2.5                                 /lib/x86_64-linux-gnu/libc.so.6
bcmp@GLIBC_2.2.5                                  /lib/x86_64-linux-gnu/libc.so.6
bind                                              /lib/x86_64-linux-gnu/libc.so.6
bind@@GLIBC_2.2.5                                 /lib/x86_64-linux-gnu/libc.so.6
bind@GLIBC_2.2.5                                  /lib/x86_64-linux-gnu/libc.so.6
bind_textdomain_codeset                           /lib/x86_64-linux-gnu/libc.so.6
bind_textdomain_codeset@@GLIBC_2.2.5              /lib/x86_64-linux-gnu/libc.so.6
bind_textdomain_codeset@GLIBC_2.2.5               /lib/x86_64-linux-gnu/libc.so.6
bindtextdomain                                    /lib/x86_64-linux-gnu/libc.so.6
bindtextdomain@@GLIBC_2.2.5                       /lib/x86_64-linux-gnu/libc.so.6
bindtextdomain@GLIBC_2.2.5                        /lib/x86_64-linux-gnu/libc.so.6
brk                                               /lib/x86_64-linux-gnu/libc.so.6
brk@@GLIBC_2.2.5                                  /lib/x86_64-linux-gnu/libc.so.6
brk@GLIBC_2.2.5                                   /lib/x86_64-linux-gnu/libc.so.6
bsd_signal                                        /lib/x86_64-linux-gnu/libc.so.6
bsd_signal@@GLIBC_2.2.5                           /lib/x86_64-linux-gnu/libc.so.6
bsd_signal@GLIBC_2.2.5                            /lib/x86_64-linux-gnu/libc.so.6
btowc                                             /lib/x86_64-linux-gnu/libc.so.6
btowc@@GLIBC_2.2.5                                /lib/x86_64-linux-gnu/libc.so.6
btowc@GLIBC_2.2.5                                 /lib/x86_64-linux-gnu/libc.so.6
bzero                                             /lib/x86_64-linux-gnu/libc.so.6
bzero@@GLIBC_2.2.5                                /lib/x86_64-linux-gnu/libc.so.6
bzero@GLIBC_2.2.5                                 /lib/x86_64-linux-gnu/libc.so.6
c32rtomb                                          /lib/x86_64-linux-gnu/libc.so.6
c32rtomb@@GLIBC_2.16                              /lib/x86_64-linux-gnu/libc.so.6
c32rtomb@GLIBC_2.16                               /lib/x86_64-linux-gnu/libc.so.6
calloc                                            /lib/x86_64-linux-gnu/libc.so.6
calloc@@GLIBC_2.2.5                               /lib/x86_64-linux-gnu/libc.so.6
                                                  /lib/x86_64-linux-gnu/ld-linux-x86-64.so.2
calloc@GLIBC_2.2.5                                /lib/x86_64-linux-gnu/libc.so.6
canonicalize_file_name                            /lib/x86_64-linux-gnu/libc.so.6
canonicalize_file_name@@GLIBC_2.2.5               /lib/x86_64-linux-gnu/libc.so.6
canonicalize_file_name@GLIBC_2.2.5                /lib/x86_64-linux-gnu/libc.so.6
chdir                                             /lib/x86_64-linux-gnu/libc.so.6
chdir@@GLIBC_2.2.5                                /lib/x86_64-linux-gnu/libc.so.6
chdir@GLIBC_2.2.5                                 /lib/x86_64-linux-gnu/libc.so.6
chmod                                             /lib/x86_64-linux-gnu/libc.so.6
chmod@@GLIBC_2.2.5                                /lib/x86_64-linux-gnu/libc.so.6
chmod@GLIBC_2.2.5                                 /lib/x86_64-linux-gnu/libc.so.6
chown                                             /lib/x86_64-linux-gnu/libc.so.6
chown@@GLIBC_2.2.5                                /lib/x86_64-linux-gnu/libc.so.6
chown@GLIBC_2.2.5                                 /lib/x86_64-linux-gnu/libc.so.6
clearenv                                          /lib/x86_64-linux-gnu/libc.so.6
clearenv@@GLIBC_2.2.5                             /lib/x86_64-linux-gnu/libc.so.6
clearenv@GLIBC_2.2.5                              /lib/x86_64-linux-gnu/libc.so.6
clock_getcpuclockid                               /lib/x86_64-linux-gnu/libc.so.6
clock_getcpuclockid@@GLIBC_2.17                   /lib/x86_64-linux-gnu/libc.so.6
clock_getcpuclockid@GLIBC_2.17                    /lib/x86_64-linux-gnu/libc.so.6
clock_getres                                      /lib/x86_64-linux-gnu/libc.so.6
clock_getres@@GLIBC_2.17                          /lib/x86_64-linux-gnu/libc.so.6
clock_getres@GLIBC_2.17                           /lib/x86_64-linux-gnu/libc.so.6
clock_gettime                                     /lib/x86_64-linux-gnu/libc.so.6
                                                  build/debug_x86/hardware/source/x86/x86.o
clock_gettime@@GLIBC_2.17                         /lib/x86_64-linux-gnu/libc.so.6
clock_gettime@GLIBC_2.17                          /lib/x86_64-linux-gnu/libc.so.6
clock_nanosleep                                   /lib/x86_64-linux-gnu/libc.so.6
clock_nanosleep@@GLIBC_2.17                       /lib/x86_64-linux-gnu/libc.so.6
clock_nanosleep@GLIBC_2.17                        /lib/x86_64-linux-gnu/libc.so.6
clock_settime                                     /lib/x86_64-linux-gnu/libc.so.6
clock_settime@@GLIBC_2.17                         /lib/x86_64-linux-gnu/libc.so.6
clock_settime@GLIBC_2.17                          /lib/x86_64-linux-gnu/libc.so.6
clone                                             /lib/x86_64-linux-gnu/libc.so.6
clone@@GLIBC_2.2.5                                /lib/x86_64-linux-gnu/libc.so.6
clone@GLIBC_2.2.5                                 /lib/x86_64-linux-gnu/libc.so.6
close                                             /lib/x86_64-linux-gnu/libc.so.6
close@@GLIBC_2.2.5                                /lib/x86_64-linux-gnu/libc.so.6
close@GLIBC_2.2.5                                 /lib/x86_64-linux-gnu/libc.so.6
closedir                                          /lib/x86_64-linux-gnu/libc.so.6
closedir@@GLIBC_2.2.5                             /lib/x86_64-linux-gnu/libc.so.6
closedir@GLIBC_2.2.5                              /lib/x86_64-linux-gnu/libc.so.6
connect                                           /lib/x86_64-linux-gnu/libc.so.6
connect@@GLIBC_2.2.5                              /lib/x86_64-linux-gnu/libc.so.6
connect@GLIBC_2.2.5                               /lib/x86_64-linux-gnu/libc.so.6
copysign                                          /lib/x86_64-linux-gnu/libc.so.6
copysign@@GLIBC_2.2.5                             /lib/x86_64-linux-gnu/libc.so.6
copysign@GLIBC_2.2.5                              /lib/x86_64-linux-gnu/libc.so.6
copysignf                                         /lib/x86_64-linux-gnu/libc.so.6
copysignf@@GLIBC_2.2.5                            /lib/x86_64-linux-gnu/libc.so.6
copysignf@GLIBC_2.2.5                             /lib/x86_64-linux-gnu/libc.so.6
copysignl                                         /lib/x86_64-linux-gnu/libc.so.6
copysignl@@GLIBC_2.2.5                            /lib/x86_64-linux-gnu/libc.so.6
copysignl@GLIBC_2.2.5                             /lib/x86_64-linux-gnu/libc.so.6
creat                                             /lib/x86_64-linux-gnu/libc.so.6
creat64                                           /lib/x86_64-linux-gnu/libc.so.6
creat64@@GLIBC_2.2.5                              /lib/x86_64-linux-gnu/libc.so.6
creat64@GLIBC_2.2.5                               /lib/x86_64-linux-gnu/libc.so.6
creat@@GLIBC_2.2.5                                /lib/x86_64-linux-gnu/libc.so.6
creat@GLIBC_2.2.5                                 /lib/x86_64-linux-gnu/libc.so.6
data_start                                        /usr/lib/gcc/x86_64-linux-gnu/8/../../../x86_64-linux-gnu/Scrt1.o
daylight                                          /lib/x86_64-linux-gnu/libc.so.6
daylight@@GLIBC_2.2.5                             /lib/x86_64-linux-gnu/libc.so.6
daylight@GLIBC_2.2.5                              /lib/x86_64-linux-gnu/libc.so.6
dcgettext                                         /lib/x86_64-linux-gnu/libc.so.6
dcgettext@@GLIBC_2.2.5                            /lib/x86_64-linux-gnu/libc.so.6
dcgettext@GLIBC_2.2.5                             /lib/x86_64-linux-gnu/libc.so.6
dcngettext                                        /lib/x86_64-linux-gnu/libc.so.6
dcngettext@@GLIBC_2.2.5                           /lib/x86_64-linux-gnu/libc.so.6
dcngettext@GLIBC_2.2.5                            /lib/x86_64-linux-gnu/libc.so.6
delay_ms                                          build/debug_x86/hardware/source/x86/x86.o
delay_sec                                         build/debug_x86/hardware/source/x86/x86.o
                                                  build/debug_x86/source/main.o
dgettext                                          /lib/x86_64-linux-gnu/libc.so.6
dgettext@@GLIBC_2.2.5                             /lib/x86_64-linux-gnu/libc.so.6
dgettext@GLIBC_2.2.5                              /lib/x86_64-linux-gnu/libc.so.6
dirfd                                             /lib/x86_64-linux-gnu/libc.so.6
dirfd@@GLIBC_2.2.5                                /lib/x86_64-linux-gnu/libc.so.6
dirfd@GLIBC_2.2.5                                 /lib/x86_64-linux-gnu/libc.so.6
dl_iterate_phdr                                   /lib/x86_64-linux-gnu/libc.so.6
dl_iterate_phdr@@GLIBC_2.2.5                      /lib/x86_64-linux-gnu/libc.so.6
dl_iterate_phdr@GLIBC_2.2.5                       /lib/x86_64-linux-gnu/libc.so.6
dngettext                                         /lib/x86_64-linux-gnu/libc.so.6
dngettext@@GLIBC_2.2.5                            /lib/x86_64-linux-gnu/libc.so.6
dngettext@GLIBC_2.2.5                             /lib/x86_64-linux-gnu/libc.so.6
dup                                               /lib/x86_64-linux-gnu/libc.so.6
dup2                                              /lib/x86_64-linux-gnu/libc.so.6
dup2@@GLIBC_2.2.5                                 /lib/x86_64-linux-gnu/libc.so.6
dup2@GLIBC_2.2.5                                  /lib/x86_64-linux-gnu/libc.so.6
dup3                                              /lib/x86_64-linux-gnu/libc.so.6
dup3@@GLIBC_2.9                                   /lib/x86_64-linux-gnu/libc.so.6
dup3@GLIBC_2.9                                    /lib/x86_64-linux-gnu/libc.so.6
dup@@GLIBC_2.2.5                                  /lib/x86_64-linux-gnu/libc.so.6
dup@GLIBC_2.2.5                                   /lib/x86_64-linux-gnu/libc.so.6
duplocale                                         /lib/x86_64-linux-gnu/libc.so.6
duplocale@@GLIBC_2.3                              /lib/x86_64-linux-gnu/libc.so.6
duplocale@GLIBC_2.3                               /lib/x86_64-linux-gnu/libc.so.6
eaccess                                           /lib/x86_64-linux-gnu/libc.so.6
eaccess@@GLIBC_2.4                                /lib/x86_64-linux-gnu/libc.so.6
eaccess@GLIBC_2.4                                 /lib/x86_64-linux-gnu/libc.so.6
ecvt_r                                            /lib/x86_64-linux-gnu/libc.so.6
ecvt_r@@GLIBC_2.2.5                               /lib/x86_64-linux-gnu/libc.so.6
ecvt_r@GLIBC_2.2.5                                /lib/x86_64-linux-gnu/libc.so.6
endmntent                                         /lib/x86_64-linux-gnu/libc.so.6
endmntent@@GLIBC_2.2.5                            /lib/x86_64-linux-gnu/libc.so.6
endmntent@GLIBC_2.2.5                             /lib/x86_64-linux-gnu/libc.so.6
endttyent                                         /lib/x86_64-linux-gnu/libc.so.6
endttyent@@GLIBC_2.2.5                            /lib/x86_64-linux-gnu/libc.so.6
endttyent@GLIBC_2.2.5                             /lib/x86_64-linux-gnu/libc.so.6
endutent                                          /lib/x86_64-linux-gnu/libc.so.6
endutent@@GLIBC_2.2.5                             /lib/x86_64-linux-gnu/libc.so.6
endutent@GLIBC_2.2.5                              /lib/x86_64-linux-gnu/libc.so.6
environ                                           /lib/x86_64-linux-gnu/libc.so.6
environ@@GLIBC_2.2.5                              /lib/x86_64-linux-gnu/libc.so.6
environ@GLIBC_2.2.5                               /lib/x86_64-linux-gnu/libc.so.6
erand48_r                                         /lib/x86_64-linux-gnu/libc.so.6
erand48_r@@GLIBC_2.2.5                            /lib/x86_64-linux-gnu/libc.so.6
erand48_r@GLIBC_2.2.5                             /lib/x86_64-linux-gnu/libc.so.6
error                                             /lib/x86_64-linux-gnu/libc.so.6
error@@GLIBC_2.2.5                                /lib/x86_64-linux-gnu/libc.so.6
error@GLIBC_2.2.5                                 /lib/x86_64-linux-gnu/libc.so.6
error_at_line                                     /lib/x86_64-linux-gnu/libc.so.6
error_at_line@@GLIBC_2.2.5                        /lib/x86_64-linux-gnu/libc.so.6
error_at_line@GLIBC_2.2.5                         /lib/x86_64-linux-gnu/libc.so.6
euidaccess                                        /lib/x86_64-linux-gnu/libc.so.6
euidaccess@@GLIBC_2.2.5                           /lib/x86_64-linux-gnu/libc.so.6
euidaccess@GLIBC_2.2.5                            /lib/x86_64-linux-gnu/libc.so.6
execve                                            /lib/x86_64-linux-gnu/libc.so.6
execve@@GLIBC_2.2.5                               /lib/x86_64-linux-gnu/libc.so.6
execve@GLIBC_2.2.5                                /lib/x86_64-linux-gnu/libc.so.6
execvpe                                           /lib/x86_64-linux-gnu/libc.so.6
execvpe@@GLIBC_2.11                               /lib/x86_64-linux-gnu/libc.so.6
execvpe@GLIBC_2.11                                /lib/x86_64-linux-gnu/libc.so.6
fallocate                                         /lib/x86_64-linux-gnu/libc.so.6
fallocate@@GLIBC_2.10                             /lib/x86_64-linux-gnu/libc.so.6
fallocate@GLIBC_2.10                              /lib/x86_64-linux-gnu/libc.so.6
fchdir                                            /lib/x86_64-linux-gnu/libc.so.6
fchdir@@GLIBC_2.2.5                               /lib/x86_64-linux-gnu/libc.so.6
fchdir@GLIBC_2.2.5                                /lib/x86_64-linux-gnu/libc.so.6
fchmod                                            /lib/x86_64-linux-gnu/libc.so.6
fchmod@@GLIBC_2.2.5                               /lib/x86_64-linux-gnu/libc.so.6
fchmod@GLIBC_2.2.5                                /lib/x86_64-linux-gnu/libc.so.6
fchown                                            /lib/x86_64-linux-gnu/libc.so.6
fchown@@GLIBC_2.2.5                               /lib/x86_64-linux-gnu/libc.so.6
fchown@GLIBC_2.2.5                                /lib/x86_64-linux-gnu/libc.so.6
fcloseall                                         /lib/x86_64-linux-gnu/libc.so.6
fcloseall@@GLIBC_2.2.5                            /lib/x86_64-linux-gnu/libc.so.6
fcloseall@GLIBC_2.2.5                             /lib/x86_64-linux-gnu/libc.so.6
fcntl                                             /lib/x86_64-linux-gnu/libc.so.6
fcntl@@GLIBC_2.2.5                                /lib/x86_64-linux-gnu/libc.so.6
fcntl@GLIBC_2.2.5                                 /lib/x86_64-linux-gnu/libc.so.6
fcvt_r                                            /lib/x86_64-linux-gnu/libc.so.6
fcvt_r@@GLIBC_2.2.5                               /lib/x86_64-linux-gnu/libc.so.6
fcvt_r@GLIBC_2.2.5                                /lib/x86_64-linux-gnu/libc.so.6
fdopendir                                         /lib/x86_64-linux-gnu/libc.so.6
fdopendir@@GLIBC_2.4                              /lib/x86_64-linux-gnu/libc.so.6
fdopendir@GLIBC_2.4                               /lib/x86_64-linux-gnu/libc.so.6
feof                                              /lib/x86_64-linux-gnu/libc.so.6
feof@@GLIBC_2.2.5                                 /lib/x86_64-linux-gnu/libc.so.6
feof@GLIBC_2.2.5                                  /lib/x86_64-linux-gnu/libc.so.6
ferror                                            /lib/x86_64-linux-gnu/libc.so.6
ferror@@GLIBC_2.2.5                               /lib/x86_64-linux-gnu/libc.so.6
ferror@GLIBC_2.2.5                                /lib/x86_64-linux-gnu/libc.so.6
fflush                                            /lib/x86_64-linux-gnu/libc.so.6
fflush@@GLIBC_2.2.5                               /lib/x86_64-linux-gnu/libc.so.6
fflush@GLIBC_2.2.5                                /lib/x86_64-linux-gnu/libc.so.6
fflush_unlocked                                   /lib/x86_64-linux-gnu/libc.so.6
fflush_unlocked@@GLIBC_2.2.5                      /lib/x86_64-linux-gnu/libc.so.6
fflush_unlocked@GLIBC_2.2.5                       /lib/x86_64-linux-gnu/libc.so.6
ffsl                                              /lib/x86_64-linux-gnu/libc.so.6
ffsl@@GLIBC_2.2.5                                 /lib/x86_64-linux-gnu/libc.so.6
ffsl@GLIBC_2.2.5                                  /lib/x86_64-linux-gnu/libc.so.6
fgetc                                             /lib/x86_64-linux-gnu/libc.so.6
fgetc@@GLIBC_2.2.5                                /lib/x86_64-linux-gnu/libc.so.6
fgetc@GLIBC_2.2.5                                 /lib/x86_64-linux-gnu/libc.so.6
fgetc_unlocked                                    /lib/x86_64-linux-gnu/libc.so.6
fgetc_unlocked@@GLIBC_2.2.5                       /lib/x86_64-linux-gnu/libc.so.6
fgetc_unlocked@GLIBC_2.2.5                        /lib/x86_64-linux-gnu/libc.so.6
fgetgrent_r                                       /lib/x86_64-linux-gnu/libc.so.6
fgetgrent_r@@GLIBC_2.2.5                          /lib/x86_64-linux-gnu/libc.so.6
fgetgrent_r@GLIBC_2.2.5                           /lib/x86_64-linux-gnu/libc.so.6
fgetpwent_r                                       /lib/x86_64-linux-gnu/libc.so.6
fgetpwent_r@@GLIBC_2.2.5                          /lib/x86_64-linux-gnu/libc.so.6
fgetpwent_r@GLIBC_2.2.5                           /lib/x86_64-linux-gnu/libc.so.6
fgets                                             /lib/x86_64-linux-gnu/libc.so.6
fgets@@GLIBC_2.2.5                                /lib/x86_64-linux-gnu/libc.so.6
fgets@GLIBC_2.2.5                                 /lib/x86_64-linux-gnu/libc.so.6
fgets_unlocked                                    /lib/x86_64-linux-gnu/libc.so.6
fgets_unlocked@@GLIBC_2.2.5                       /lib/x86_64-linux-gnu/libc.so.6
fgets_unlocked@GLIBC_2.2.5                        /lib/x86_64-linux-gnu/libc.so.6
fgetsgent_r                                       /lib/x86_64-linux-gnu/libc.so.6
fgetsgent_r@@GLIBC_2.10                           /lib/x86_64-linux-gnu/libc.so.6
fgetsgent_r@GLIBC_2.10                            /lib/x86_64-linux-gnu/libc.so.6
fgetspent_r                                       /lib/x86_64-linux-gnu/libc.so.6
fgetspent_r@@GLIBC_2.2.5                          /lib/x86_64-linux-gnu/libc.so.6
fgetspent_r@GLIBC_2.2.5                           /lib/x86_64-linux-gnu/libc.so.6
fgetwc                                            /lib/x86_64-linux-gnu/libc.so.6
fgetwc@@GLIBC_2.2.5                               /lib/x86_64-linux-gnu/libc.so.6
fgetwc@GLIBC_2.2.5                                /lib/x86_64-linux-gnu/libc.so.6
fgetwc_unlocked                                   /lib/x86_64-linux-gnu/libc.so.6
fgetwc_unlocked@@GLIBC_2.2.5                      /lib/x86_64-linux-gnu/libc.so.6
fgetwc_unlocked@GLIBC_2.2.5                       /lib/x86_64-linux-gnu/libc.so.6
fileno                                            /lib/x86_64-linux-gnu/libc.so.6
fileno@@GLIBC_2.2.5                               /lib/x86_64-linux-gnu/libc.so.6
fileno@GLIBC_2.2.5                                /lib/x86_64-linux-gnu/libc.so.6
fileno_unlocked                                   /lib/x86_64-linux-gnu/libc.so.6
fileno_unlocked@@GLIBC_2.2.5                      /lib/x86_64-linux-gnu/libc.so.6
fileno_unlocked@GLIBC_2.2.5                       /lib/x86_64-linux-gnu/libc.so.6
finite                                            /lib/x86_64-linux-gnu/libc.so.6
finite@@GLIBC_2.2.5                               /lib/x86_64-linux-gnu/libc.so.6
finite@GLIBC_2.2.5                                /lib/x86_64-linux-gnu/libc.so.6
finitef                                           /lib/x86_64-linux-gnu/libc.so.6
finitef@@GLIBC_2.2.5                              /lib/x86_64-linux-gnu/libc.so.6
finitef@GLIBC_2.2.5                               /lib/x86_64-linux-gnu/libc.so.6
finitel                                           /lib/x86_64-linux-gnu/libc.so.6
finitel@@GLIBC_2.2.5                              /lib/x86_64-linux-gnu/libc.so.6
finitel@GLIBC_2.2.5                               /lib/x86_64-linux-gnu/libc.so.6
flock                                             /lib/x86_64-linux-gnu/libc.so.6
flock@@GLIBC_2.2.5                                /lib/x86_64-linux-gnu/libc.so.6
flock@GLIBC_2.2.5                                 /lib/x86_64-linux-gnu/libc.so.6
flockfile                                         /lib/x86_64-linux-gnu/libc.so.6
flockfile@@GLIBC_2.2.5                            /lib/x86_64-linux-gnu/libc.so.6
flockfile@GLIBC_2.2.5                             /lib/x86_64-linux-gnu/libc.so.6
fopen64                                           /lib/x86_64-linux-gnu/libc.so.6
fopen64@@GLIBC_2.2.5                              /lib/x86_64-linux-gnu/libc.so.6
fopen64@GLIBC_2.2.5                               /lib/x86_64-linux-gnu/libc.so.6
fork                                              /lib/x86_64-linux-gnu/libc.so.6
fork@@GLIBC_2.2.5                                 /lib/x86_64-linux-gnu/libc.so.6
fork@GLIBC_2.2.5                                  /lib/x86_64-linux-gnu/libc.so.6
fpathconf                                         /lib/x86_64-linux-gnu/libc.so.6
fpathconf@@GLIBC_2.2.5                            /lib/x86_64-linux-gnu/libc.so.6
fpathconf@GLIBC_2.2.5                             /lib/x86_64-linux-gnu/libc.so.6
fputs                                             /lib/x86_64-linux-gnu/libc.so.6
fputs@@GLIBC_2.2.5                                /lib/x86_64-linux-gnu/libc.so.6
fputs@GLIBC_2.2.5                                 /lib/x86_64-linux-gnu/libc.so.6
fputs_unlocked                                    /lib/x86_64-linux-gnu/libc.so.6
fputs_unlocked@@GLIBC_2.2.5                       /lib/x86_64-linux-gnu/libc.so.6
fputs_unlocked@GLIBC_2.2.5                        /lib/x86_64-linux-gnu/libc.so.6
fread                                             /lib/x86_64-linux-gnu/libc.so.6
fread@@GLIBC_2.2.5                                /lib/x86_64-linux-gnu/libc.so.6
fread@GLIBC_2.2.5                                 /lib/x86_64-linux-gnu/libc.so.6
fread_unlocked                                    /lib/x86_64-linux-gnu/libc.so.6
fread_unlocked@@GLIBC_2.2.5                       /lib/x86_64-linux-gnu/libc.so.6
fread_unlocked@GLIBC_2.2.5                        /lib/x86_64-linux-gnu/libc.so.6
freeifaddrs                                       /lib/x86_64-linux-gnu/libc.so.6
freeifaddrs@@GLIBC_2.3                            /lib/x86_64-linux-gnu/libc.so.6
freeifaddrs@GLIBC_2.3                             /lib/x86_64-linux-gnu/libc.so.6
freelocale                                        /lib/x86_64-linux-gnu/libc.so.6
freelocale@@GLIBC_2.3                             /lib/x86_64-linux-gnu/libc.so.6
freelocale@GLIBC_2.3                              /lib/x86_64-linux-gnu/libc.so.6
frexp                                             /lib/x86_64-linux-gnu/libc.so.6
frexp@@GLIBC_2.2.5                                /lib/x86_64-linux-gnu/libc.so.6
frexp@GLIBC_2.2.5                                 /lib/x86_64-linux-gnu/libc.so.6
frexpf                                            /lib/x86_64-linux-gnu/libc.so.6
frexpf@@GLIBC_2.2.5                               /lib/x86_64-linux-gnu/libc.so.6
frexpf@GLIBC_2.2.5                                /lib/x86_64-linux-gnu/libc.so.6
frexpl                                            /lib/x86_64-linux-gnu/libc.so.6
frexpl@@GLIBC_2.2.5                               /lib/x86_64-linux-gnu/libc.so.6
frexpl@GLIBC_2.2.5                                /lib/x86_64-linux-gnu/libc.so.6
fseeko64                                          /lib/x86_64-linux-gnu/libc.so.6
fseeko64@@GLIBC_2.2.5                             /lib/x86_64-linux-gnu/libc.so.6
fseeko64@GLIBC_2.2.5                              /lib/x86_64-linux-gnu/libc.so.6
fstatfs                                           /lib/x86_64-linux-gnu/libc.so.6
fstatfs64                                         /lib/x86_64-linux-gnu/libc.so.6
fstatfs64@@GLIBC_2.2.5                            /lib/x86_64-linux-gnu/libc.so.6
fstatfs64@GLIBC_2.2.5                             /lib/x86_64-linux-gnu/libc.so.6
fstatfs@@GLIBC_2.2.5                              /lib/x86_64-linux-gnu/libc.so.6
fstatfs@GLIBC_2.2.5                               /lib/x86_64-linux-gnu/libc.so.6
fstatvfs                                          /lib/x86_64-linux-gnu/libc.so.6
fstatvfs64                                        /lib/x86_64-linux-gnu/libc.so.6
fstatvfs64@@GLIBC_2.2.5                           /lib/x86_64-linux-gnu/libc.so.6
fstatvfs64@GLIBC_2.2.5                            /lib/x86_64-linux-gnu/libc.so.6
fstatvfs@@GLIBC_2.2.5                             /lib/x86_64-linux-gnu/libc.so.6
fstatvfs@GLIBC_2.2.5                              /lib/x86_64-linux-gnu/libc.so.6
ftell                                             /lib/x86_64-linux-gnu/libc.so.6
ftell@@GLIBC_2.2.5                                /lib/x86_64-linux-gnu/libc.so.6
ftell@GLIBC_2.2.5                                 /lib/x86_64-linux-gnu/libc.so.6
ftello                                            /lib/x86_64-linux-gnu/libc.so.6
ftello64                                          /lib/x86_64-linux-gnu/libc.so.6
ftello64@@GLIBC_2.2.5                             /lib/x86_64-linux-gnu/libc.so.6
ftello64@GLIBC_2.2.5                              /lib/x86_64-linux-gnu/libc.so.6
ftello@@GLIBC_2.2.5                               /lib/x86_64-linux-gnu/libc.so.6
ftello@GLIBC_2.2.5                                /lib/x86_64-linux-gnu/libc.so.6
ftruncate                                         /lib/x86_64-linux-gnu/libc.so.6
ftruncate64                                       /lib/x86_64-linux-gnu/libc.so.6
ftruncate64@@GLIBC_2.2.5                          /lib/x86_64-linux-gnu/libc.so.6
ftruncate64@GLIBC_2.2.5                           /lib/x86_64-linux-gnu/libc.so.6
ftruncate@@GLIBC_2.2.5                            /lib/x86_64-linux-gnu/libc.so.6
ftruncate@GLIBC_2.2.5                             /lib/x86_64-linux-gnu/libc.so.6
ftrylockfile                                      /lib/x86_64-linux-gnu/libc.so.6
ftrylockfile@@GLIBC_2.2.5                         /lib/x86_64-linux-gnu/libc.so.6
ftrylockfile@GLIBC_2.2.5                          /lib/x86_64-linux-gnu/libc.so.6
fts64_children                                    /lib/x86_64-linux-gnu/libc.so.6
fts64_children@@GLIBC_2.23                        /lib/x86_64-linux-gnu/libc.so.6
fts64_children@GLIBC_2.23                         /lib/x86_64-linux-gnu/libc.so.6
fts64_close                                       /lib/x86_64-linux-gnu/libc.so.6
fts64_close@@GLIBC_2.23                           /lib/x86_64-linux-gnu/libc.so.6
fts64_close@GLIBC_2.23                            /lib/x86_64-linux-gnu/libc.so.6
fts64_open                                        /lib/x86_64-linux-gnu/libc.so.6
fts64_open@@GLIBC_2.23                            /lib/x86_64-linux-gnu/libc.so.6
fts64_open@GLIBC_2.23                             /lib/x86_64-linux-gnu/libc.so.6
fts64_read                                        /lib/x86_64-linux-gnu/libc.so.6
fts64_read@@GLIBC_2.23                            /lib/x86_64-linux-gnu/libc.so.6
fts64_read@GLIBC_2.23                             /lib/x86_64-linux-gnu/libc.so.6
fts64_set                                         /lib/x86_64-linux-gnu/libc.so.6
fts64_set@@GLIBC_2.23                             /lib/x86_64-linux-gnu/libc.so.6
fts64_set@GLIBC_2.23                              /lib/x86_64-linux-gnu/libc.so.6
ftw64                                             /lib/x86_64-linux-gnu/libc.so.6
ftw64@@GLIBC_2.2.5                                /lib/x86_64-linux-gnu/libc.so.6
ftw64@GLIBC_2.2.5                                 /lib/x86_64-linux-gnu/libc.so.6
funlockfile                                       /lib/x86_64-linux-gnu/libc.so.6
funlockfile@@GLIBC_2.2.5                          /lib/x86_64-linux-gnu/libc.so.6
funlockfile@GLIBC_2.2.5                           /lib/x86_64-linux-gnu/libc.so.6
futimes                                           /lib/x86_64-linux-gnu/libc.so.6
futimes@@GLIBC_2.3                                /lib/x86_64-linux-gnu/libc.so.6
futimes@GLIBC_2.3                                 /lib/x86_64-linux-gnu/libc.so.6
fwprintf                                          /lib/x86_64-linux-gnu/libc.so.6
fwprintf@@GLIBC_2.2.5                             /lib/x86_64-linux-gnu/libc.so.6
fwprintf@GLIBC_2.2.5                              /lib/x86_64-linux-gnu/libc.so.6
fwrite                                            /lib/x86_64-linux-gnu/libc.so.6
fwrite@@GLIBC_2.2.5                               /lib/x86_64-linux-gnu/libc.so.6
fwrite@GLIBC_2.2.5                                /lib/x86_64-linux-gnu/libc.so.6
get_avphys_pages                                  /lib/x86_64-linux-gnu/libc.so.6
get_avphys_pages@@GLIBC_2.2.5                     /lib/x86_64-linux-gnu/libc.so.6
get_avphys_pages@GLIBC_2.2.5                      /lib/x86_64-linux-gnu/libc.so.6
get_nprocs                                        /lib/x86_64-linux-gnu/libc.so.6
get_nprocs@@GLIBC_2.2.5                           /lib/x86_64-linux-gnu/libc.so.6
get_nprocs@GLIBC_2.2.5                            /lib/x86_64-linux-gnu/libc.so.6
get_nprocs_conf                                   /lib/x86_64-linux-gnu/libc.so.6
get_nprocs_conf@@GLIBC_2.2.5                      /lib/x86_64-linux-gnu/libc.so.6
get_nprocs_conf@GLIBC_2.2.5                       /lib/x86_64-linux-gnu/libc.so.6
get_phys_pages                                    /lib/x86_64-linux-gnu/libc.so.6
get_phys_pages@@GLIBC_2.2.5                       /lib/x86_64-linux-gnu/libc.so.6
get_phys_pages@GLIBC_2.2.5                        /lib/x86_64-linux-gnu/libc.so.6
getauxval                                         /lib/x86_64-linux-gnu/libc.so.6
getauxval@@GLIBC_2.16                             /lib/x86_64-linux-gnu/libc.so.6
getauxval@GLIBC_2.16                              /lib/x86_64-linux-gnu/libc.so.6
getc                                              /lib/x86_64-linux-gnu/libc.so.6
getc@@GLIBC_2.2.5                                 /lib/x86_64-linux-gnu/libc.so.6
getc@GLIBC_2.2.5                                  /lib/x86_64-linux-gnu/libc.so.6
getc_unlocked                                     /lib/x86_64-linux-gnu/libc.so.6
getc_unlocked@@GLIBC_2.2.5                        /lib/x86_64-linux-gnu/libc.so.6
getc_unlocked@GLIBC_2.2.5                         /lib/x86_64-linux-gnu/libc.so.6
getcontext                                        /lib/x86_64-linux-gnu/libc.so.6
getcontext@@GLIBC_2.2.5                           /lib/x86_64-linux-gnu/libc.so.6
getcontext@GLIBC_2.2.5                            /lib/x86_64-linux-gnu/libc.so.6
getcwd                                            /lib/x86_64-linux-gnu/libc.so.6
getcwd@@GLIBC_2.2.5                               /lib/x86_64-linux-gnu/libc.so.6
getcwd@GLIBC_2.2.5                                /lib/x86_64-linux-gnu/libc.so.6
getdate_r                                         /lib/x86_64-linux-gnu/libc.so.6
getdate_r@@GLIBC_2.2.5                            /lib/x86_64-linux-gnu/libc.so.6
getdate_r@GLIBC_2.2.5                             /lib/x86_64-linux-gnu/libc.so.6
getdelim                                          /lib/x86_64-linux-gnu/libc.so.6
getdelim@@GLIBC_2.2.5                             /lib/x86_64-linux-gnu/libc.so.6
getdelim@GLIBC_2.2.5                              /lib/x86_64-linux-gnu/libc.so.6
getdirentries64                                   /lib/x86_64-linux-gnu/libc.so.6
getdirentries64@@GLIBC_2.2.5                      /lib/x86_64-linux-gnu/libc.so.6
getdirentries64@GLIBC_2.2.5                       /lib/x86_64-linux-gnu/libc.so.6
getdtablesize                                     /lib/x86_64-linux-gnu/libc.so.6
getdtablesize@@GLIBC_2.2.5                        /lib/x86_64-linux-gnu/libc.so.6
getdtablesize@GLIBC_2.2.5                         /lib/x86_64-linux-gnu/libc.so.6
getegid                                           /lib/x86_64-linux-gnu/libc.so.6
getegid@@GLIBC_2.2.5                              /lib/x86_64-linux-gnu/libc.so.6
getegid@GLIBC_2.2.5                               /lib/x86_64-linux-gnu/libc.so.6
geteuid                                           /lib/x86_64-linux-gnu/libc.so.6
geteuid@@GLIBC_2.2.5                              /lib/x86_64-linux-gnu/libc.so.6
geteuid@GLIBC_2.2.5                               /lib/x86_64-linux-gnu/libc.so.6
getgid                                            /lib/x86_64-linux-gnu/libc.so.6
getgid@@GLIBC_2.2.5                               /lib/x86_64-linux-gnu/libc.so.6
getgid@GLIBC_2.2.5                                /lib/x86_64-linux-gnu/libc.so.6
getgroups                                         /lib/x86_64-linux-gnu/libc.so.6
getgroups@@GLIBC_2.2.5                            /lib/x86_64-linux-gnu/libc.so.6
getgroups@GLIBC_2.2.5                             /lib/x86_64-linux-gnu/libc.so.6
gethostname                                       /lib/x86_64-linux-gnu/libc.so.6
gethostname@@GLIBC_2.2.5                          /lib/x86_64-linux-gnu/libc.so.6
gethostname@GLIBC_2.2.5                           /lib/x86_64-linux-gnu/libc.so.6
getifaddrs                                        /lib/x86_64-linux-gnu/libc.so.6
getifaddrs@@GLIBC_2.3                             /lib/x86_64-linux-gnu/libc.so.6
getifaddrs@GLIBC_2.3                              /lib/x86_64-linux-gnu/libc.so.6
getitimer                                         /lib/x86_64-linux-gnu/libc.so.6
getitimer@@GLIBC_2.2.5                            /lib/x86_64-linux-gnu/libc.so.6
getitimer@GLIBC_2.2.5                             /lib/x86_64-linux-gnu/libc.so.6
getline                                           /lib/x86_64-linux-gnu/libc.so.6
getline@@GLIBC_2.2.5                              /lib/x86_64-linux-gnu/libc.so.6
getline@GLIBC_2.2.5                               /lib/x86_64-linux-gnu/libc.so.6
getlogin_r                                        /lib/x86_64-linux-gnu/libc.so.6
getlogin_r@@GLIBC_2.2.5                           /lib/x86_64-linux-gnu/libc.so.6
getlogin_r@GLIBC_2.2.5                            /lib/x86_64-linux-gnu/libc.so.6
getmntent_r                                       /lib/x86_64-linux-gnu/libc.so.6
getmntent_r@@GLIBC_2.2.5                          /lib/x86_64-linux-gnu/libc.so.6
getmntent_r@GLIBC_2.2.5                           /lib/x86_64-linux-gnu/libc.so.6
getnetgrent_r                                     /lib/x86_64-linux-gnu/libc.so.6
getnetgrent_r@@GLIBC_2.2.5                        /lib/x86_64-linux-gnu/libc.so.6
getnetgrent_r@GLIBC_2.2.5                         /lib/x86_64-linux-gnu/libc.so.6
getpagesize                                       /lib/x86_64-linux-gnu/libc.so.6
getpagesize@@GLIBC_2.2.5                          /lib/x86_64-linux-gnu/libc.so.6
getpagesize@GLIBC_2.2.5                           /lib/x86_64-linux-gnu/libc.so.6
getpeername                                       /lib/x86_64-linux-gnu/libc.so.6
getpeername@@GLIBC_2.2.5                          /lib/x86_64-linux-gnu/libc.so.6
getpeername@GLIBC_2.2.5                           /lib/x86_64-linux-gnu/libc.so.6
getpgid                                           /lib/x86_64-linux-gnu/libc.so.6
getpgid@@GLIBC_2.2.5                              /lib/x86_64-linux-gnu/libc.so.6
getpgid@GLIBC_2.2.5                               /lib/x86_64-linux-gnu/libc.so.6
getpid                                            /lib/x86_64-linux-gnu/libc.so.6
getpid@@GLIBC_2.2.5                               /lib/x86_64-linux-gnu/libc.so.6
getpid@GLIBC_2.2.5                                /lib/x86_64-linux-gnu/libc.so.6
getppid                                           /lib/x86_64-linux-gnu/libc.so.6
getppid@@GLIBC_2.2.5                              /lib/x86_64-linux-gnu/libc.so.6
getppid@GLIBC_2.2.5                               /lib/x86_64-linux-gnu/libc.so.6
getpriority                                       /lib/x86_64-linux-gnu/libc.so.6
getpriority@@GLIBC_2.2.5                          /lib/x86_64-linux-gnu/libc.so.6
getpriority@GLIBC_2.2.5                           /lib/x86_64-linux-gnu/libc.so.6
getpt                                             /lib/x86_64-linux-gnu/libc.so.6
getpt@@GLIBC_2.2.5                                /lib/x86_64-linux-gnu/libc.so.6
getpt@GLIBC_2.2.5                                 /lib/x86_64-linux-gnu/libc.so.6
getpw                                             /lib/x86_64-linux-gnu/libc.so.6
getpw@@GLIBC_2.2.5                                /lib/x86_64-linux-gnu/libc.so.6
getpw@GLIBC_2.2.5                                 /lib/x86_64-linux-gnu/libc.so.6
getrlimit                                         /lib/x86_64-linux-gnu/libc.so.6
getrlimit64                                       /lib/x86_64-linux-gnu/libc.so.6
getrlimit64@@GLIBC_2.2.5                          /lib/x86_64-linux-gnu/libc.so.6
getrlimit64@GLIBC_2.2.5                           /lib/x86_64-linux-gnu/libc.so.6
getrlimit@@GLIBC_2.2.5                            /lib/x86_64-linux-gnu/libc.so.6
getrlimit@GLIBC_2.2.5                             /lib/x86_64-linux-gnu/libc.so.6
getrusage                                         /lib/x86_64-linux-gnu/libc.so.6
getrusage@@GLIBC_2.2.5                            /lib/x86_64-linux-gnu/libc.so.6
getrusage@GLIBC_2.2.5                             /lib/x86_64-linux-gnu/libc.so.6
gets                                              /lib/x86_64-linux-gnu/libc.so.6
gets@@GLIBC_2.2.5                                 /lib/x86_64-linux-gnu/libc.so.6
gets@GLIBC_2.2.5                                  /lib/x86_64-linux-gnu/libc.so.6
getsockname                                       /lib/x86_64-linux-gnu/libc.so.6
getsockname@@GLIBC_2.2.5                          /lib/x86_64-linux-gnu/libc.so.6
getsockname@GLIBC_2.2.5                           /lib/x86_64-linux-gnu/libc.so.6
getsockopt                                        /lib/x86_64-linux-gnu/libc.so.6
getsockopt@@GLIBC_2.2.5                           /lib/x86_64-linux-gnu/libc.so.6
getsockopt@GLIBC_2.2.5                            /lib/x86_64-linux-gnu/libc.so.6
gettext                                           /lib/x86_64-linux-gnu/libc.so.6
gettext@@GLIBC_2.2.5                              /lib/x86_64-linux-gnu/libc.so.6
gettext@GLIBC_2.2.5                               /lib/x86_64-linux-gnu/libc.so.6
gettimeofday                                      /lib/x86_64-linux-gnu/libc.so.6
gettimeofday@@GLIBC_2.2.5                         /lib/x86_64-linux-gnu/libc.so.6
gettimeofday@GLIBC_2.2.5                          /lib/x86_64-linux-gnu/libc.so.6
getttyent                                         /lib/x86_64-linux-gnu/libc.so.6
getttyent@@GLIBC_2.2.5                            /lib/x86_64-linux-gnu/libc.so.6
getttyent@GLIBC_2.2.5                             /lib/x86_64-linux-gnu/libc.so.6
getttynam                                         /lib/x86_64-linux-gnu/libc.so.6
getttynam@@GLIBC_2.2.5                            /lib/x86_64-linux-gnu/libc.so.6
getttynam@GLIBC_2.2.5                             /lib/x86_64-linux-gnu/libc.so.6
getuid                                            /lib/x86_64-linux-gnu/libc.so.6
getuid@@GLIBC_2.2.5                               /lib/x86_64-linux-gnu/libc.so.6
getuid@GLIBC_2.2.5                                /lib/x86_64-linux-gnu/libc.so.6
getutent                                          /lib/x86_64-linux-gnu/libc.so.6
getutent@@GLIBC_2.2.5                             /lib/x86_64-linux-gnu/libc.so.6
getutent@GLIBC_2.2.5                              /lib/x86_64-linux-gnu/libc.so.6
getutent_r                                        /lib/x86_64-linux-gnu/libc.so.6
getutent_r@@GLIBC_2.2.5                           /lib/x86_64-linux-gnu/libc.so.6
getutent_r@GLIBC_2.2.5                            /lib/x86_64-linux-gnu/libc.so.6
getutid                                           /lib/x86_64-linux-gnu/libc.so.6
getutid@@GLIBC_2.2.5                              /lib/x86_64-linux-gnu/libc.so.6
getutid@GLIBC_2.2.5                               /lib/x86_64-linux-gnu/libc.so.6
getutid_r                                         /lib/x86_64-linux-gnu/libc.so.6
getutid_r@@GLIBC_2.2.5                            /lib/x86_64-linux-gnu/libc.so.6
getutid_r@GLIBC_2.2.5                             /lib/x86_64-linux-gnu/libc.so.6
getutline                                         /lib/x86_64-linux-gnu/libc.so.6
getutline@@GLIBC_2.2.5                            /lib/x86_64-linux-gnu/libc.so.6
getutline@GLIBC_2.2.5                             /lib/x86_64-linux-gnu/libc.so.6
getutline_r                                       /lib/x86_64-linux-gnu/libc.so.6
getutline_r@@GLIBC_2.2.5                          /lib/x86_64-linux-gnu/libc.so.6
getutline_r@GLIBC_2.2.5                           /lib/x86_64-linux-gnu/libc.so.6
getwc                                             /lib/x86_64-linux-gnu/libc.so.6
getwc@@GLIBC_2.2.5                                /lib/x86_64-linux-gnu/libc.so.6
getwc@GLIBC_2.2.5                                 /lib/x86_64-linux-gnu/libc.so.6
getwc_unlocked                                    /lib/x86_64-linux-gnu/libc.so.6
getwc_unlocked@@GLIBC_2.2.5                       /lib/x86_64-linux-gnu/libc.so.6
getwc_unlocked@GLIBC_2.2.5                        /lib/x86_64-linux-gnu/libc.so.6
glob_pattern_p                                    /lib/x86_64-linux-gnu/libc.so.6
glob_pattern_p@@GLIBC_2.2.5                       /lib/x86_64-linux-gnu/libc.so.6
glob_pattern_p@GLIBC_2.2.5                        /lib/x86_64-linux-gnu/libc.so.6
globfree64                                        /lib/x86_64-linux-gnu/libc.so.6
globfree64@@GLIBC_2.2.5                           /lib/x86_64-linux-gnu/libc.so.6
globfree64@GLIBC_2.2.5                            /lib/x86_64-linux-gnu/libc.so.6
gmtime_r                                          /lib/x86_64-linux-gnu/libc.so.6
gmtime_r@@GLIBC_2.2.5                             /lib/x86_64-linux-gnu/libc.so.6
gmtime_r@GLIBC_2.2.5                              /lib/x86_64-linux-gnu/libc.so.6
gnu_get_libc_release                              /lib/x86_64-linux-gnu/libc.so.6
gnu_get_libc_release@@GLIBC_2.2.5                 /lib/x86_64-linux-gnu/libc.so.6
gnu_get_libc_release@GLIBC_2.2.5                  /lib/x86_64-linux-gnu/libc.so.6
gnu_get_libc_version                              /lib/x86_64-linux-gnu/libc.so.6
gnu_get_libc_version@@GLIBC_2.2.5                 /lib/x86_64-linux-gnu/libc.so.6
gnu_get_libc_version@GLIBC_2.2.5                  /lib/x86_64-linux-gnu/libc.so.6
group_member                                      /lib/x86_64-linux-gnu/libc.so.6
group_member@@GLIBC_2.2.5                         /lib/x86_64-linux-gnu/libc.so.6
group_member@GLIBC_2.2.5                          /lib/x86_64-linux-gnu/libc.so.6
gsignal                                           /lib/x86_64-linux-gnu/libc.so.6
gsignal@@GLIBC_2.2.5                              /lib/x86_64-linux-gnu/libc.so.6
gsignal@GLIBC_2.2.5                               /lib/x86_64-linux-gnu/libc.so.6
hasmntopt                                         /lib/x86_64-linux-gnu/libc.so.6
hasmntopt@@GLIBC_2.2.5                            /lib/x86_64-linux-gnu/libc.so.6
hasmntopt@GLIBC_2.2.5                             /lib/x86_64-linux-gnu/libc.so.6
hcreate_r                                         /lib/x86_64-linux-gnu/libc.so.6
hcreate_r@@GLIBC_2.2.5                            /lib/x86_64-linux-gnu/libc.so.6
hcreate_r@GLIBC_2.2.5                             /lib/x86_64-linux-gnu/libc.so.6
hdestroy                                          /lib/x86_64-linux-gnu/libc.so.6
hdestroy@@GLIBC_2.2.5                             /lib/x86_64-linux-gnu/libc.so.6
hdestroy@GLIBC_2.2.5                              /lib/x86_64-linux-gnu/libc.so.6
hdestroy_r                                        /lib/x86_64-linux-gnu/libc.so.6
hdestroy_r@@GLIBC_2.2.5                           /lib/x86_64-linux-gnu/libc.so.6
hdestroy_r@GLIBC_2.2.5                            /lib/x86_64-linux-gnu/libc.so.6
hsearch_r                                         /lib/x86_64-linux-gnu/libc.so.6
hsearch_r@@GLIBC_2.2.5                            /lib/x86_64-linux-gnu/libc.so.6
hsearch_r@GLIBC_2.2.5                             /lib/x86_64-linux-gnu/libc.so.6
if_freenameindex                                  /lib/x86_64-linux-gnu/libc.so.6
if_freenameindex@@GLIBC_2.2.5                     /lib/x86_64-linux-gnu/libc.so.6
if_freenameindex@GLIBC_2.2.5                      /lib/x86_64-linux-gnu/libc.so.6
if_indextoname                                    /lib/x86_64-linux-gnu/libc.so.6
if_indextoname@@GLIBC_2.2.5                       /lib/x86_64-linux-gnu/libc.so.6
if_indextoname@GLIBC_2.2.5                        /lib/x86_64-linux-gnu/libc.so.6
if_nameindex                                      /lib/x86_64-linux-gnu/libc.so.6
if_nameindex@@GLIBC_2.2.5                         /lib/x86_64-linux-gnu/libc.so.6
if_nameindex@GLIBC_2.2.5                          /lib/x86_64-linux-gnu/libc.so.6
if_nametoindex                                    /lib/x86_64-linux-gnu/libc.so.6
if_nametoindex@@GLIBC_2.2.5                       /lib/x86_64-linux-gnu/libc.so.6
if_nametoindex@GLIBC_2.2.5                        /lib/x86_64-linux-gnu/libc.so.6
imaxabs                                           /lib/x86_64-linux-gnu/libc.so.6
imaxabs@@GLIBC_2.2.5                              /lib/x86_64-linux-gnu/libc.so.6
imaxabs@GLIBC_2.2.5                               /lib/x86_64-linux-gnu/libc.so.6
imaxdiv                                           /lib/x86_64-linux-gnu/libc.so.6
imaxdiv@@GLIBC_2.2.5                              /lib/x86_64-linux-gnu/libc.so.6
imaxdiv@GLIBC_2.2.5                               /lib/x86_64-linux-gnu/libc.so.6
in6addr_any                                       /lib/x86_64-linux-gnu/libc.so.6
in6addr_any@@GLIBC_2.2.5                          /lib/x86_64-linux-gnu/libc.so.6
in6addr_any@GLIBC_2.2.5                           /lib/x86_64-linux-gnu/libc.so.6
in6addr_loopback                                  /lib/x86_64-linux-gnu/libc.so.6
in6addr_loopback@@GLIBC_2.2.5                     /lib/x86_64-linux-gnu/libc.so.6
in6addr_loopback@GLIBC_2.2.5                      /lib/x86_64-linux-gnu/libc.so.6
index                                             /lib/x86_64-linux-gnu/libc.so.6
index@@GLIBC_2.2.5                                /lib/x86_64-linux-gnu/libc.so.6
index@GLIBC_2.2.5                                 /lib/x86_64-linux-gnu/libc.so.6
inet_addr                                         /lib/x86_64-linux-gnu/libc.so.6
inet_addr@@GLIBC_2.2.5                            /lib/x86_64-linux-gnu/libc.so.6
inet_addr@GLIBC_2.2.5                             /lib/x86_64-linux-gnu/libc.so.6
inet_aton                                         /lib/x86_64-linux-gnu/libc.so.6
inet_aton@@GLIBC_2.2.5                            /lib/x86_64-linux-gnu/libc.so.6
inet_aton@GLIBC_2.2.5                             /lib/x86_64-linux-gnu/libc.so.6
inet_makeaddr                                     /lib/x86_64-linux-gnu/libc.so.6
inet_makeaddr@@GLIBC_2.2.5                        /lib/x86_64-linux-gnu/libc.so.6
inet_makeaddr@GLIBC_2.2.5                         /lib/x86_64-linux-gnu/libc.so.6
inet_pton                                         /lib/x86_64-linux-gnu/libc.so.6
inet_pton@@GLIBC_2.2.5                            /lib/x86_64-linux-gnu/libc.so.6
inet_pton@GLIBC_2.2.5                             /lib/x86_64-linux-gnu/libc.so.6
initHardware                                      build/debug_x86/hardware/source/x86/x86.o
                                                  build/debug_x86/source/main.o
initstate                                         /lib/x86_64-linux-gnu/libc.so.6
initstate@@GLIBC_2.2.5                            /lib/x86_64-linux-gnu/libc.so.6
initstate@GLIBC_2.2.5                             /lib/x86_64-linux-gnu/libc.so.6
initstate_r                                       /lib/x86_64-linux-gnu/libc.so.6
initstate_r@@GLIBC_2.2.5                          /lib/x86_64-linux-gnu/libc.so.6
initstate_r@GLIBC_2.2.5                           /lib/x86_64-linux-gnu/libc.so.6
ioctl                                             /lib/x86_64-linux-gnu/libc.so.6
ioctl@@GLIBC_2.2.5                                /lib/x86_64-linux-gnu/libc.so.6
ioctl@GLIBC_2.2.5                                 /lib/x86_64-linux-gnu/libc.so.6
isalnum_l                                         /lib/x86_64-linux-gnu/libc.so.6
isalnum_l@@GLIBC_2.3                              /lib/x86_64-linux-gnu/libc.so.6
isalnum_l@GLIBC_2.3                               /lib/x86_64-linux-gnu/libc.so.6
isalpha_l                                         /lib/x86_64-linux-gnu/libc.so.6
isalpha_l@@GLIBC_2.3                              /lib/x86_64-linux-gnu/libc.so.6
isalpha_l@GLIBC_2.3                               /lib/x86_64-linux-gnu/libc.so.6
isatty                                            /lib/x86_64-linux-gnu/libc.so.6
isatty@@GLIBC_2.2.5                               /lib/x86_64-linux-gnu/libc.so.6
isatty@GLIBC_2.2.5                                /lib/x86_64-linux-gnu/libc.so.6
isblank_l                                         /lib/x86_64-linux-gnu/libc.so.6
isblank_l@@GLIBC_2.3                              /lib/x86_64-linux-gnu/libc.so.6
isblank_l@GLIBC_2.3                               /lib/x86_64-linux-gnu/libc.so.6
iscntrl_l                                         /lib/x86_64-linux-gnu/libc.so.6
iscntrl_l@@GLIBC_2.3                              /lib/x86_64-linux-gnu/libc.so.6
iscntrl_l@GLIBC_2.3                               /lib/x86_64-linux-gnu/libc.so.6
isctype                                           /lib/x86_64-linux-gnu/libc.so.6
isctype@@GLIBC_2.3                                /lib/x86_64-linux-gnu/libc.so.6
isctype@GLIBC_2.3                                 /lib/x86_64-linux-gnu/libc.so.6
isdigit_l                                         /lib/x86_64-linux-gnu/libc.so.6
isdigit_l@@GLIBC_2.3                              /lib/x86_64-linux-gnu/libc.so.6
isdigit_l@GLIBC_2.3                               /lib/x86_64-linux-gnu/libc.so.6
isgraph_l                                         /lib/x86_64-linux-gnu/libc.so.6
isgraph_l@@GLIBC_2.3                              /lib/x86_64-linux-gnu/libc.so.6
isgraph_l@GLIBC_2.3                               /lib/x86_64-linux-gnu/libc.so.6
isinf                                             /lib/x86_64-linux-gnu/libc.so.6
isinf@@GLIBC_2.2.5                                /lib/x86_64-linux-gnu/libc.so.6
isinf@GLIBC_2.2.5                                 /lib/x86_64-linux-gnu/libc.so.6
isinff                                            /lib/x86_64-linux-gnu/libc.so.6
isinff@@GLIBC_2.2.5                               /lib/x86_64-linux-gnu/libc.so.6
isinff@GLIBC_2.2.5                                /lib/x86_64-linux-gnu/libc.so.6
isinfl                                            /lib/x86_64-linux-gnu/libc.so.6
isinfl@@GLIBC_2.2.5                               /lib/x86_64-linux-gnu/libc.so.6
isinfl@GLIBC_2.2.5                                /lib/x86_64-linux-gnu/libc.so.6
islower_l                                         /lib/x86_64-linux-gnu/libc.so.6
islower_l@@GLIBC_2.3                              /lib/x86_64-linux-gnu/libc.so.6
islower_l@GLIBC_2.3                               /lib/x86_64-linux-gnu/libc.so.6
isnan                                             /lib/x86_64-linux-gnu/libc.so.6
isnan@@GLIBC_2.2.5                                /lib/x86_64-linux-gnu/libc.so.6
isnan@GLIBC_2.2.5                                 /lib/x86_64-linux-gnu/libc.so.6
isnanf                                            /lib/x86_64-linux-gnu/libc.so.6
isnanf@@GLIBC_2.2.5                               /lib/x86_64-linux-gnu/libc.so.6
isnanf@GLIBC_2.2.5                                /lib/x86_64-linux-gnu/libc.so.6
isnanl                                            /lib/x86_64-linux-gnu/libc.so.6
isnanl@@GLIBC_2.2.5                               /lib/x86_64-linux-gnu/libc.so.6
isnanl@GLIBC_2.2.5                                /lib/x86_64-linux-gnu/libc.so.6
isprint_l                                         /lib/x86_64-linux-gnu/libc.so.6
isprint_l@@GLIBC_2.3                              /lib/x86_64-linux-gnu/libc.so.6
isprint_l@GLIBC_2.3                               /lib/x86_64-linux-gnu/libc.so.6
ispunct_l                                         /lib/x86_64-linux-gnu/libc.so.6
ispunct_l@@GLIBC_2.3                              /lib/x86_64-linux-gnu/libc.so.6
ispunct_l@GLIBC_2.3                               /lib/x86_64-linux-gnu/libc.so.6
isspace_l                                         /lib/x86_64-linux-gnu/libc.so.6