Archive member included to satisfy reference by file (symbol)

/usr/lib/gcc/arm-none-eabi/6.3.1/../../../arm-none-eabi/lib/thumb/v7-m/libc_nano.a(lib_a-atexit.o)
                              /usr/lib/gcc/arm-none-eabi/6.3.1/../../../arm-none-eabi/lib/thumb/v7-m/crt0.o (atexit)
/usr/lib/gcc/arm-none-eabi/6.3.1/../../../arm-none-eabi/lib/thumb/v7-m/libc_nano.a(lib_a-exit.o)
                              /usr/lib/gcc/arm-none-eabi/6.3.1/../../../arm-none-eabi/lib/thumb/v7-m/crt0.o (exit)
/usr/lib/gcc/arm-none-eabi/6.3.1/../../../arm-none-eabi/lib/thumb/v7-m/libc_nano.a(lib_a-fini.o)
                              /usr/lib/gcc/arm-none-eabi/6.3.1/../../../arm-none-eabi/lib/thumb/v7-m/crt0.o (__libc_fini_array)
/usr/lib/gcc/arm-none-eabi/6.3.1/../../../arm-none-eabi/lib/thumb/v7-m/libc_nano.a(lib_a-impure.o)
                              /usr/lib/gcc/arm-none-eabi/6.3.1/../../../arm-none-eabi/lib/thumb/v7-m/libc_nano.a(lib_a-exit.o) (_global_impure_ptr)
/usr/lib/gcc/arm-none-eabi/6.3.1/../../../arm-none-eabi/lib/thumb/v7-m/libc_nano.a(lib_a-init.o)
                              /usr/lib/gcc/arm-none-eabi/6.3.1/../../../arm-none-eabi/lib/thumb/v7-m/crt0.o (__libc_init_array)
/usr/lib/gcc/arm-none-eabi/6.3.1/../../../arm-none-eabi/lib/thumb/v7-m/libc_nano.a(lib_a-memset.o)
                              /usr/lib/gcc/arm-none-eabi/6.3.1/../../../arm-none-eabi/lib/thumb/v7-m/crt0.o (memset)
/usr/lib/gcc/arm-none-eabi/6.3.1/../../../arm-none-eabi/lib/thumb/v7-m/libc_nano.a(lib_a-__atexit.o)
                              /usr/lib/gcc/arm-none-eabi/6.3.1/../../../arm-none-eabi/lib/thumb/v7-m/libc_nano.a(lib_a-atexit.o) (__register_exitproc)
/usr/lib/gcc/arm-none-eabi/6.3.1/../../../arm-none-eabi/lib/thumb/v7-m/libc_nano.a(lib_a-__call_atexit.o)
                              /usr/lib/gcc/arm-none-eabi/6.3.1/../../../arm-none-eabi/lib/thumb/v7-m/libc_nano.a(lib_a-__atexit.o) (__call_exitprocs)
/usr/lib/gcc/arm-none-eabi/6.3.1/../../../arm-none-eabi/lib/thumb/v7-m/libnosys.a(_exit.o)
                              /usr/lib/gcc/arm-none-eabi/6.3.1/../../../arm-none-eabi/lib/thumb/v7-m/libc_nano.a(lib_a-exit.o) (_exit)

Allocating common symbols
Common symbol       size              file

uwTick              0x4               build/debug_STM32F1/libraries/STM32CubeF1/STM32F1xx_HAL_Driver/Src/stm32f1xx_hal.o
pFlash              0x20              build/debug_STM32F1/libraries/STM32CubeF1/STM32F1xx_HAL_Driver/Src/stm32f1xx_hal_flash.o

Discarded input sections

 .text          0x0000000000000000        0x0 /usr/lib/gcc/arm-none-eabi/6.3.1/thumb/v7-m/crti.o
 .data          0x0000000000000000        0x0 /usr/lib/gcc/arm-none-eabi/6.3.1/thumb/v7-m/crti.o
 .bss           0x0000000000000000        0x0 /usr/lib/gcc/arm-none-eabi/6.3.1/thumb/v7-m/crti.o
 .data          0x0000000000000000        0x4 /usr/lib/gcc/arm-none-eabi/6.3.1/thumb/v7-m/crtbegin.o
 .text          0x0000000000000000       0x68 /usr/lib/gcc/arm-none-eabi/6.3.1/../../../arm-none-eabi/lib/thumb/v7-m/crt0.o
 .data          0x0000000000000000        0x0 /usr/lib/gcc/arm-none-eabi/6.3.1/../../../arm-none-eabi/lib/thumb/v7-m/crt0.o
 .bss           0x0000000000000000        0x0 /usr/lib/gcc/arm-none-eabi/6.3.1/../../../arm-none-eabi/lib/thumb/v7-m/crt0.o
 .ARM.extab     0x0000000000000000        0x0 /usr/lib/gcc/arm-none-eabi/6.3.1/../../../arm-none-eabi/lib/thumb/v7-m/crt0.o
 .ARM.exidx     0x0000000000000000        0x8 /usr/lib/gcc/arm-none-eabi/6.3.1/../../../arm-none-eabi/lib/thumb/v7-m/crt0.o
 .debug_line    0x0000000000000000       0x7e /usr/lib/gcc/arm-none-eabi/6.3.1/../../../arm-none-eabi/lib/thumb/v7-m/crt0.o
 .debug_info    0x0000000000000000       0xa3 /usr/lib/gcc/arm-none-eabi/6.3.1/../../../arm-none-eabi/lib/thumb/v7-m/crt0.o
 .debug_abbrev  0x0000000000000000       0x14 /usr/lib/gcc/arm-none-eabi/6.3.1/../../../arm-none-eabi/lib/thumb/v7-m/crt0.o
 .debug_aranges
                0x0000000000000000       0x20 /usr/lib/gcc/arm-none-eabi/6.3.1/../../../arm-none-eabi/lib/thumb/v7-m/crt0.o
 .ARM.attributes
                0x0000000000000000       0x1b /usr/lib/gcc/arm-none-eabi/6.3.1/../../../arm-none-eabi/lib/thumb/v7-m/crt0.o
 .group         0x0000000000000000        0x8 build/debug_STM32F1/source/main.o
 .group         0x0000000000000000        0x8 build/debug_STM32F1/source/main.o
 .group         0x0000000000000000        0x8 build/debug_STM32F1/source/main.o
 .group         0x0000000000000000        0x8 build/debug_STM32F1/source/main.o
 .group         0x0000000000000000        0x8 build/debug_STM32F1/source/main.o
 .group         0x0000000000000000        0x8 build/debug_STM32F1/source/main.o
 .group         0x0000000000000000        0x8 build/debug_STM32F1/source/main.o
 .text          0x0000000000000000        0x0 build/debug_STM32F1/source/main.o
 .data          0x0000000000000000        0x0 build/debug_STM32F1/source/main.o
 .bss           0x0000000000000000        0x0 build/debug_STM32F1/source/main.o
[...]
Memory Configuration

Name             Origin             Length             Attributes
RAM              0x0000000020000000 0x0000000000005000 xrw
FLASH            0x0000000008000000 0x0000000000010000 xr
*default*        0x0000000000000000 0xffffffffffffffff

Linker script and memory map

LOAD /usr/lib/gcc/arm-none-eabi/6.3.1/thumb/v7-m/crti.o
LOAD /usr/lib/gcc/arm-none-eabi/6.3.1/thumb/v7-m/crtbegin.o
LOAD /usr/lib/gcc/arm-none-eabi/6.3.1/../../../arm-none-eabi/lib/thumb/v7-m/crt0.o
LOAD build/debug_STM32F1/source/main.o
LOAD build/debug_STM32F1/hardware/source/STM32F1/source/STM32F1.o
LOAD build/debug_STM32F1/hardware/source/STM32F1/source/stm32f1xx_hal_msp.o
LOAD build/debug_STM32F1/hardware/source/STM32F1/source/stm32f1xx_it.o
LOAD build/debug_STM32F1/hardware/source/STM32F1/source/system_stm32f1xx.o
LOAD build/debug_STM32F1/libraries/STM32CubeF1/STM32F1xx_HAL_Driver/Src/stm32f1xx_hal_gpio_ex.o
LOAD build/debug_STM32F1/libraries/STM32CubeF1/STM32F1xx_HAL_Driver/Src/stm32f1xx_hal_tim.o
LOAD build/debug_STM32F1/libraries/STM32CubeF1/STM32F1xx_HAL_Driver/Src/stm32f1xx_hal_tim_ex.o
LOAD build/debug_STM32F1/libraries/STM32CubeF1/STM32F1xx_HAL_Driver/Src/stm32f1xx_hal.o
LOAD build/debug_STM32F1/libraries/STM32CubeF1/STM32F1xx_HAL_Driver/Src/stm32f1xx_hal_rcc.o
LOAD build/debug_STM32F1/libraries/STM32CubeF1/STM32F1xx_HAL_Driver/Src/stm32f1xx_hal_rcc_ex.o
LOAD build/debug_STM32F1/libraries/STM32CubeF1/STM32F1xx_HAL_Driver/Src/stm32f1xx_hal_gpio.o
LOAD build/debug_STM32F1/libraries/STM32CubeF1/STM32F1xx_HAL_Driver/Src/stm32f1xx_hal_dma.o
LOAD build/debug_STM32F1/libraries/STM32CubeF1/STM32F1xx_HAL_Driver/Src/stm32f1xx_hal_cortex.o
LOAD build/debug_STM32F1/libraries/STM32CubeF1/STM32F1xx_HAL_Driver/Src/stm32f1xx_hal_pwr.o
LOAD build/debug_STM32F1/libraries/STM32CubeF1/STM32F1xx_HAL_Driver/Src/stm32f1xx_hal_flash.o
LOAD build/debug_STM32F1/libraries/STM32CubeF1/STM32F1xx_HAL_Driver/Src/stm32f1xx_hal_flash_ex.o
LOAD build/debug_STM32F1/libraries/STM32CubeF1/STM32F1xx_HAL_Driver/Src/stm32f1xx_hal_exti.o
LOAD build/debug_STM32F1/hardware/source/STM32F1/source/startup_stm32f103xb.o
LOAD /usr/lib/gcc/arm-none-eabi/6.3.1/../../../arm-none-eabi/lib/thumb/v7-m/libm.a
LOAD /usr/lib/gcc/arm-none-eabi/6.3.1/../../../arm-none-eabi/lib/thumb/v7-m/libc_nano.a
LOAD /usr/lib/gcc/arm-none-eabi/6.3.1/../../../arm-none-eabi/lib/thumb/v7-m/libnosys.a
START GROUP
LOAD /usr/lib/gcc/arm-none-eabi/6.3.1/thumb/v7-m/libgcc.a
LOAD /usr/lib/gcc/arm-none-eabi/6.3.1/../../../arm-none-eabi/lib/thumb/v7-m/libc_nano.a
END GROUP
START GROUP
LOAD /usr/lib/gcc/arm-none-eabi/6.3.1/thumb/v7-m/libgcc.a
LOAD /usr/lib/gcc/arm-none-eabi/6.3.1/../../../arm-none-eabi/lib/thumb/v7-m/libc_nano.a
END GROUP
LOAD /usr/lib/gcc/arm-none-eabi/6.3.1/thumb/v7-m/crtend.o
LOAD /usr/lib/gcc/arm-none-eabi/6.3.1/thumb/v7-m/crtn.o
                0x0000000020005000                _estack = 0x20005000
                0x0000000000000200                _Min_Heap_Size = 0x200
                0x0000000000000400                _Min_Stack_Size = 0x400

.isr_vector     0x0000000008000000      0x10c
                0x0000000008000000                . = ALIGN (0x4)
 *(.isr_vector)
 .isr_vector    0x0000000008000000      0x10c build/debug_STM32F1/hardware/source/STM32F1/source/startup_stm32f103xb.o
                0x0000000008000000                g_pfnVectors
                0x000000000800010c                . = ALIGN (0x4)

.text           0x000000000800010c      0xd20
                0x000000000800010c                . = ALIGN (0x4)
 *(.text)
 .text          0x000000000800010c       0xa4 /usr/lib/gcc/arm-none-eabi/6.3.1/thumb/v7-m/crtbegin.o
 .text          0x00000000080001b0       0x50 /usr/lib/gcc/arm-none-eabi/6.3.1/../../../arm-none-eabi/lib/thumb/v7-m/libc_nano.a(lib_a-init.o)
                0x00000000080001b0                __libc_init_array
 .text          0x0000000008000200       0x9c /usr/lib/gcc/arm-none-eabi/6.3.1/../../../arm-none-eabi/lib/thumb/v7-m/libc_nano.a(lib_a-memset.o)
                0x0000000008000200                memset
 *(.text*)
 .text.main     0x000000000800029c       0x12 build/debug_STM32F1/source/main.o
                0x000000000800029c                main
 *fill*         0x00000000080002ae        0x2 
 .text.MX_GPIO_Init
                0x00000000080002b0       0x68 build/debug_STM32F1/hardware/source/STM32F1/source/STM32F1.o
 .text.SystemClock_Config
                0x0000000008000318       0x44 build/debug_STM32F1/hardware/source/STM32F1/source/STM32F1.o
                0x0000000008000318                SystemClock_Config
 .text.initHardware
                0x000000000800035c       0x12 build/debug_STM32F1/hardware/source/STM32F1/source/STM32F1.o
                0x000000000800035c                initHardware
 *fill*         0x000000000800036e        0x2 
 .text.ledToggle
                0x0000000008000370       0x14 build/debug_STM32F1/hardware/source/STM32F1/source/STM32F1.o
                0x0000000008000370                ledToggle
 .text.delay_sec
                0x0000000008000384       0x10 build/debug_STM32F1/hardware/source/STM32F1/source/STM32F1.o
                0x0000000008000384                delay_sec
 .text.HAL_MspInit
                0x0000000008000394       0x44 build/debug_STM32F1/hardware/source/STM32F1/source/stm32f1xx_hal_msp.o
                0x0000000008000394                HAL_MspInit
 .text.NMI_Handler
                0x00000000080003d8        0x2 build/debug_STM32F1/hardware/source/STM32F1/source/stm32f1xx_it.o
                0x00000000080003d8                NMI_Handler
 .text.HardFault_Handler
                0x00000000080003da        0x2 build/debug_STM32F1/hardware/source/STM32F1/source/stm32f1xx_it.o
                0x00000000080003da                HardFault_Handler
 .text.MemManage_Handler
                0x00000000080003dc        0x2 build/debug_STM32F1/hardware/source/STM32F1/source/stm32f1xx_it.o
                0x00000000080003dc                MemManage_Handler
 .text.BusFault_Handler
                0x00000000080003de        0x2 build/debug_STM32F1/hardware/source/STM32F1/source/stm32f1xx_it.o
                0x00000000080003de                BusFault_Handler
 .text.UsageFault_Handler
                0x00000000080003e0        0x2 build/debug_STM32F1/hardware/source/STM32F1/source/stm32f1xx_it.o
                0x00000000080003e0                UsageFault_Handler
 .text.SVC_Handler
                0x00000000080003e2        0x2 build/debug_STM32F1/hardware/source/STM32F1/source/stm32f1xx_it.o
                0x00000000080003e2                SVC_Handler
 .text.DebugMon_Handler
                0x00000000080003e4        0x2 build/debug_STM32F1/hardware/source/STM32F1/source/stm32f1xx_it.o
                0x00000000080003e4                DebugMon_Handler
 .text.PendSV_Handler
                0x00000000080003e6        0x2 build/debug_STM32F1/hardware/source/STM32F1/source/stm32f1xx_it.o
                0x00000000080003e6                PendSV_Handler
 .text.SysTick_Handler
                0x00000000080003e8        0x8 build/debug_STM32F1/hardware/source/STM32F1/source/stm32f1xx_it.o
                0x00000000080003e8                SysTick_Handler
 .text.SystemInit
                0x00000000080003f0       0x4c build/debug_STM32F1/hardware/source/STM32F1/source/system_stm32f1xx.o
                0x00000000080003f0                SystemInit
 .text.HAL_InitTick
                0x000000000800043c       0x4c build/debug_STM32F1/libraries/STM32CubeF1/STM32F1xx_HAL_Driver/Src/stm32f1xx_hal.o
                0x000000000800043c                HAL_InitTick
 .text.HAL_Init
                0x0000000008000488       0x24 build/debug_STM32F1/libraries/STM32CubeF1/STM32F1xx_HAL_Driver/Src/stm32f1xx_hal.o
                0x0000000008000488                HAL_Init
 .text.HAL_IncTick
                0x00000000080004ac       0x18 build/debug_STM32F1/libraries/STM32CubeF1/STM32F1xx_HAL_Driver/Src/stm32f1xx_hal.o
                0x00000000080004ac                HAL_IncTick
 .text.HAL_GetTick
                0x00000000080004c4        0xc build/debug_STM32F1/libraries/STM32CubeF1/STM32F1xx_HAL_Driver/Src/stm32f1xx_hal.o
                0x00000000080004c4                HAL_GetTick
 .text.HAL_Delay
                0x00000000080004d0       0x28 build/debug_STM32F1/libraries/STM32CubeF1/STM32F1xx_HAL_Driver/Src/stm32f1xx_hal.o
                0x00000000080004d0                HAL_Delay
 .text.RCC_Delay
                0x00000000080004f8       0x2c build/debug_STM32F1/libraries/STM32CubeF1/STM32F1xx_HAL_Driver/Src/stm32f1xx_hal_rcc.o
 .text.HAL_RCC_OscConfig
                0x0000000008000524      0x410 build/debug_STM32F1/libraries/STM32CubeF1/STM32F1xx_HAL_Driver/Src/stm32f1xx_hal_rcc.o
                0x0000000008000524                HAL_RCC_OscConfig
 .text.HAL_RCC_GetSysClockFreq
                0x0000000008000934       0x6c build/debug_STM32F1/libraries/STM32CubeF1/STM32F1xx_HAL_Driver/Src/stm32f1xx_hal_rcc.o
                0x0000000008000934                HAL_RCC_GetSysClockFreq
 .text.HAL_RCC_ClockConfig
                0x00000000080009a0      0x168 build/debug_STM32F1/libraries/STM32CubeF1/STM32F1xx_HAL_Driver/Src/stm32f1xx_hal_rcc.o
                0x00000000080009a0                HAL_RCC_ClockConfig
 .text.HAL_GPIO_Init
                0x0000000008000b08      0x1f0 build/debug_STM32F1/libraries/STM32CubeF1/STM32F1xx_HAL_Driver/Src/stm32f1xx_hal_gpio.o
                0x0000000008000b08                HAL_GPIO_Init
 .text.HAL_GPIO_WritePin
                0x0000000008000cf8        0xc build/debug_STM32F1/libraries/STM32CubeF1/STM32F1xx_HAL_Driver/Src/stm32f1xx_hal_gpio.o
                0x0000000008000cf8                HAL_GPIO_WritePin
 .text.HAL_GPIO_TogglePin
                0x0000000008000d04        0xe build/debug_STM32F1/libraries/STM32CubeF1/STM32F1xx_HAL_Driver/Src/stm32f1xx_hal_gpio.o
                0x0000000008000d04                HAL_GPIO_TogglePin
 *fill*         0x0000000008000d12        0x2 
 .text.HAL_NVIC_SetPriorityGrouping
                0x0000000008000d14       0x24 build/debug_STM32F1/libraries/STM32CubeF1/STM32F1xx_HAL_Driver/Src/stm32f1xx_hal_cortex.o
                0x0000000008000d14                HAL_NVIC_SetPriorityGrouping
 .text.HAL_NVIC_SetPriority
                0x0000000008000d38       0x64 build/debug_STM32F1/libraries/STM32CubeF1/STM32F1xx_HAL_Driver/Src/stm32f1xx_hal_cortex.o
                0x0000000008000d38                HAL_NVIC_SetPriority
 .text.HAL_SYSTICK_Config
                0x0000000008000d9c       0x2c build/debug_STM32F1/libraries/STM32CubeF1/STM32F1xx_HAL_Driver/Src/stm32f1xx_hal_cortex.o
                0x0000000008000d9c                HAL_SYSTICK_Config
 .text.Reset_Handler
                0x0000000008000dc8       0x48 build/debug_STM32F1/hardware/source/STM32F1/source/startup_stm32f103xb.o
                0x0000000008000dc8                Reset_Handler
 .text.Default_Handler
                0x0000000008000e10        0x2 build/debug_STM32F1/hardware/source/STM32F1/source/startup_stm32f103xb.o
                0x0000000008000e10                RTC_Alarm_IRQHandler
                0x0000000008000e10                EXTI2_IRQHandler
                0x0000000008000e10                TIM1_CC_IRQHandler
                0x0000000008000e10                PVD_IRQHandler
                0x0000000008000e10                EXTI3_IRQHandler
                0x0000000008000e10                EXTI0_IRQHandler
                0x0000000008000e10                I2C2_EV_IRQHandler
                0x0000000008000e10                ADC1_2_IRQHandler
                0x0000000008000e10                SPI1_IRQHandler
                0x0000000008000e10                TAMPER_IRQHandler
                0x0000000008000e10                DMA1_Channel4_IRQHandler
                0x0000000008000e10                USART3_IRQHandler
                0x0000000008000e10                RTC_IRQHandler
                0x0000000008000e10                DMA1_Channel7_IRQHandler
                0x0000000008000e10                CAN1_RX1_IRQHandler
                0x0000000008000e10                TIM4_IRQHandler
                0x0000000008000e10                I2C1_EV_IRQHandler
                0x0000000008000e10                DMA1_Channel6_IRQHandler
                0x0000000008000e10                TIM3_IRQHandler
                0x0000000008000e10                RCC_IRQHandler
                0x0000000008000e10                TIM1_TRG_COM_IRQHandler
                0x0000000008000e10                DMA1_Channel1_IRQHandler
                0x0000000008000e10                Default_Handler
                0x0000000008000e10                EXTI15_10_IRQHandler
                0x0000000008000e10                EXTI9_5_IRQHandler
                0x0000000008000e10                SPI2_IRQHandler
                0x0000000008000e10                DMA1_Channel5_IRQHandler
                0x0000000008000e10                EXTI4_IRQHandler
                0x0000000008000e10                USB_LP_CAN1_RX0_IRQHandler
                0x0000000008000e10                USB_HP_CAN1_TX_IRQHandler
                0x0000000008000e10                DMA1_Channel3_IRQHandler
                0x0000000008000e10                TIM1_UP_IRQHandler
                0x0000000008000e10                WWDG_IRQHandler
                0x0000000008000e10                TIM2_IRQHandler
                0x0000000008000e10                TIM1_BRK_IRQHandler
                0x0000000008000e10                EXTI1_IRQHandler
                0x0000000008000e10                USART2_IRQHandler
                0x0000000008000e10                I2C2_ER_IRQHandler
                0x0000000008000e10                DMA1_Channel2_IRQHandler
                0x0000000008000e10                CAN1_SCE_IRQHandler
                0x0000000008000e10                FLASH_IRQHandler
                0x0000000008000e10                USART1_IRQHandler
                0x0000000008000e10                I2C1_ER_IRQHandler
                0x0000000008000e10                USBWakeUp_IRQHandler
 *(.glue_7)
 .glue_7        0x0000000008000e12        0x0 linker stubs
 *(.glue_7t)
 .glue_7t       0x0000000008000e12        0x0 linker stubs
 *(.eh_frame)
 *fill*         0x0000000008000e12        0x2 
 .eh_frame      0x0000000008000e14        0x0 /usr/lib/gcc/arm-none-eabi/6.3.1/thumb/v7-m/crtbegin.o
 *(.init)
 .init          0x0000000008000e14        0x4 /usr/lib/gcc/arm-none-eabi/6.3.1/thumb/v7-m/crti.o
                0x0000000008000e14                _init
 .init          0x0000000008000e18        0x8 /usr/lib/gcc/arm-none-eabi/6.3.1/thumb/v7-m/crtn.o
 *(.fini)
 .fini          0x0000000008000e20        0x4 /usr/lib/gcc/arm-none-eabi/6.3.1/thumb/v7-m/crti.o
                0x0000000008000e20                _fini
 .fini          0x0000000008000e24        0x8 /usr/lib/gcc/arm-none-eabi/6.3.1/thumb/v7-m/crtn.o
                0x0000000008000e2c                . = ALIGN (0x4)
                0x0000000008000e2c                _etext = .

.vfp11_veneer   0x0000000008000e2c        0x0
 .vfp11_veneer  0x0000000008000e2c        0x0 linker stubs

.v4_bx          0x0000000008000e2c        0x0
 .v4_bx         0x0000000008000e2c        0x0 linker stubs

.iplt           0x0000000008000e2c        0x0
 .iplt          0x0000000008000e2c        0x0 /usr/lib/gcc/arm-none-eabi/6.3.1/thumb/v7-m/crtbegin.o

.rodata         0x0000000008000e2c       0x24
                0x0000000008000e2c                . = ALIGN (0x4)
 *(.rodata)
 .rodata        0x0000000008000e2c       0x12 build/debug_STM32F1/libraries/STM32CubeF1/STM32F1xx_HAL_Driver/Src/stm32f1xx_hal_rcc.o
 *(.rodata*)
 *fill*         0x0000000008000e3e        0x2 
 .rodata.AHBPrescTable
                0x0000000008000e40       0x10 build/debug_STM32F1/hardware/source/STM32F1/source/system_stm32f1xx.o
                0x0000000008000e40                AHBPrescTable
                0x0000000008000e50                . = ALIGN (0x4)

.rel.dyn        0x0000000008000e50        0x0
 .rel.iplt      0x0000000008000e50        0x0 /usr/lib/gcc/arm-none-eabi/6.3.1/thumb/v7-m/crtbegin.o

.ARM.extab
 *(.ARM.extab* .gnu.linkonce.armextab.*)

.ARM            0x0000000008000e50        0x0
                0x0000000008000e50                __exidx_start = .
 *(.ARM.exidx*)
                0x0000000008000e50                __exidx_end = .

.preinit_array  0x0000000008000e50        0x0
                0x0000000008000e50                PROVIDE (__preinit_array_start, .)
 *(.preinit_array*)
                0x0000000008000e50                PROVIDE (__preinit_array_end, .)

.init_array     0x0000000008000e50        0x4
                0x0000000008000e50                PROVIDE (__init_array_start, .)
 *(SORT(.init_array.*))
 *(.init_array*)
 .init_array    0x0000000008000e50        0x4 /usr/lib/gcc/arm-none-eabi/6.3.1/thumb/v7-m/crtbegin.o
                0x0000000008000e54                PROVIDE (__init_array_end, .)

.fini_array     0x0000000008000e54        0x4
                0x0000000008000e54                PROVIDE (__fini_array_start, .)
 *(SORT(.fini_array.*))
 *(.fini_array*)
 .fini_array    0x0000000008000e54        0x4 /usr/lib/gcc/arm-none-eabi/6.3.1/thumb/v7-m/crtbegin.o
                0x0000000008000e58                PROVIDE (__fini_array_end, .)
                0x0000000008000e58                _sidata = LOADADDR (.data)

.data           0x0000000020000000        0xc load address 0x0000000008000e58
                0x0000000020000000                . = ALIGN (0x4)
                0x0000000020000000                _sdata = .
 *(.data)
 *(.data*)
 .data.SystemCoreClock
                0x0000000020000000        0x4 build/debug_STM32F1/hardware/source/STM32F1/source/system_stm32f1xx.o
                0x0000000020000000                SystemCoreClock
 .data.uwTickFreq
                0x0000000020000004        0x1 build/debug_STM32F1/libraries/STM32CubeF1/STM32F1xx_HAL_Driver/Src/stm32f1xx_hal.o
                0x0000000020000004                uwTickFreq
 *fill*         0x0000000020000005        0x3 
 .data.uwTickPrio
                0x0000000020000008        0x4 build/debug_STM32F1/libraries/STM32CubeF1/STM32F1xx_HAL_Driver/Src/stm32f1xx_hal.o
                0x0000000020000008                uwTickPrio
                0x000000002000000c                . = ALIGN (0x4)
                0x000000002000000c                _edata = .

.jcr            0x000000002000000c        0x0 load address 0x0000000008000e64
 .jcr           0x000000002000000c        0x0 /usr/lib/gcc/arm-none-eabi/6.3.1/thumb/v7-m/crtbegin.o

.tm_clone_table
                0x000000002000000c        0x0 load address 0x0000000008000e64
 .tm_clone_table
                0x000000002000000c        0x0 /usr/lib/gcc/arm-none-eabi/6.3.1/thumb/v7-m/crtbegin.o
 .tm_clone_table
                0x000000002000000c        0x0 /usr/lib/gcc/arm-none-eabi/6.3.1/thumb/v7-m/crtend.o

.igot.plt       0x000000002000000c        0x0 load address 0x0000000008000e64
 .igot.plt      0x000000002000000c        0x0 /usr/lib/gcc/arm-none-eabi/6.3.1/thumb/v7-m/crtbegin.o
                0x000000002000000c                . = ALIGN (0x4)

.bss            0x000000002000000c       0x20 load address 0x0000000008000e64
                0x000000002000000c                _sbss = .
                0x000000002000000c                __bss_start__ = _sbss
 *(.bss)
 .bss           0x000000002000000c       0x1c /usr/lib/gcc/arm-none-eabi/6.3.1/thumb/v7-m/crtbegin.o
 *(.bss*)
 *(COMMON)
 COMMON         0x0000000020000028        0x4 build/debug_STM32F1/libraries/STM32CubeF1/STM32F1xx_HAL_Driver/Src/stm32f1xx_hal.o
                0x0000000020000028                uwTick
                0x000000002000002c                . = ALIGN (0x4)
                0x000000002000002c                _ebss = .
                0x000000002000002c                __bss_end__ = _ebss

._user_heap_stack
                0x000000002000002c      0x604 load address 0x0000000008000e64
                0x0000000020000030                . = ALIGN (0x8)
 *fill*         0x000000002000002c        0x4 
                [!provide]                        PROVIDE (end, .)
                [!provide]                        PROVIDE (_end, .)
                0x0000000020000230                . = (. + _Min_Heap_Size)
 *fill*         0x0000000020000030      0x200 
                0x0000000020000630                . = (. + _Min_Stack_Size)
 *fill*         0x0000000020000230      0x400 
                0x0000000020000630                . = ALIGN (0x8)

/DISCARD/
 libc.a(*)
 libm.a(*)
 libgcc.a(*)

.ARM.attributes
                0x0000000000000000       0x29
 *(.ARM.attributes)
 .ARM.attributes
                0x0000000000000000       0x1d /usr/lib/gcc/arm-none-eabi/6.3.1/thumb/v7-m/crti.o
 .ARM.attributes
                0x000000000000001d       0x2d /usr/lib/gcc/arm-none-eabi/6.3.1/thumb/v7-m/crtbegin.o
 .ARM.attributes
                0x000000000000004a       0x33 build/debug_STM32F1/source/main.o
 .ARM.attributes
                0x000000000000007d       0x33 build/debug_STM32F1/hardware/source/STM32F1/source/STM32F1.o
 .ARM.attributes
                0x00000000000000b0       0x33 build/debug_STM32F1/hardware/source/STM32F1/source/stm32f1xx_hal_msp.o
 .ARM.attributes
                0x00000000000000e3       0x33 build/debug_STM32F1/hardware/source/STM32F1/source/stm32f1xx_it.o
 .ARM.attributes
                0x0000000000000116       0x33 build/debug_STM32F1/hardware/source/STM32F1/source/system_stm32f1xx.o
 .ARM.attributes
                0x0000000000000149       0x33 build/debug_STM32F1/libraries/STM32CubeF1/STM32F1xx_HAL_Driver/Src/stm32f1xx_hal.o
 .ARM.attributes
                0x000000000000017c       0x33 build/debug_STM32F1/libraries/STM32CubeF1/STM32F1xx_HAL_Driver/Src/stm32f1xx_hal_rcc.o
 .ARM.attributes
                0x00000000000001af       0x33 build/debug_STM32F1/libraries/STM32CubeF1/STM32F1xx_HAL_Driver/Src/stm32f1xx_hal_gpio.o
 .ARM.attributes
                0x00000000000001e2       0x33 build/debug_STM32F1/libraries/STM32CubeF1/STM32F1xx_HAL_Driver/Src/stm32f1xx_hal_cortex.o
 .ARM.attributes
                0x0000000000000215       0x21 build/debug_STM32F1/hardware/source/STM32F1/source/startup_stm32f103xb.o
 .ARM.attributes
                0x0000000000000236       0x2d /usr/lib/gcc/arm-none-eabi/6.3.1/../../../arm-none-eabi/lib/thumb/v7-m/libc_nano.a(lib_a-init.o)
 .ARM.attributes
                0x0000000000000263       0x2d /usr/lib/gcc/arm-none-eabi/6.3.1/../../../arm-none-eabi/lib/thumb/v7-m/libc_nano.a(lib_a-memset.o)
 .ARM.attributes
                0x0000000000000290       0x2d /usr/lib/gcc/arm-none-eabi/6.3.1/thumb/v7-m/crtend.o
 .ARM.attributes
                0x00000000000002bd       0x1d /usr/lib/gcc/arm-none-eabi/6.3.1/thumb/v7-m/crtn.o
OUTPUT(build/debug_STM32F1/debug.elf elf32-littlearm)

.comment        0x0000000000000000       0x31
 .comment       0x0000000000000000       0x31 /usr/lib/gcc/arm-none-eabi/6.3.1/thumb/v7-m/crtbegin.o
                                         0x32 (size before relaxing)
 .comment       0x0000000000000031       0x32 build/debug_STM32F1/source/main.o
 .comment       0x0000000000000031       0x32 build/debug_STM32F1/hardware/source/STM32F1/source/STM32F1.o
 .comment       0x0000000000000031       0x32 build/debug_STM32F1/hardware/source/STM32F1/source/stm32f1xx_hal_msp.o
 .comment       0x0000000000000031       0x32 build/debug_STM32F1/hardware/source/STM32F1/source/stm32f1xx_it.o
 .comment       0x0000000000000031       0x32 build/debug_STM32F1/hardware/source/STM32F1/source/system_stm32f1xx.o
 .comment       0x0000000000000031       0x32 build/debug_STM32F1/libraries/STM32CubeF1/STM32F1xx_HAL_Driver/Src/stm32f1xx_hal.o
 .comment       0x0000000000000031       0x32 build/debug_STM32F1/libraries/STM32CubeF1/STM32F1xx_HAL_Driver/Src/stm32f1xx_hal_rcc.o
 .comment       0x0000000000000031       0x32 build/debug_STM32F1/libraries/STM32CubeF1/STM32F1xx_HAL_Driver/Src/stm32f1xx_hal_gpio.o
 .comment       0x0000000000000031       0x32 build/debug_STM32F1/libraries/STM32CubeF1/STM32F1xx_HAL_Driver/Src/stm32f1xx_hal_cortex.o
 .comment       0x0000000000000031       0x32 /usr/lib/gcc/arm-none-eabi/6.3.1/../../../arm-none-eabi/lib/thumb/v7-m/libc_nano.a(lib_a-init.o)
 .comment       0x0000000000000031       0x32 /usr/lib/gcc/arm-none-eabi/6.3.1/../../../arm-none-eabi/lib/thumb/v7-m/libc_nano.a(lib_a-memset.o)
 .comment       0x0000000000000031       0x32 /usr/lib/gcc/arm-none-eabi/6.3.1/thumb/v7-m/crtend.o

.debug_info     0x0000000000000000     0x3fe6
 .debug_info    0x0000000000000000       0xcc build/debug_STM32F1/source/main.o
 .debug_info    0x00000000000000cc      0x646 build/debug_STM32F1/hardware/source/STM32F1/source/STM32F1.o
 .debug_info    0x0000000000000712      0x2d0 build/debug_STM32F1/hardware/source/STM32F1/source/stm32f1xx_hal_msp.o
 .debug_info    0x00000000000009e2      0x21a build/debug_STM32F1/hardware/source/STM32F1/source/stm32f1xx_it.o
 .debug_info    0x0000000000000bfc      0x43b build/debug_STM32F1/hardware/source/STM32F1/source/system_stm32f1xx.o
 .debug_info    0x0000000000001037      0x7ad build/debug_STM32F1/libraries/STM32CubeF1/STM32F1xx_HAL_Driver/Src/stm32f1xx_hal.o
 .debug_info    0x00000000000017e4      0x9e7 build/debug_STM32F1/libraries/STM32CubeF1/STM32F1xx_HAL_Driver/Src/stm32f1xx_hal_rcc.o
 .debug_info    0x00000000000021cb      0x694 build/debug_STM32F1/libraries/STM32CubeF1/STM32F1xx_HAL_Driver/Src/stm32f1xx_hal_gpio.o
 .debug_info    0x000000000000285f      0xcaf build/debug_STM32F1/libraries/STM32CubeF1/STM32F1xx_HAL_Driver/Src/stm32f1xx_hal_cortex.o
 .debug_info    0x000000000000350e       0xb2 build/debug_STM32F1/hardware/source/STM32F1/source/startup_stm32f103xb.o
 .debug_info    0x00000000000035c0      0x110 /usr/lib/gcc/arm-none-eabi/6.3.1/../../../arm-none-eabi/lib/thumb/v7-m/libc_nano.a(lib_a-init.o)
 .debug_info    0x00000000000036d0      0x916 /usr/lib/gcc/arm-none-eabi/6.3.1/../../../arm-none-eabi/lib/thumb/v7-m/libc_nano.a(lib_a-memset.o)

.debug_abbrev   0x0000000000000000     0x110c
 .debug_abbrev  0x0000000000000000       0x7c build/debug_STM32F1/source/main.o
 .debug_abbrev  0x000000000000007c      0x1e4 build/debug_STM32F1/hardware/source/STM32F1/source/STM32F1.o
 .debug_abbrev  0x0000000000000260      0x107 build/debug_STM32F1/hardware/source/STM32F1/source/stm32f1xx_hal_msp.o
 .debug_abbrev  0x0000000000000367       0xe2 build/debug_STM32F1/hardware/source/STM32F1/source/stm32f1xx_it.o
 .debug_abbrev  0x0000000000000449      0x132 build/debug_STM32F1/hardware/source/STM32F1/source/system_stm32f1xx.o
 .debug_abbrev  0x000000000000057b      0x1fc build/debug_STM32F1/libraries/STM32CubeF1/STM32F1xx_HAL_Driver/Src/stm32f1xx_hal.o
 .debug_abbrev  0x0000000000000777      0x255 build/debug_STM32F1/libraries/STM32CubeF1/STM32F1xx_HAL_Driver/Src/stm32f1xx_hal_rcc.o
 .debug_abbrev  0x00000000000009cc      0x1dc build/debug_STM32F1/libraries/STM32CubeF1/STM32F1xx_HAL_Driver/Src/stm32f1xx_hal_gpio.o
 .debug_abbrev  0x0000000000000ba8      0x301 build/debug_STM32F1/libraries/STM32CubeF1/STM32F1xx_HAL_Driver/Src/stm32f1xx_hal_cortex.o
 .debug_abbrev  0x0000000000000ea9       0x12 build/debug_STM32F1/hardware/source/STM32F1/source/startup_stm32f103xb.o
 .debug_abbrev  0x0000000000000ebb       0xba /usr/lib/gcc/arm-none-eabi/6.3.1/../../../arm-none-eabi/lib/thumb/v7-m/libc_nano.a(lib_a-init.o)
 .debug_abbrev  0x0000000000000f75      0x197 /usr/lib/gcc/arm-none-eabi/6.3.1/../../../arm-none-eabi/lib/thumb/v7-m/libc_nano.a(lib_a-memset.o)

.debug_aranges  0x0000000000000000      0x3d8
 .debug_aranges
                0x0000000000000000       0x20 build/debug_STM32F1/source/main.o
 .debug_aranges
                0x0000000000000020       0x50 build/debug_STM32F1/hardware/source/STM32F1/source/STM32F1.o
 .debug_aranges
                0x0000000000000070       0x20 build/debug_STM32F1/hardware/source/STM32F1/source/stm32f1xx_hal_msp.o
 .debug_aranges
                0x0000000000000090       0x60 build/debug_STM32F1/hardware/source/STM32F1/source/stm32f1xx_it.o
 .debug_aranges
                0x00000000000000f0       0x28 build/debug_STM32F1/hardware/source/STM32F1/source/system_stm32f1xx.o
 .debug_aranges
                0x0000000000000118       0xe0 build/debug_STM32F1/libraries/STM32CubeF1/STM32F1xx_HAL_Driver/Src/stm32f1xx_hal.o
 .debug_aranges
                0x00000000000001f8       0x90 build/debug_STM32F1/libraries/STM32CubeF1/STM32F1xx_HAL_Driver/Src/stm32f1xx_hal_rcc.o
 .debug_aranges
                0x0000000000000288       0x58 build/debug_STM32F1/libraries/STM32CubeF1/STM32F1xx_HAL_Driver/Src/stm32f1xx_hal_gpio.o
 .debug_aranges
                0x00000000000002e0       0x90 build/debug_STM32F1/libraries/STM32CubeF1/STM32F1xx_HAL_Driver/Src/stm32f1xx_hal_cortex.o
 .debug_aranges
                0x0000000000000370       0x28 build/debug_STM32F1/hardware/source/STM32F1/source/startup_stm32f103xb.o
 .debug_aranges
                0x0000000000000398       0x20 /usr/lib/gcc/arm-none-eabi/6.3.1/../../../arm-none-eabi/lib/thumb/v7-m/libc_nano.a(lib_a-init.o)
 .debug_aranges
                0x00000000000003b8       0x20 /usr/lib/gcc/arm-none-eabi/6.3.1/../../../arm-none-eabi/lib/thumb/v7-m/libc_nano.a(lib_a-memset.o)

.debug_ranges   0x0000000000000000      0x380
 .debug_ranges  0x0000000000000000       0x10 build/debug_STM32F1/source/main.o
 .debug_ranges  0x0000000000000010       0x40 build/debug_STM32F1/hardware/source/STM32F1/source/STM32F1.o
 .debug_ranges  0x0000000000000050       0x10 build/debug_STM32F1/hardware/source/STM32F1/source/stm32f1xx_hal_msp.o
 .debug_ranges  0x0000000000000060       0x50 build/debug_STM32F1/hardware/source/STM32F1/source/stm32f1xx_it.o
 .debug_ranges  0x00000000000000b0       0x18 build/debug_STM32F1/hardware/source/STM32F1/source/system_stm32f1xx.o
 .debug_ranges  0x00000000000000c8       0xd0 build/debug_STM32F1/libraries/STM32CubeF1/STM32F1xx_HAL_Driver/Src/stm32f1xx_hal.o
 .debug_ranges  0x0000000000000198       0xa0 build/debug_STM32F1/libraries/STM32CubeF1/STM32F1xx_HAL_Driver/Src/stm32f1xx_hal_rcc.o
 .debug_ranges  0x0000000000000238       0x48 build/debug_STM32F1/libraries/STM32CubeF1/STM32F1xx_HAL_Driver/Src/stm32f1xx_hal_gpio.o
 .debug_ranges  0x0000000000000280       0xe0 build/debug_STM32F1/libraries/STM32CubeF1/STM32F1xx_HAL_Driver/Src/stm32f1xx_hal_cortex.o
 .debug_ranges  0x0000000000000360       0x20 build/debug_STM32F1/hardware/source/STM32F1/source/startup_stm32f103xb.o

.debug_macro    0x0000000000000000    0x12259
 .debug_macro   0x0000000000000000       0x6d build/debug_STM32F1/source/main.o
 .debug_macro   0x000000000000006d      0x8b6 build/debug_STM32F1/source/main.o
 .debug_macro   0x0000000000000923       0x22 build/debug_STM32F1/source/main.o
 .debug_macro   0x0000000000000945       0x4f build/debug_STM32F1/source/main.o
 .debug_macro   0x0000000000000994       0x44 build/debug_STM32F1/source/main.o
 .debug_macro   0x00000000000009d8       0xfd build/debug_STM32F1/source/main.o
 .debug_macro   0x0000000000000ad5       0x5e build/debug_STM32F1/source/main.o
 .debug_macro   0x0000000000000b33      0x1df build/debug_STM32F1/source/main.o
 .debug_macro   0x0000000000000d12      0x194 build/debug_STM32F1/hardware/source/STM32F1/source/STM32F1.o
 .debug_macro   0x0000000000000ea6      0x20f build/debug_STM32F1/hardware/source/STM32F1/source/STM32F1.o
 .debug_macro   0x00000000000010b5       0x2e build/debug_STM32F1/hardware/source/STM32F1/source/STM32F1.o
 .debug_macro   0x00000000000010e3       0x22 build/debug_STM32F1/hardware/source/STM32F1/source/STM32F1.o
 .debug_macro   0x0000000000001105       0x1c build/debug_STM32F1/hardware/source/STM32F1/source/STM32F1.o
 .debug_macro   0x0000000000001121       0x22 build/debug_STM32F1/hardware/source/STM32F1/source/STM32F1.o
 .debug_macro   0x0000000000001143       0xc3 build/debug_STM32F1/hardware/source/STM32F1/source/STM32F1.o
 .debug_macro   0x0000000000001206      0xd23 build/debug_STM32F1/hardware/source/STM32F1/source/STM32F1.o
 .debug_macro   0x0000000000001f29     0xe09e build/debug_STM32F1/hardware/source/STM32F1/source/STM32F1.o
 .debug_macro   0x000000000000ffc7       0x43 build/debug_STM32F1/hardware/source/STM32F1/source/STM32F1.o
 .debug_macro   0x000000000001000a      0x174 build/debug_STM32F1/hardware/source/STM32F1/source/STM32F1.o
 .debug_macro   0x000000000001017e       0x5a build/debug_STM32F1/hardware/source/STM32F1/source/STM32F1.o
 .debug_macro   0x00000000000101d8      0x5be build/debug_STM32F1/hardware/source/STM32F1/source/STM32F1.o
 .debug_macro   0x0000000000010796      0x289 build/debug_STM32F1/hardware/source/STM32F1/source/STM32F1.o
 .debug_macro   0x0000000000010a1f      0x1cb build/debug_STM32F1/hardware/source/STM32F1/source/STM32F1.o
 .debug_macro   0x0000000000010bea      0x114 build/debug_STM32F1/hardware/source/STM32F1/source/STM32F1.o
 .debug_macro   0x0000000000010cfe      0x1b2 build/debug_STM32F1/hardware/source/STM32F1/source/STM32F1.o
 .debug_macro   0x0000000000010eb0       0x27 build/debug_STM32F1/hardware/source/STM32F1/source/STM32F1.o
 .debug_macro   0x0000000000010ed7      0x136 build/debug_STM32F1/hardware/source/STM32F1/source/STM32F1.o
 .debug_macro   0x000000000001100d      0x1bc build/debug_STM32F1/hardware/source/STM32F1/source/STM32F1.o
 .debug_macro   0x00000000000111c9       0x34 build/debug_STM32F1/hardware/source/STM32F1/source/STM32F1.o
 .debug_macro   0x00000000000111fd       0x3c build/debug_STM32F1/hardware/source/STM32F1/source/STM32F1.o
 .debug_macro   0x0000000000011239       0x57 build/debug_STM32F1/hardware/source/STM32F1/source/STM32F1.o
 .debug_macro   0x0000000000011290       0x88 build/debug_STM32F1/hardware/source/STM32F1/source/STM32F1.o
 .debug_macro   0x0000000000011318      0x241 build/debug_STM32F1/hardware/source/STM32F1/source/STM32F1.o
 .debug_macro   0x0000000000011559      0x141 build/debug_STM32F1/hardware/source/STM32F1/source/STM32F1.o
 .debug_macro   0x000000000001169a       0x83 build/debug_STM32F1/hardware/source/STM32F1/source/STM32F1.o
 .debug_macro   0x000000000001171d       0x10 build/debug_STM32F1/hardware/source/STM32F1/source/STM32F1.o
 .debug_macro   0x000000000001172d      0x18a build/debug_STM32F1/hardware/source/STM32F1/source/stm32f1xx_hal_msp.o
 .debug_macro   0x00000000000118b7      0x194 build/debug_STM32F1/hardware/source/STM32F1/source/stm32f1xx_it.o
 .debug_macro   0x0000000000011a4b      0x181 build/debug_STM32F1/hardware/source/STM32F1/source/system_stm32f1xx.o
 .debug_macro   0x0000000000011bcc      0x19f build/debug_STM32F1/libraries/STM32CubeF1/STM32F1xx_HAL_Driver/Src/stm32f1xx_hal.o
 .debug_macro   0x0000000000011d6b      0x18d build/debug_STM32F1/libraries/STM32CubeF1/STM32F1xx_HAL_Driver/Src/stm32f1xx_hal_rcc.o
 .debug_macro   0x0000000000011ef8      0x1e6 build/debug_STM32F1/libraries/STM32CubeF1/STM32F1xx_HAL_Driver/Src/stm32f1xx_hal_gpio.o
 .debug_macro   0x00000000000120de      0x17b build/debug_STM32F1/libraries/STM32CubeF1/STM32F1xx_HAL_Driver/Src/stm32f1xx_hal_cortex.o

.debug_line     0x0000000000000000     0x2ba8
 .debug_line    0x0000000000000000      0x142 build/debug_STM32F1/source/main.o
 .debug_line    0x0000000000000142      0x469 build/debug_STM32F1/hardware/source/STM32F1/source/STM32F1.o
 .debug_line    0x00000000000005ab      0x3d4 build/debug_STM32F1/hardware/source/STM32F1/source/stm32f1xx_hal_msp.o
 .debug_line    0x000000000000097f      0x45f build/debug_STM32F1/hardware/source/STM32F1/source/stm32f1xx_it.o
 .debug_line    0x0000000000000dde      0x401 build/debug_STM32F1/hardware/source/STM32F1/source/system_stm32f1xx.o
 .debug_line    0x00000000000011df      0x593 build/debug_STM32F1/libraries/STM32CubeF1/STM32F1xx_HAL_Driver/Src/stm32f1xx_hal.o
 .debug_line    0x0000000000001772      0x68d build/debug_STM32F1/libraries/STM32CubeF1/STM32F1xx_HAL_Driver/Src/stm32f1xx_hal_rcc.o
 .debug_line    0x0000000000001dff      0x560 build/debug_STM32F1/libraries/STM32CubeF1/STM32F1xx_HAL_Driver/Src/stm32f1xx_hal_gpio.o
 .debug_line    0x000000000000235f      0x589 build/debug_STM32F1/libraries/STM32CubeF1/STM32F1xx_HAL_Driver/Src/stm32f1xx_hal_cortex.o
 .debug_line    0x00000000000028e8       0x91 build/debug_STM32F1/hardware/source/STM32F1/source/startup_stm32f103xb.o
 .debug_line    0x0000000000002979       0xb9 /usr/lib/gcc/arm-none-eabi/6.3.1/../../../arm-none-eabi/lib/thumb/v7-m/libc_nano.a(lib_a-init.o)
 .debug_line    0x0000000000002a32      0x176 /usr/lib/gcc/arm-none-eabi/6.3.1/../../../arm-none-eabi/lib/thumb/v7-m/libc_nano.a(lib_a-memset.o)

.debug_str      0x0000000000000000    0x63a3b
 .debug_str     0x0000000000000000     0x3205 build/debug_STM32F1/source/main.o
                                       0x3360 (size before relaxing)
 .debug_str     0x0000000000003205    0x5f21f build/debug_STM32F1/hardware/source/STM32F1/source/STM32F1.o
                                      0x626c6 (size before relaxing)
 .debug_str     0x0000000000062424       0x6d build/debug_STM32F1/hardware/source/STM32F1/source/stm32f1xx_hal_msp.o
                                      0x6247f (size before relaxing)
 .debug_str     0x0000000000062491       0xdc build/debug_STM32F1/hardware/source/STM32F1/source/stm32f1xx_it.o
                                      0x624a8 (size before relaxing)
 .debug_str     0x000000000006256d       0xd5 build/debug_STM32F1/hardware/source/STM32F1/source/system_stm32f1xx.o
                                      0x624ae (size before relaxing)
 .debug_str     0x0000000000062642      0x65a build/debug_STM32F1/libraries/STM32CubeF1/STM32F1xx_HAL_Driver/Src/stm32f1xx_hal.o
                                      0x62afc (size before relaxing)
 .debug_str     0x0000000000062c9c      0x248 build/debug_STM32F1/libraries/STM32CubeF1/STM32F1xx_HAL_Driver/Src/stm32f1xx_hal_rcc.o
                                      0x62850 (size before relaxing)
 .debug_str     0x0000000000062ee4      0x2fc build/debug_STM32F1/libraries/STM32CubeF1/STM32F1xx_HAL_Driver/Src/stm32f1xx_hal_gpio.o
                                      0x627f0 (size before relaxing)
 .debug_str     0x00000000000631e0      0x28e build/debug_STM32F1/libraries/STM32CubeF1/STM32F1xx_HAL_Driver/Src/stm32f1xx_hal_cortex.o
                                      0x62ac5 (size before relaxing)
 .debug_str     0x000000000006346e      0x14c /usr/lib/gcc/arm-none-eabi/6.3.1/../../../arm-none-eabi/lib/thumb/v7-m/libc_nano.a(lib_a-init.o)
                                        0x1f7 (size before relaxing)
 .debug_str     0x00000000000635ba      0x481 /usr/lib/gcc/arm-none-eabi/6.3.1/../../../arm-none-eabi/lib/thumb/v7-m/libc_nano.a(lib_a-memset.o)
                                        0x5be (size before relaxing)

.debug_frame    0x0000000000000000      0x7bc
 .debug_frame   0x0000000000000000       0x28 build/debug_STM32F1/source/main.o
 .debug_frame   0x0000000000000028       0xc0 build/debug_STM32F1/hardware/source/STM32F1/source/STM32F1.o
 .debug_frame   0x00000000000000e8       0x28 build/debug_STM32F1/hardware/source/STM32F1/source/stm32f1xx_hal_msp.o
 .debug_frame   0x0000000000000110       0xa8 build/debug_STM32F1/hardware/source/STM32F1/source/stm32f1xx_it.o
 .debug_frame   0x00000000000001b8       0x30 build/debug_STM32F1/hardware/source/STM32F1/source/system_stm32f1xx.o
 .debug_frame   0x00000000000001e8      0x1d0 build/debug_STM32F1/libraries/STM32CubeF1/STM32F1xx_HAL_Driver/Src/stm32f1xx_hal.o
 .debug_frame   0x00000000000003b8      0x194 build/debug_STM32F1/libraries/STM32CubeF1/STM32F1xx_HAL_Driver/Src/stm32f1xx_hal_rcc.o
 .debug_frame   0x000000000000054c       0xe4 build/debug_STM32F1/libraries/STM32CubeF1/STM32F1xx_HAL_Driver/Src/stm32f1xx_hal_gpio.o
 .debug_frame   0x0000000000000630      0x12c build/debug_STM32F1/libraries/STM32CubeF1/STM32F1xx_HAL_Driver/Src/stm32f1xx_hal_cortex.o
 .debug_frame   0x000000000000075c       0x2c /usr/lib/gcc/arm-none-eabi/6.3.1/../../../arm-none-eabi/lib/thumb/v7-m/libc_nano.a(lib_a-init.o)
 .debug_frame   0x0000000000000788       0x34 /usr/lib/gcc/arm-none-eabi/6.3.1/../../../arm-none-eabi/lib/thumb/v7-m/libc_nano.a(lib_a-memset.o)

.debug_loc      0x0000000000000000     0x127e
 .debug_loc     0x0000000000000000       0x42 build/debug_STM32F1/hardware/source/STM32F1/source/STM32F1.o
 .debug_loc     0x0000000000000042       0xdf build/debug_STM32F1/hardware/source/STM32F1/source/system_stm32f1xx.o
 .debug_loc     0x0000000000000121      0x104 build/debug_STM32F1/libraries/STM32CubeF1/STM32F1xx_HAL_Driver/Src/stm32f1xx_hal.o
 .debug_loc     0x0000000000000225      0x47d build/debug_STM32F1/libraries/STM32CubeF1/STM32F1xx_HAL_Driver/Src/stm32f1xx_hal_rcc.o
 .debug_loc     0x00000000000006a2      0x37c build/debug_STM32F1/libraries/STM32CubeF1/STM32F1xx_HAL_Driver/Src/stm32f1xx_hal_gpio.o
 .debug_loc     0x0000000000000a1e      0x5f5 build/debug_STM32F1/libraries/STM32CubeF1/STM32F1xx_HAL_Driver/Src/stm32f1xx_hal_cortex.o
 .debug_loc     0x0000000000001013       0xae /usr/lib/gcc/arm-none-eabi/6.3.1/../../../arm-none-eabi/lib/thumb/v7-m/libc_nano.a(lib_a-init.o)
 .debug_loc     0x00000000000010c1      0x1bd /usr/lib/gcc/arm-none-eabi/6.3.1/../../../arm-none-eabi/lib/thumb/v7-m/libc_nano.a(lib_a-memset.o)

Cross Reference Table

Symbol                                            File
ADC1_2_IRQHandler                                 build/debug_STM32F1/hardware/source/STM32F1/source/startup_stm32f103xb.o
AHBPrescTable                                     build/debug_STM32F1/hardware/source/STM32F1/source/system_stm32f1xx.o
                                                  build/debug_STM32F1/libraries/STM32CubeF1/STM32F1xx_HAL_Driver/Src/stm32f1xx_hal_rcc.o
APBPrescTable                                     build/debug_STM32F1/hardware/source/STM32F1/source/system_stm32f1xx.o
                                                  build/debug_STM32F1/libraries/STM32CubeF1/STM32F1xx_HAL_Driver/Src/stm32f1xx_hal_rcc.o
BusFault_Handler                                  build/debug_STM32F1/hardware/source/STM32F1/source/stm32f1xx_it.o
CAN1_RX1_IRQHandler                               build/debug_STM32F1/hardware/source/STM32F1/source/startup_stm32f103xb.o
CAN1_SCE_IRQHandler                               build/debug_STM32F1/hardware/source/STM32F1/source/startup_stm32f103xb.o
DMA1_Channel1_IRQHandler                          build/debug_STM32F1/hardware/source/STM32F1/source/startup_stm32f103xb.o
DMA1_Channel2_IRQHandler                          build/debug_STM32F1/hardware/source/STM32F1/source/startup_stm32f103xb.o
DMA1_Channel3_IRQHandler                          build/debug_STM32F1/hardware/source/STM32F1/source/startup_stm32f103xb.o
DMA1_Channel4_IRQHandler                          build/debug_STM32F1/hardware/source/STM32F1/source/startup_stm32f103xb.o
DMA1_Channel5_IRQHandler                          build/debug_STM32F1/hardware/source/STM32F1/source/startup_stm32f103xb.o
DMA1_Channel6_IRQHandler                          build/debug_STM32F1/hardware/source/STM32F1/source/startup_stm32f103xb.o
DMA1_Channel7_IRQHandler                          build/debug_STM32F1/hardware/source/STM32F1/source/startup_stm32f103xb.o
DebugMon_Handler                                  build/debug_STM32F1/hardware/source/STM32F1/source/stm32f1xx_it.o
Default_Handler                                   build/debug_STM32F1/hardware/source/STM32F1/source/startup_stm32f103xb.o
EXTI0_IRQHandler                                  build/debug_STM32F1/hardware/source/STM32F1/source/startup_stm32f103xb.o
EXTI15_10_IRQHandler                              build/debug_STM32F1/hardware/source/STM32F1/source/startup_stm32f103xb.o
EXTI1_IRQHandler                                  build/debug_STM32F1/hardware/source/STM32F1/source/startup_stm32f103xb.o
EXTI2_IRQHandler                                  build/debug_STM32F1/hardware/source/STM32F1/source/startup_stm32f103xb.o
EXTI3_IRQHandler                                  build/debug_STM32F1/hardware/source/STM32F1/source/startup_stm32f103xb.o
EXTI4_IRQHandler                                  build/debug_STM32F1/hardware/source/STM32F1/source/startup_stm32f103xb.o
EXTI9_5_IRQHandler                                build/debug_STM32F1/hardware/source/STM32F1/source/startup_stm32f103xb.o
Error_Handler                                     build/debug_STM32F1/hardware/source/STM32F1/source/STM32F1.o
FLASH_IRQHandler                                  build/debug_STM32F1/hardware/source/STM32F1/source/startup_stm32f103xb.o
FLASH_PageErase                                   build/debug_STM32F1/libraries/STM32CubeF1/STM32F1xx_HAL_Driver/Src/stm32f1xx_hal_flash_ex.o
                                                  build/debug_STM32F1/libraries/STM32CubeF1/STM32F1xx_HAL_Driver/Src/stm32f1xx_hal_flash.o
FLASH_WaitForLastOperation                        build/debug_STM32F1/libraries/STM32CubeF1/STM32F1xx_HAL_Driver/Src/stm32f1xx_hal_flash.o
                                                  build/debug_STM32F1/libraries/STM32CubeF1/STM32F1xx_HAL_Driver/Src/stm32f1xx_hal_flash_ex.o
HAL_DBGMCU_DisableDBGSleepMode                    build/debug_STM32F1/libraries/STM32CubeF1/STM32F1xx_HAL_Driver/Src/stm32f1xx_hal.o
HAL_DBGMCU_DisableDBGStandbyMode                  build/debug_STM32F1/libraries/STM32CubeF1/STM32F1xx_HAL_Driver/Src/stm32f1xx_hal.o
HAL_DBGMCU_DisableDBGStopMode                     build/debug_STM32F1/libraries/STM32CubeF1/STM32F1xx_HAL_Driver/Src/stm32f1xx_hal.o
HAL_DBGMCU_EnableDBGSleepMode                     build/debug_STM32F1/libraries/STM32CubeF1/STM32F1xx_HAL_Driver/Src/stm32f1xx_hal.o
HAL_DBGMCU_EnableDBGStandbyMode                   build/debug_STM32F1/libraries/STM32CubeF1/STM32F1xx_HAL_Driver/Src/stm32f1xx_hal.o
HAL_DBGMCU_EnableDBGStopMode                      build/debug_STM32F1/libraries/STM32CubeF1/STM32F1xx_HAL_Driver/Src/stm32f1xx_hal.o
HAL_DMA_Abort                                     build/debug_STM32F1/libraries/STM32CubeF1/STM32F1xx_HAL_Driver/Src/stm32f1xx_hal_dma.o
HAL_DMA_Abort_IT                                  build/debug_STM32F1/libraries/STM32CubeF1/STM32F1xx_HAL_Driver/Src/stm32f1xx_hal_dma.o
HAL_DMA_DeInit                                    build/debug_STM32F1/libraries/STM32CubeF1/STM32F1xx_HAL_Driver/Src/stm32f1xx_hal_dma.o
HAL_DMA_GetError                                  build/debug_STM32F1/libraries/STM32CubeF1/STM32F1xx_HAL_Driver/Src/stm32f1xx_hal_dma.o
HAL_DMA_GetState                                  build/debug_STM32F1/libraries/STM32CubeF1/STM32F1xx_HAL_Driver/Src/stm32f1xx_hal_dma.o
HAL_DMA_IRQHandler                                build/debug_STM32F1/libraries/STM32CubeF1/STM32F1xx_HAL_Driver/Src/stm32f1xx_hal_dma.o
HAL_DMA_Init                                      build/debug_STM32F1/libraries/STM32CubeF1/STM32F1xx_HAL_Driver/Src/stm32f1xx_hal_dma.o
HAL_DMA_PollForTransfer                           build/debug_STM32F1/libraries/STM32CubeF1/STM32F1xx_HAL_Driver/Src/stm32f1xx_hal_dma.o
HAL_DMA_RegisterCallback                          build/debug_STM32F1/libraries/STM32CubeF1/STM32F1xx_HAL_Driver/Src/stm32f1xx_hal_dma.o
HAL_DMA_Start                                     build/debug_STM32F1/libraries/STM32CubeF1/STM32F1xx_HAL_Driver/Src/stm32f1xx_hal_dma.o
HAL_DMA_Start_IT                                  build/debug_STM32F1/libraries/STM32CubeF1/STM32F1xx_HAL_Driver/Src/stm32f1xx_hal_dma.o
HAL_DMA_UnRegisterCallback                        build/debug_STM32F1/libraries/STM32CubeF1/STM32F1xx_HAL_Driver/Src/stm32f1xx_hal_dma.o
HAL_DeInit                                        build/debug_STM32F1/libraries/STM32CubeF1/STM32F1xx_HAL_Driver/Src/stm32f1xx_hal.o
HAL_Delay                                         build/debug_STM32F1/libraries/STM32CubeF1/STM32F1xx_HAL_Driver/Src/stm32f1xx_hal.o
                                                  build/debug_STM32F1/hardware/source/STM32F1/source/STM32F1.o
HAL_EXTI_ClearConfigLine                          build/debug_STM32F1/libraries/STM32CubeF1/STM32F1xx_HAL_Driver/Src/stm32f1xx_hal_exti.o
HAL_EXTI_ClearPending                             build/debug_STM32F1/libraries/STM32CubeF1/STM32F1xx_HAL_Driver/Src/stm32f1xx_hal_exti.o
HAL_EXTI_GenerateSWI                              build/debug_STM32F1/libraries/STM32CubeF1/STM32F1xx_HAL_Driver/Src/stm32f1xx_hal_exti.o
HAL_EXTI_GetConfigLine                            build/debug_STM32F1/libraries/STM32CubeF1/STM32F1xx_HAL_Driver/Src/stm32f1xx_hal_exti.o
HAL_EXTI_GetHandle                                build/debug_STM32F1/libraries/STM32CubeF1/STM32F1xx_HAL_Driver/Src/stm32f1xx_hal_exti.o
HAL_EXTI_GetPending                               build/debug_STM32F1/libraries/STM32CubeF1/STM32F1xx_HAL_Driver/Src/stm32f1xx_hal_exti.o
HAL_EXTI_IRQHandler                               build/debug_STM32F1/libraries/STM32CubeF1/STM32F1xx_HAL_Driver/Src/stm32f1xx_hal_exti.o
HAL_EXTI_RegisterCallback                         build/debug_STM32F1/libraries/STM32CubeF1/STM32F1xx_HAL_Driver/Src/stm32f1xx_hal_exti.o
HAL_EXTI_SetConfigLine                            build/debug_STM32F1/libraries/STM32CubeF1/STM32F1xx_HAL_Driver/Src/stm32f1xx_hal_exti.o
HAL_FLASHEx_Erase                                 build/debug_STM32F1/libraries/STM32CubeF1/STM32F1xx_HAL_Driver/Src/stm32f1xx_hal_flash_ex.o
HAL_FLASHEx_Erase_IT                              build/debug_STM32F1/libraries/STM32CubeF1/STM32F1xx_HAL_Driver/Src/stm32f1xx_hal_flash_ex.o
HAL_FLASHEx_OBErase                               build/debug_STM32F1/libraries/STM32CubeF1/STM32F1xx_HAL_Driver/Src/stm32f1xx_hal_flash_ex.o
HAL_FLASHEx_OBGetConfig                           build/debug_STM32F1/libraries/STM32CubeF1/STM32F1xx_HAL_Driver/Src/stm32f1xx_hal_flash_ex.o
HAL_FLASHEx_OBGetUserData                         build/debug_STM32F1/libraries/STM32CubeF1/STM32F1xx_HAL_Driver/Src/stm32f1xx_hal_flash_ex.o
HAL_FLASHEx_OBProgram                             build/debug_STM32F1/libraries/STM32CubeF1/STM32F1xx_HAL_Driver/Src/stm32f1xx_hal_flash_ex.o
HAL_FLASH_EndOfOperationCallback                  build/debug_STM32F1/libraries/STM32CubeF1/STM32F1xx_HAL_Driver/Src/stm32f1xx_hal_flash.o
HAL_FLASH_GetError                                build/debug_STM32F1/libraries/STM32CubeF1/STM32F1xx_HAL_Driver/Src/stm32f1xx_hal_flash.o
HAL_FLASH_IRQHandler                              build/debug_STM32F1/libraries/STM32CubeF1/STM32F1xx_HAL_Driver/Src/stm32f1xx_hal_flash.o
HAL_FLASH_Lock                                    build/debug_STM32F1/libraries/STM32CubeF1/STM32F1xx_HAL_Driver/Src/stm32f1xx_hal_flash.o
HAL_FLASH_OB_Launch                               build/debug_STM32F1/libraries/STM32CubeF1/STM32F1xx_HAL_Driver/Src/stm32f1xx_hal_flash.o
HAL_FLASH_OB_Lock                                 build/debug_STM32F1/libraries/STM32CubeF1/STM32F1xx_HAL_Driver/Src/stm32f1xx_hal_flash.o
HAL_FLASH_OB_Unlock                               build/debug_STM32F1/libraries/STM32CubeF1/STM32F1xx_HAL_Driver/Src/stm32f1xx_hal_flash.o
HAL_FLASH_OperationErrorCallback                  build/debug_STM32F1/libraries/STM32CubeF1/STM32F1xx_HAL_Driver/Src/stm32f1xx_hal_flash.o
HAL_FLASH_Program                                 build/debug_STM32F1/libraries/STM32CubeF1/STM32F1xx_HAL_Driver/Src/stm32f1xx_hal_flash.o
HAL_FLASH_Program_IT                              build/debug_STM32F1/libraries/STM32CubeF1/STM32F1xx_HAL_Driver/Src/stm32f1xx_hal_flash.o
HAL_FLASH_Unlock                                  build/debug_STM32F1/libraries/STM32CubeF1/STM32F1xx_HAL_Driver/Src/stm32f1xx_hal_flash.o
HAL_GPIOEx_ConfigEventout                         build/debug_STM32F1/libraries/STM32CubeF1/STM32F1xx_HAL_Driver/Src/stm32f1xx_hal_gpio_ex.o
HAL_GPIOEx_DisableEventout                        build/debug_STM32F1/libraries/STM32CubeF1/STM32F1xx_HAL_Driver/Src/stm32f1xx_hal_gpio_ex.o
HAL_GPIOEx_EnableEventout                         build/debug_STM32F1/libraries/STM32CubeF1/STM32F1xx_HAL_Driver/Src/stm32f1xx_hal_gpio_ex.o
HAL_GPIO_DeInit                                   build/debug_STM32F1/libraries/STM32CubeF1/STM32F1xx_HAL_Driver/Src/stm32f1xx_hal_gpio.o
HAL_GPIO_EXTI_Callback                            build/debug_STM32F1/libraries/STM32CubeF1/STM32F1xx_HAL_Driver/Src/stm32f1xx_hal_gpio.o
HAL_GPIO_EXTI_IRQHandler                          build/debug_STM32F1/libraries/STM32CubeF1/STM32F1xx_HAL_Driver/Src/stm32f1xx_hal_gpio.o
HAL_GPIO_Init                                     build/debug_STM32F1/libraries/STM32CubeF1/STM32F1xx_HAL_Driver/Src/stm32f1xx_hal_gpio.o
                                                  build/debug_STM32F1/libraries/STM32CubeF1/STM32F1xx_HAL_Driver/Src/stm32f1xx_hal_rcc.o
                                                  build/debug_STM32F1/hardware/source/STM32F1/source/STM32F1.o
HAL_GPIO_LockPin                                  build/debug_STM32F1/libraries/STM32CubeF1/STM32F1xx_HAL_Driver/Src/stm32f1xx_hal_gpio.o
HAL_GPIO_ReadPin                                  build/debug_STM32F1/libraries/STM32CubeF1/STM32F1xx_HAL_Driver/Src/stm32f1xx_hal_gpio.o
HAL_GPIO_TogglePin                                build/debug_STM32F1/libraries/STM32CubeF1/STM32F1xx_HAL_Driver/Src/stm32f1xx_hal_gpio.o
                                                  build/debug_STM32F1/hardware/source/STM32F1/source/STM32F1.o
HAL_GPIO_WritePin                                 build/debug_STM32F1/libraries/STM32CubeF1/STM32F1xx_HAL_Driver/Src/stm32f1xx_hal_gpio.o
                                                  build/debug_STM32F1/hardware/source/STM32F1/source/STM32F1.o
HAL_GetDEVID                                      build/debug_STM32F1/libraries/STM32CubeF1/STM32F1xx_HAL_Driver/Src/stm32f1xx_hal.o
HAL_GetHalVersion                                 build/debug_STM32F1/libraries/STM32CubeF1/STM32F1xx_HAL_Driver/Src/stm32f1xx_hal.o
HAL_GetREVID                                      build/debug_STM32F1/libraries/STM32CubeF1/STM32F1xx_HAL_Driver/Src/stm32f1xx_hal.o
HAL_GetTick                                       build/debug_STM32F1/libraries/STM32CubeF1/STM32F1xx_HAL_Driver/Src/stm32f1xx_hal.o
                                                  build/debug_STM32F1/libraries/STM32CubeF1/STM32F1xx_HAL_Driver/Src/stm32f1xx_hal_flash.o
                                                  build/debug_STM32F1/libraries/STM32CubeF1/STM32F1xx_HAL_Driver/Src/stm32f1xx_hal_dma.o
                                                  build/debug_STM32F1/libraries/STM32CubeF1/STM32F1xx_HAL_Driver/Src/stm32f1xx_hal_rcc_ex.o
                                                  build/debug_STM32F1/libraries/STM32CubeF1/STM32F1xx_HAL_Driver/Src/stm32f1xx_hal_rcc.o
HAL_GetTickFreq                                   build/debug_STM32F1/libraries/STM32CubeF1/STM32F1xx_HAL_Driver/Src/stm32f1xx_hal.o
HAL_GetTickPrio                                   build/debug_STM32F1/libraries/STM32CubeF1/STM32F1xx_HAL_Driver/Src/stm32f1xx_hal.o
HAL_GetUIDw0                                      build/debug_STM32F1/libraries/STM32CubeF1/STM32F1xx_HAL_Driver/Src/stm32f1xx_hal.o
HAL_GetUIDw1                                      build/debug_STM32F1/libraries/STM32CubeF1/STM32F1xx_HAL_Driver/Src/stm32f1xx_hal.o
HAL_GetUIDw2                                      build/debug_STM32F1/libraries/STM32CubeF1/STM32F1xx_HAL_Driver/Src/stm32f1xx_hal.o
HAL_IncTick                                       build/debug_STM32F1/libraries/STM32CubeF1/STM32F1xx_HAL_Driver/Src/stm32f1xx_hal.o
                                                  build/debug_STM32F1/hardware/source/STM32F1/source/stm32f1xx_it.o
HAL_Init                                          build/debug_STM32F1/libraries/STM32CubeF1/STM32F1xx_HAL_Driver/Src/stm32f1xx_hal.o
                                                  build/debug_STM32F1/hardware/source/STM32F1/source/STM32F1.o
HAL_InitTick                                      build/debug_STM32F1/libraries/STM32CubeF1/STM32F1xx_HAL_Driver/Src/stm32f1xx_hal.o
                                                  build/debug_STM32F1/libraries/STM32CubeF1/STM32F1xx_HAL_Driver/Src/stm32f1xx_hal_rcc.o
HAL_MspDeInit                                     build/debug_STM32F1/libraries/STM32CubeF1/STM32F1xx_HAL_Driver/Src/stm32f1xx_hal.o
HAL_MspInit                                       build/debug_STM32F1/hardware/source/STM32F1/source/stm32f1xx_hal_msp.o
HAL_NVIC_ClearPendingIRQ                          build/debug_STM32F1/libraries/STM32CubeF1/STM32F1xx_HAL_Driver/Src/stm32f1xx_hal_cortex.o
HAL_NVIC_DisableIRQ                               build/debug_STM32F1/libraries/STM32CubeF1/STM32F1xx_HAL_Driver/Src/stm32f1xx_hal_cortex.o
HAL_NVIC_EnableIRQ                                build/debug_STM32F1/libraries/STM32CubeF1/STM32F1xx_HAL_Driver/Src/stm32f1xx_hal_cortex.o
HAL_NVIC_GetActive                                build/debug_STM32F1/libraries/STM32CubeF1/STM32F1xx_HAL_Driver/Src/stm32f1xx_hal_cortex.o
HAL_NVIC_GetPendingIRQ                            build/debug_STM32F1/libraries/STM32CubeF1/STM32F1xx_HAL_Driver/Src/stm32f1xx_hal_cortex.o
HAL_NVIC_GetPriority                              build/debug_STM32F1/libraries/STM32CubeF1/STM32F1xx_HAL_Driver/Src/stm32f1xx_hal_cortex.o
HAL_NVIC_GetPriorityGrouping                      build/debug_STM32F1/libraries/STM32CubeF1/STM32F1xx_HAL_Driver/Src/stm32f1xx_hal_cortex.o
HAL_NVIC_SetPendingIRQ                            build/debug_STM32F1/libraries/STM32CubeF1/STM32F1xx_HAL_Driver/Src/stm32f1xx_hal_cortex.o
HAL_NVIC_SetPriority                              build/debug_STM32F1/libraries/STM32CubeF1/STM32F1xx_HAL_Driver/Src/stm32f1xx_hal_cortex.o
                                                  build/debug_STM32F1/libraries/STM32CubeF1/STM32F1xx_HAL_Driver/Src/stm32f1xx_hal.o
HAL_NVIC_SetPriorityGrouping                      build/debug_STM32F1/libraries/STM32CubeF1/STM32F1xx_HAL_Driver/Src/stm32f1xx_hal_cortex.o
                                                  build/debug_STM32F1/libraries/STM32CubeF1/STM32F1xx_HAL_Driver/Src/stm32f1xx_hal.o
HAL_NVIC_SystemReset                              build/debug_STM32F1/libraries/STM32CubeF1/STM32F1xx_HAL_Driver/Src/stm32f1xx_hal_cortex.o
                                                  build/debug_STM32F1/libraries/STM32CubeF1/STM32F1xx_HAL_Driver/Src/stm32f1xx_hal_flash.o
HAL_PWR_ConfigPVD                                 build/debug_STM32F1/libraries/STM32CubeF1/STM32F1xx_HAL_Driver/Src/stm32f1xx_hal_pwr.o
HAL_PWR_DeInit                                    build/debug_STM32F1/libraries/STM32CubeF1/STM32F1xx_HAL_Driver/Src/stm32f1xx_hal_pwr.o
HAL_PWR_DisableBkUpAccess                         build/debug_STM32F1/libraries/STM32CubeF1/STM32F1xx_HAL_Driver/Src/stm32f1xx_hal_pwr.o
HAL_PWR_DisablePVD                                build/debug_STM32F1/libraries/STM32CubeF1/STM32F1xx_HAL_Driver/Src/stm32f1xx_hal_pwr.o
HAL_PWR_DisableSEVOnPend                          build/debug_STM32F1/libraries/STM32CubeF1/STM32F1xx_HAL_Driver/Src/stm32f1xx_hal_pwr.o
HAL_PWR_DisableSleepOnExit                        build/debug_STM32F1/libraries/STM32CubeF1/STM32F1xx_HAL_Driver/Src/stm32f1xx_hal_pwr.o
HAL_PWR_DisableWakeUpPin                          build/debug_STM32F1/libraries/STM32CubeF1/STM32F1xx_HAL_Driver/Src/stm32f1xx_hal_pwr.o
HAL_PWR_EnableBkUpAccess                          build/debug_STM32F1/libraries/STM32CubeF1/STM32F1xx_HAL_Driver/Src/stm32f1xx_hal_pwr.o
HAL_PWR_EnablePVD                                 build/debug_STM32F1/libraries/STM32CubeF1/STM32F1xx_HAL_Driver/Src/stm32f1xx_hal_pwr.o
HAL_PWR_EnableSEVOnPend                           build/debug_STM32F1/libraries/STM32CubeF1/STM32F1xx_HAL_Driver/Src/stm32f1xx_hal_pwr.o
HAL_PWR_EnableSleepOnExit                         build/debug_STM32F1/libraries/STM32CubeF1/STM32F1xx_HAL_Driver/Src/stm32f1xx_hal_pwr.o
HAL_PWR_EnableWakeUpPin                           build/debug_STM32F1/libraries/STM32CubeF1/STM32F1xx_HAL_Driver/Src/stm32f1xx_hal_pwr.o
HAL_PWR_EnterSLEEPMode                            build/debug_STM32F1/libraries/STM32CubeF1/STM32F1xx_HAL_Driver/Src/stm32f1xx_hal_pwr.o
HAL_PWR_EnterSTANDBYMode                          build/debug_STM32F1/libraries/STM32CubeF1/STM32F1xx_HAL_Driver/Src/stm32f1xx_hal_pwr.o
HAL_PWR_EnterSTOPMode                             build/debug_STM32F1/libraries/STM32CubeF1/STM32F1xx_HAL_Driver/Src/stm32f1xx_hal_pwr.o
HAL_PWR_PVDCallback                               build/debug_STM32F1/libraries/STM32CubeF1/STM32F1xx_HAL_Driver/Src/stm32f1xx_hal_pwr.o
HAL_PWR_PVD_IRQHandler                            build/debug_STM32F1/libraries/STM32CubeF1/STM32F1xx_HAL_Driver/Src/stm32f1xx_hal_pwr.o
HAL_RCCEx_GetPeriphCLKConfig                      build/debug_STM32F1/libraries/STM32CubeF1/STM32F1xx_HAL_Driver/Src/stm32f1xx_hal_rcc_ex.o
HAL_RCCEx_GetPeriphCLKFreq                        build/debug_STM32F1/libraries/STM32CubeF1/STM32F1xx_HAL_Driver/Src/stm32f1xx_hal_rcc_ex.o
HAL_RCCEx_PeriphCLKConfig                         build/debug_STM32F1/libraries/STM32CubeF1/STM32F1xx_HAL_Driver/Src/stm32f1xx_hal_rcc_ex.o
HAL_RCC_CSSCallback                               build/debug_STM32F1/libraries/STM32CubeF1/STM32F1xx_HAL_Driver/Src/stm32f1xx_hal_rcc.o
HAL_RCC_ClockConfig                               build/debug_STM32F1/libraries/STM32CubeF1/STM32F1xx_HAL_Driver/Src/stm32f1xx_hal_rcc.o
                                                  build/debug_STM32F1/hardware/source/STM32F1/source/STM32F1.o
HAL_RCC_DeInit                                    build/debug_STM32F1/libraries/STM32CubeF1/STM32F1xx_HAL_Driver/Src/stm32f1xx_hal_rcc.o
HAL_RCC_DisableCSS                                build/debug_STM32F1/libraries/STM32CubeF1/STM32F1xx_HAL_Driver/Src/stm32f1xx_hal_rcc.o
HAL_RCC_EnableCSS                                 build/debug_STM32F1/libraries/STM32CubeF1/STM32F1xx_HAL_Driver/Src/stm32f1xx_hal_rcc.o
HAL_RCC_GetClockConfig                            build/debug_STM32F1/libraries/STM32CubeF1/STM32F1xx_HAL_Driver/Src/stm32f1xx_hal_rcc.o
HAL_RCC_GetHCLKFreq                               build/debug_STM32F1/libraries/STM32CubeF1/STM32F1xx_HAL_Driver/Src/stm32f1xx_hal_rcc.o
HAL_RCC_GetOscConfig                              build/debug_STM32F1/libraries/STM32CubeF1/STM32F1xx_HAL_Driver/Src/stm32f1xx_hal_rcc.o
HAL_RCC_GetPCLK1Freq                              build/debug_STM32F1/libraries/STM32CubeF1/STM32F1xx_HAL_Driver/Src/stm32f1xx_hal_rcc.o
HAL_RCC_GetPCLK2Freq                              build/debug_STM32F1/libraries/STM32CubeF1/STM32F1xx_HAL_Driver/Src/stm32f1xx_hal_rcc.o
                                                  build/debug_STM32F1/libraries/STM32CubeF1/STM32F1xx_HAL_Driver/Src/stm32f1xx_hal_rcc_ex.o
HAL_RCC_GetSysClockFreq                           build/debug_STM32F1/libraries/STM32CubeF1/STM32F1xx_HAL_Driver/Src/stm32f1xx_hal_rcc.o
HAL_RCC_MCOConfig                                 build/debug_STM32F1/libraries/STM32CubeF1/STM32F1xx_HAL_Driver/Src/stm32f1xx_hal_rcc.o
HAL_RCC_NMI_IRQHandler                            build/debug_STM32F1/libraries/STM32CubeF1/STM32F1xx_HAL_Driver/Src/stm32f1xx_hal_rcc.o
HAL_RCC_OscConfig                                 build/debug_STM32F1/libraries/STM32CubeF1/STM32F1xx_HAL_Driver/Src/stm32f1xx_hal_rcc.o
                                                  build/debug_STM32F1/hardware/source/STM32F1/source/STM32F1.o
HAL_ResumeTick                                    build/debug_STM32F1/libraries/STM32CubeF1/STM32F1xx_HAL_Driver/Src/stm32f1xx_hal.o
HAL_SYSTICK_CLKSourceConfig                       build/debug_STM32F1/libraries/STM32CubeF1/STM32F1xx_HAL_Driver/Src/stm32f1xx_hal_cortex.o
HAL_SYSTICK_Callback                              build/debug_STM32F1/libraries/STM32CubeF1/STM32F1xx_HAL_Driver/Src/stm32f1xx_hal_cortex.o
HAL_SYSTICK_Config                                build/debug_STM32F1/libraries/STM32CubeF1/STM32F1xx_HAL_Driver/Src/stm32f1xx_hal_cortex.o
                                                  build/debug_STM32F1/libraries/STM32CubeF1/STM32F1xx_HAL_Driver/Src/stm32f1xx_hal.o
HAL_SYSTICK_IRQHandler                            build/debug_STM32F1/libraries/STM32CubeF1/STM32F1xx_HAL_Driver/Src/stm32f1xx_hal_cortex.o
HAL_SetTickFreq                                   build/debug_STM32F1/libraries/STM32CubeF1/STM32F1xx_HAL_Driver/Src/stm32f1xx_hal.o
HAL_SuspendTick                                   build/debug_STM32F1/libraries/STM32CubeF1/STM32F1xx_HAL_Driver/Src/stm32f1xx_hal.o
HardFault_Handler                                 build/debug_STM32F1/hardware/source/STM32F1/source/stm32f1xx_it.o
I2C1_ER_IRQHandler                                build/debug_STM32F1/hardware/source/STM32F1/source/startup_stm32f103xb.o
I2C1_EV_IRQHandler                                build/debug_STM32F1/hardware/source/STM32F1/source/startup_stm32f103xb.o
I2C2_ER_IRQHandler                                build/debug_STM32F1/hardware/source/STM32F1/source/startup_stm32f103xb.o
I2C2_EV_IRQHandler                                build/debug_STM32F1/hardware/source/STM32F1/source/startup_stm32f103xb.o
MemManage_Handler                                 build/debug_STM32F1/hardware/source/STM32F1/source/stm32f1xx_it.o
NMI_Handler                                       build/debug_STM32F1/hardware/source/STM32F1/source/stm32f1xx_it.o
PVD_IRQHandler                                    build/debug_STM32F1/hardware/source/STM32F1/source/startup_stm32f103xb.o
PendSV_Handler                                    build/debug_STM32F1/hardware/source/STM32F1/source/stm32f1xx_it.o
RCC_IRQHandler                                    build/debug_STM32F1/hardware/source/STM32F1/source/startup_stm32f103xb.o
RTC_Alarm_IRQHandler                              build/debug_STM32F1/hardware/source/STM32F1/source/startup_stm32f103xb.o
RTC_IRQHandler                                    build/debug_STM32F1/hardware/source/STM32F1/source/startup_stm32f103xb.o
Reset_Handler                                     build/debug_STM32F1/hardware/source/STM32F1/source/startup_stm32f103xb.o
SPI1_IRQHandler                                   build/debug_STM32F1/hardware/source/STM32F1/source/startup_stm32f103xb.o
SPI2_IRQHandler                                   build/debug_STM32F1/hardware/source/STM32F1/source/startup_stm32f103xb.o
SVC_Handler                                       build/debug_STM32F1/hardware/source/STM32F1/source/stm32f1xx_it.o
SysTick_Handler                                   build/debug_STM32F1/hardware/source/STM32F1/source/stm32f1xx_it.o
SystemClock_Config                                build/debug_STM32F1/hardware/source/STM32F1/source/STM32F1.o
SystemCoreClock                                   build/debug_STM32F1/hardware/source/STM32F1/source/system_stm32f1xx.o
                                                  build/debug_STM32F1/libraries/STM32CubeF1/STM32F1xx_HAL_Driver/Src/stm32f1xx_hal_rcc.o
                                                  build/debug_STM32F1/libraries/STM32CubeF1/STM32F1xx_HAL_Driver/Src/stm32f1xx_hal.o
SystemCoreClockUpdate                             build/debug_STM32F1/hardware/source/STM32F1/source/system_stm32f1xx.o
SystemInit                                        build/debug_STM32F1/hardware/source/STM32F1/source/system_stm32f1xx.o
                                                  build/debug_STM32F1/hardware/source/STM32F1/source/startup_stm32f103xb.o
TAMPER_IRQHandler                                 build/debug_STM32F1/hardware/source/STM32F1/source/startup_stm32f103xb.o
TIM1_BRK_IRQHandler                               build/debug_STM32F1/hardware/source/STM32F1/source/startup_stm32f103xb.o
TIM1_CC_IRQHandler                                build/debug_STM32F1/hardware/source/STM32F1/source/startup_stm32f103xb.o
TIM1_TRG_COM_IRQHandler                           build/debug_STM32F1/hardware/source/STM32F1/source/startup_stm32f103xb.o
TIM1_UP_IRQHandler                                build/debug_STM32F1/hardware/source/STM32F1/source/startup_stm32f103xb.o
TIM2_IRQHandler                                   build/debug_STM32F1/hardware/source/STM32F1/source/startup_stm32f103xb.o
TIM3_IRQHandler                                   build/debug_STM32F1/hardware/source/STM32F1/source/startup_stm32f103xb.o
TIM4_IRQHandler                                   build/debug_STM32F1/hardware/source/STM32F1/source/startup_stm32f103xb.o
USART1_IRQHandler                                 build/debug_STM32F1/hardware/source/STM32F1/source/startup_stm32f103xb.o
USART2_IRQHandler                                 build/debug_STM32F1/hardware/source/STM32F1/source/startup_stm32f103xb.o
USART3_IRQHandler                                 build/debug_STM32F1/hardware/source/STM32F1/source/startup_stm32f103xb.o
USBWakeUp_IRQHandler                              build/debug_STM32F1/hardware/source/STM32F1/source/startup_stm32f103xb.o
USB_HP_CAN1_TX_IRQHandler                         build/debug_STM32F1/hardware/source/STM32F1/source/startup_stm32f103xb.o
USB_LP_CAN1_RX0_IRQHandler                        build/debug_STM32F1/hardware/source/STM32F1/source/startup_stm32f103xb.o
UsageFault_Handler                                build/debug_STM32F1/hardware/source/STM32F1/source/stm32f1xx_it.o
WWDG_IRQHandler                                   build/debug_STM32F1/hardware/source/STM32F1/source/startup_stm32f103xb.o
_ITM_deregisterTMCloneTable                       /usr/lib/gcc/arm-none-eabi/6.3.1/thumb/v7-m/crtbegin.o
_ITM_registerTMCloneTable                         /usr/lib/gcc/arm-none-eabi/6.3.1/thumb/v7-m/crtbegin.o
_Jv_RegisterClasses                               /usr/lib/gcc/arm-none-eabi/6.3.1/thumb/v7-m/crtbegin.o
__TMC_END__                                       /usr/lib/gcc/arm-none-eabi/6.3.1/thumb/v7-m/crtend.o
                                                  /usr/lib/gcc/arm-none-eabi/6.3.1/thumb/v7-m/crtbegin.o
__atexit_dummy                                    /usr/lib/gcc/arm-none-eabi/6.3.1/../../../arm-none-eabi/lib/thumb/v7-m/libc_nano.a(lib_a-__atexit.o)
__bss_end__                                       /usr/lib/gcc/arm-none-eabi/6.3.1/../../../arm-none-eabi/lib/thumb/v7-m/crt0.o
__bss_start__                                     /usr/lib/gcc/arm-none-eabi/6.3.1/../../../arm-none-eabi/lib/thumb/v7-m/crt0.o
__call_exitprocs                                  /usr/lib/gcc/arm-none-eabi/6.3.1/../../../arm-none-eabi/lib/thumb/v7-m/libc_nano.a(lib_a-__call_atexit.o)
                                                  /usr/lib/gcc/arm-none-eabi/6.3.1/../../../arm-none-eabi/lib/thumb/v7-m/libc_nano.a(lib_a-__atexit.o)
                                                  /usr/lib/gcc/arm-none-eabi/6.3.1/../../../arm-none-eabi/lib/thumb/v7-m/libc_nano.a(lib_a-exit.o)
__deregister_frame_info                           /usr/lib/gcc/arm-none-eabi/6.3.1/thumb/v7-m/crtbegin.o
__dso_handle                                      /usr/lib/gcc/arm-none-eabi/6.3.1/thumb/v7-m/crtbegin.o
__fini_array_end                                  /usr/lib/gcc/arm-none-eabi/6.3.1/../../../arm-none-eabi/lib/thumb/v7-m/libc_nano.a(lib_a-fini.o)
__fini_array_start                                /usr/lib/gcc/arm-none-eabi/6.3.1/../../../arm-none-eabi/lib/thumb/v7-m/libc_nano.a(lib_a-fini.o)
__init_array_end                                  /usr/lib/gcc/arm-none-eabi/6.3.1/../../../arm-none-eabi/lib/thumb/v7-m/libc_nano.a(lib_a-init.o)
__init_array_start                                /usr/lib/gcc/arm-none-eabi/6.3.1/../../../arm-none-eabi/lib/thumb/v7-m/libc_nano.a(lib_a-init.o)
__libc_fini_array                                 /usr/lib/gcc/arm-none-eabi/6.3.1/../../../arm-none-eabi/lib/thumb/v7-m/libc_nano.a(lib_a-fini.o)
                                                  /usr/lib/gcc/arm-none-eabi/6.3.1/../../../arm-none-eabi/lib/thumb/v7-m/crt0.o
__libc_init_array                                 /usr/lib/gcc/arm-none-eabi/6.3.1/../../../arm-none-eabi/lib/thumb/v7-m/libc_nano.a(lib_a-init.o)
                                                  build/debug_STM32F1/hardware/source/STM32F1/source/startup_stm32f103xb.o
                                                  /usr/lib/gcc/arm-none-eabi/6.3.1/../../../arm-none-eabi/lib/thumb/v7-m/crt0.o
__on_exit_args                                    /usr/lib/gcc/arm-none-eabi/6.3.1/../../../arm-none-eabi/lib/thumb/v7-m/libc_nano.a(lib_a-__atexit.o)
__preinit_array_end                               /usr/lib/gcc/arm-none-eabi/6.3.1/../../../arm-none-eabi/lib/thumb/v7-m/libc_nano.a(lib_a-init.o)
__preinit_array_start                             /usr/lib/gcc/arm-none-eabi/6.3.1/../../../arm-none-eabi/lib/thumb/v7-m/libc_nano.a(lib_a-init.o)
__register_exitproc                               /usr/lib/gcc/arm-none-eabi/6.3.1/../../../arm-none-eabi/lib/thumb/v7-m/libc_nano.a(lib_a-__atexit.o)
                                                  /usr/lib/gcc/arm-none-eabi/6.3.1/../../../arm-none-eabi/lib/thumb/v7-m/libc_nano.a(lib_a-atexit.o)
__register_frame_info                             /usr/lib/gcc/arm-none-eabi/6.3.1/thumb/v7-m/crtbegin.o
__sf_fake_stderr                                  /usr/lib/gcc/arm-none-eabi/6.3.1/../../../arm-none-eabi/lib/thumb/v7-m/libc_nano.a(lib_a-impure.o)
__sf_fake_stdin                                   /usr/lib/gcc/arm-none-eabi/6.3.1/../../../arm-none-eabi/lib/thumb/v7-m/libc_nano.a(lib_a-impure.o)
__sf_fake_stdout                                  /usr/lib/gcc/arm-none-eabi/6.3.1/../../../arm-none-eabi/lib/thumb/v7-m/libc_nano.a(lib_a-impure.o)
__stack                                           /usr/lib/gcc/arm-none-eabi/6.3.1/../../../arm-none-eabi/lib/thumb/v7-m/crt0.o
_ebss                                             build/debug_STM32F1/hardware/source/STM32F1/source/startup_stm32f103xb.o
_edata                                            build/debug_STM32F1/hardware/source/STM32F1/source/startup_stm32f103xb.o
_estack                                           build/debug_STM32F1/hardware/source/STM32F1/source/startup_stm32f103xb.o
_exit                                             /usr/lib/gcc/arm-none-eabi/6.3.1/../../../arm-none-eabi/lib/thumb/v7-m/libnosys.a(_exit.o)
                                                  /usr/lib/gcc/arm-none-eabi/6.3.1/../../../arm-none-eabi/lib/thumb/v7-m/libc_nano.a(lib_a-exit.o)
_fini                                             /usr/lib/gcc/arm-none-eabi/6.3.1/thumb/v7-m/crti.o
                                                  /usr/lib/gcc/arm-none-eabi/6.3.1/../../../arm-none-eabi/lib/thumb/v7-m/libc_nano.a(lib_a-fini.o)
_global_atexit                                    /usr/lib/gcc/arm-none-eabi/6.3.1/../../../arm-none-eabi/lib/thumb/v7-m/libc_nano.a(lib_a-__call_atexit.o)
                                                  /usr/lib/gcc/arm-none-eabi/6.3.1/../../../arm-none-eabi/lib/thumb/v7-m/libc_nano.a(lib_a-__atexit.o)
_global_impure_ptr                                /usr/lib/gcc/arm-none-eabi/6.3.1/../../../arm-none-eabi/lib/thumb/v7-m/libc_nano.a(lib_a-impure.o)
                                                  /usr/lib/gcc/arm-none-eabi/6.3.1/../../../arm-none-eabi/lib/thumb/v7-m/libc_nano.a(lib_a-exit.o)
_impure_ptr                                       /usr/lib/gcc/arm-none-eabi/6.3.1/../../../arm-none-eabi/lib/thumb/v7-m/libc_nano.a(lib_a-impure.o)
_init                                             /usr/lib/gcc/arm-none-eabi/6.3.1/thumb/v7-m/crti.o
                                                  /usr/lib/gcc/arm-none-eabi/6.3.1/../../../arm-none-eabi/lib/thumb/v7-m/libc_nano.a(lib_a-init.o)
_mainCRTStartup                                   /usr/lib/gcc/arm-none-eabi/6.3.1/../../../arm-none-eabi/lib/thumb/v7-m/crt0.o
_sbss                                             build/debug_STM32F1/hardware/source/STM32F1/source/startup_stm32f103xb.o
_sdata                                            build/debug_STM32F1/hardware/source/STM32F1/source/startup_stm32f103xb.o
_sidata                                           build/debug_STM32F1/hardware/source/STM32F1/source/startup_stm32f103xb.o
_start                                            /usr/lib/gcc/arm-none-eabi/6.3.1/../../../arm-none-eabi/lib/thumb/v7-m/crt0.o
atexit                                            /usr/lib/gcc/arm-none-eabi/6.3.1/../../../arm-none-eabi/lib/thumb/v7-m/libc_nano.a(lib_a-atexit.o)
                                                  /usr/lib/gcc/arm-none-eabi/6.3.1/../../../arm-none-eabi/lib/thumb/v7-m/crt0.o
delay_ms                                          build/debug_STM32F1/hardware/source/STM32F1/source/STM32F1.o
delay_sec                                         build/debug_STM32F1/hardware/source/STM32F1/source/STM32F1.o
                                                  build/debug_STM32F1/source/main.o
exit                                              /usr/lib/gcc/arm-none-eabi/6.3.1/../../../arm-none-eabi/lib/thumb/v7-m/libc_nano.a(lib_a-exit.o)
                                                  /usr/lib/gcc/arm-none-eabi/6.3.1/../../../arm-none-eabi/lib/thumb/v7-m/crt0.o
free                                              /usr/lib/gcc/arm-none-eabi/6.3.1/../../../arm-none-eabi/lib/thumb/v7-m/libc_nano.a(lib_a-__call_atexit.o)
g_pfnVectors                                      build/debug_STM32F1/hardware/source/STM32F1/source/startup_stm32f103xb.o
hardware_init_hook                                /usr/lib/gcc/arm-none-eabi/6.3.1/../../../arm-none-eabi/lib/thumb/v7-m/crt0.o
initHardware                                      build/debug_STM32F1/hardware/source/STM32F1/source/STM32F1.o
                                                  build/debug_STM32F1/source/main.o
ledToggle                                         build/debug_STM32F1/hardware/source/STM32F1/source/STM32F1.o
                                                  build/debug_STM32F1/source/main.o
main                                              build/debug_STM32F1/source/main.o
                                                  build/debug_STM32F1/hardware/source/STM32F1/source/startup_stm32f103xb.o
                                                  /usr/lib/gcc/arm-none-eabi/6.3.1/../../../arm-none-eabi/lib/thumb/v7-m/crt0.o
malloc                                            /usr/lib/gcc/arm-none-eabi/6.3.1/../../../arm-none-eabi/lib/thumb/v7-m/libc_nano.a(lib_a-__atexit.o)
memset                                            /usr/lib/gcc/arm-none-eabi/6.3.1/../../../arm-none-eabi/lib/thumb/v7-m/libc_nano.a(lib_a-memset.o)
                                                  build/debug_STM32F1/hardware/source/STM32F1/source/STM32F1.o
                                                  /usr/lib/gcc/arm-none-eabi/6.3.1/../../../arm-none-eabi/lib/thumb/v7-m/crt0.o
pFlash                                            build/debug_STM32F1/libraries/STM32CubeF1/STM32F1xx_HAL_Driver/Src/stm32f1xx_hal_flash.o
                                                  build/debug_STM32F1/libraries/STM32CubeF1/STM32F1xx_HAL_Driver/Src/stm32f1xx_hal_flash_ex.o
software_init_hook                                /usr/lib/gcc/arm-none-eabi/6.3.1/../../../arm-none-eabi/lib/thumb/v7-m/crt0.o
uwTick                                            build/debug_STM32F1/libraries/STM32CubeF1/STM32F1xx_HAL_Driver/Src/stm32f1xx_hal.o
uwTickFreq                                        build/debug_STM32F1/libraries/STM32CubeF1/STM32F1xx_HAL_Driver/Src/stm32f1xx_hal.o
uwTickPrio                                        build/debug_STM32F1/libraries/STM32CubeF1/STM32F1xx_HAL_Driver/Src/stm32f1xx_hal.o
                                                  build/debug_STM32F1/libraries/STM32CubeF1/STM32F1xx_HAL_Driver/Src/stm32f1xx_hal_rcc.o
